../source/main.c:116:6:ADC0_init	8	static
../source/main.c:127:6:initButtons	8	static
../source/main.c:147:6:PORTA_IRQHandler	16	static
../source/main.c:173:5:main	32	static
../source/main.c:242:6:taskTemperature	32	static
../source/main.c:286:6:taskHumidity	32	static
../source/main.c:299:6:taskLcd	64	static
../source/main.c:336:6:taskMenu	16	static
../source/main.c:344:6:sysStartupScreen	8	static
../source/main.c:353:6:sysComponentsInit	8	static
../source/main.c:360:6:sysLcdInit	48	static
../source/main.c:403:6:sysAdcInit	8	static
../source/main.c:417:6:taskControlLed	16	static
../source/main.c:424:6:sysPwmInit	8	static
