Archive member included to satisfy reference by file (symbol)

/usr/local/mcuxpressoide-11.5.1_7266/ide/plugins/com.nxp.mcuxpresso.tools.linux_11.5.1.202201181444/tools/bin/../lib/gcc/arm-none-eabi/10.3.1/../../../../arm-none-eabi/lib/thumb/v6-m/nofp/libcr_semihost_nf.a(_cr__main.o)
                              ./startup/startup_mkl46z4.o (__main)
/usr/local/mcuxpressoide-11.5.1_7266/ide/plugins/com.nxp.mcuxpresso.tools.linux_11.5.1.202201181444/tools/bin/../lib/gcc/arm-none-eabi/10.3.1/../../../../arm-none-eabi/lib/thumb/v6-m/nofp/libcr_semihost_nf.a(_cr_assert.o)
                              ./utilities/fsl_debug_console.o (__assertion_failed)
/usr/local/mcuxpressoide-11.5.1_7266/ide/plugins/com.nxp.mcuxpresso.tools.linux_11.5.1.202201181444/tools/bin/../lib/gcc/arm-none-eabi/10.3.1/../../../../arm-none-eabi/lib/thumb/v6-m/nofp/libcr_semihost_nf.a(__ciob.o)
                              /usr/local/mcuxpressoide-11.5.1_7266/ide/plugins/com.nxp.mcuxpresso.tools.linux_11.5.1.202201181444/tools/bin/../lib/gcc/arm-none-eabi/10.3.1/../../../../arm-none-eabi/lib/thumb/v6-m/nofp/libcr_semihost_nf.a(_cr_assert.o) (__Ciob)
/usr/local/mcuxpressoide-11.5.1_7266/ide/plugins/com.nxp.mcuxpresso.tools.linux_11.5.1.202201181444/tools/bin/../lib/gcc/arm-none-eabi/10.3.1/../../../../arm-none-eabi/lib/thumb/v6-m/nofp/libcr_semihost_nf.a(__sys_appexit.o)
                              /usr/local/mcuxpressoide-11.5.1_7266/ide/plugins/com.nxp.mcuxpresso.tools.linux_11.5.1.202201181444/tools/bin/../lib/gcc/arm-none-eabi/10.3.1/../../../../arm-none-eabi/lib/thumb/v6-m/nofp/libcr_semihost_nf.a(_cr_assert.o) (__sys_appexit)
/usr/local/mcuxpressoide-11.5.1_7266/ide/plugins/com.nxp.mcuxpresso.tools.linux_11.5.1.202201181444/tools/bin/../lib/gcc/arm-none-eabi/10.3.1/../../../../arm-none-eabi/lib/thumb/v6-m/nofp/libcr_c.a(memcpy.o)
                              ./drivers/fsl_ftfx_cache.o (memcpy)
/usr/local/mcuxpressoide-11.5.1_7266/ide/plugins/com.nxp.mcuxpresso.tools.linux_11.5.1.202201181444/tools/bin/../lib/gcc/arm-none-eabi/10.3.1/../../../../arm-none-eabi/lib/thumb/v6-m/nofp/libcr_c.a(memset.o)
                              ./drivers/fsl_ftfx_cache.o (memset)
/usr/local/mcuxpressoide-11.5.1_7266/ide/plugins/com.nxp.mcuxpresso.tools.linux_11.5.1.202201181444/tools/bin/../lib/gcc/arm-none-eabi/10.3.1/../../../../arm-none-eabi/lib/thumb/v6-m/nofp/libcr_c.a(_deferredlazyseek.o)
                              /usr/local/mcuxpressoide-11.5.1_7266/ide/plugins/com.nxp.mcuxpresso.tools.linux_11.5.1.202201181444/tools/bin/../lib/gcc/arm-none-eabi/10.3.1/../../../../arm-none-eabi/lib/thumb/v6-m/nofp/libcr_semihost_nf.a(_cr_assert.o) (__flsbuf)
/usr/local/mcuxpressoide-11.5.1_7266/ide/plugins/com.nxp.mcuxpresso.tools.linux_11.5.1.202201181444/tools/bin/../lib/gcc/arm-none-eabi/10.3.1/../../../../arm-none-eabi/lib/thumb/v6-m/nofp/libcr_c.a(_fflush.o)
                              /usr/local/mcuxpressoide-11.5.1_7266/ide/plugins/com.nxp.mcuxpresso.tools.linux_11.5.1.202201181444/tools/bin/../lib/gcc/arm-none-eabi/10.3.1/../../../../arm-none-eabi/lib/thumb/v6-m/nofp/libcr_c.a(_deferredlazyseek.o) (_fflush)
/usr/local/mcuxpressoide-11.5.1_7266/ide/plugins/com.nxp.mcuxpresso.tools.linux_11.5.1.202201181444/tools/bin/../lib/gcc/arm-none-eabi/10.3.1/../../../../arm-none-eabi/lib/thumb/v6-m/nofp/libcr_c.a(_writebuf.o)
                              /usr/local/mcuxpressoide-11.5.1_7266/ide/plugins/com.nxp.mcuxpresso.tools.linux_11.5.1.202201181444/tools/bin/../lib/gcc/arm-none-eabi/10.3.1/../../../../arm-none-eabi/lib/thumb/v6-m/nofp/libcr_c.a(_deferredlazyseek.o) (_Cwritebuf)
/usr/local/mcuxpressoide-11.5.1_7266/ide/plugins/com.nxp.mcuxpresso.tools.linux_11.5.1.202201181444/tools/bin/../lib/gcc/arm-none-eabi/10.3.1/../../../../arm-none-eabi/lib/thumb/v6-m/nofp/libcr_c.a(alloc.o)
                              ./drivers/fsl_common.o (malloc)
/usr/local/mcuxpressoide-11.5.1_7266/ide/plugins/com.nxp.mcuxpresso.tools.linux_11.5.1.202201181444/tools/bin/../lib/gcc/arm-none-eabi/10.3.1/../../../../arm-none-eabi/lib/thumb/v6-m/nofp/libcr_c.a(fputs.o)
                              /usr/local/mcuxpressoide-11.5.1_7266/ide/plugins/com.nxp.mcuxpresso.tools.linux_11.5.1.202201181444/tools/bin/../lib/gcc/arm-none-eabi/10.3.1/../../../../arm-none-eabi/lib/thumb/v6-m/nofp/libcr_semihost_nf.a(_cr_assert.o) (fputs)
/usr/local/mcuxpressoide-11.5.1_7266/ide/plugins/com.nxp.mcuxpresso.tools.linux_11.5.1.202201181444/tools/bin/../lib/gcc/arm-none-eabi/10.3.1/../../../../arm-none-eabi/lib/thumb/v6-m/nofp/libcr_c.a(fseek.o)
                              /usr/local/mcuxpressoide-11.5.1_7266/ide/plugins/com.nxp.mcuxpresso.tools.linux_11.5.1.202201181444/tools/bin/../lib/gcc/arm-none-eabi/10.3.1/../../../../arm-none-eabi/lib/thumb/v6-m/nofp/libcr_c.a(_deferredlazyseek.o) (fseek)
[...]
Memory Configuration

Name             Origin             Length             Attributes
PROGRAM_FLASH    0x0000000000000000 0x0000000000040000 xr
SRAM             0x000000001fffe000 0x0000000000008000 xrw
*default*        0x0000000000000000 0xffffffffffffffff

Linker script and memory map

LOAD ./utilities/fsl_debug_console.o
LOAD ./utilities/fsl_io.o
LOAD ./utilities/fsl_log.o
LOAD ./utilities/fsl_str.o
LOAD ./startup/startup_mkl46z4.o
LOAD ./source/kl46z/adc.o
LOAD ./source/kl46z/delay.o
LOAD ./source/kl46z/drivers.o
LOAD ./source/kl46z/gpio.o
LOAD ./source/kl46z/lcd.o
LOAD ./source/kl46z/port.o
LOAD ./source/main.o
LOAD ./source/mtb.o
LOAD ./source/semihost_hardfault.o
LOAD ./freertos/portable/fsl_tickless_systick.o
LOAD ./drivers/fsl_adc16.o
LOAD ./drivers/fsl_clock.o
LOAD ./drivers/fsl_common.o
LOAD ./drivers/fsl_ftfx_cache.o
LOAD ./drivers/fsl_ftfx_controller.o
LOAD ./drivers/fsl_ftfx_flash.o
LOAD ./drivers/fsl_ftfx_flexnvm.o
LOAD ./drivers/fsl_gpio.o
LOAD ./drivers/fsl_i2c.o
LOAD ./drivers/fsl_lpsci.o
LOAD ./drivers/fsl_rtc.o
LOAD ./drivers/fsl_sim.o
LOAD ./drivers/fsl_smc.o
LOAD ./drivers/fsl_tpm.o
LOAD ./drivers/fsl_uart.o
LOAD ./board/board.o
LOAD ./board/clock_config.o
LOAD ./board/peripherals.o
LOAD ./board/pin_mux.o
LOAD ./amazon-freertos/portable/heap_4.o
LOAD ./amazon-freertos/FreeRTOS/portable/port.o
LOAD ./amazon-freertos/FreeRTOS/event_groups.o
LOAD ./amazon-freertos/FreeRTOS/list.o
LOAD ./amazon-freertos/FreeRTOS/queue.o
LOAD ./amazon-freertos/FreeRTOS/stream_buffer.o
LOAD ./amazon-freertos/FreeRTOS/tasks.o
LOAD ./amazon-freertos/FreeRTOS/timers.o
LOAD ./CMSIS/system_MKL46Z4.o
START GROUP
LOAD /usr/local/mcuxpressoide-11.5.1_7266/ide/plugins/com.nxp.mcuxpresso.tools.linux_11.5.1.202201181444/tools/bin/../lib/gcc/arm-none-eabi/10.3.1/../../../../arm-none-eabi/lib/thumb/v6-m/nofp/libcr_semihost_nf.a
LOAD /usr/local/mcuxpressoide-11.5.1_7266/ide/plugins/com.nxp.mcuxpresso.tools.linux_11.5.1.202201181444/tools/bin/../lib/gcc/arm-none-eabi/10.3.1/../../../../arm-none-eabi/lib/thumb/v6-m/nofp/libcr_c.a
LOAD /usr/local/mcuxpressoide-11.5.1_7266/ide/plugins/com.nxp.mcuxpresso.tools.linux_11.5.1.202201181444/tools/bin/../lib/gcc/arm-none-eabi/10.3.1/thumb/v6-m/nofp/libcr_eabihelpers.a
LOAD /usr/local/mcuxpressoide-11.5.1_7266/ide/plugins/com.nxp.mcuxpresso.tools.linux_11.5.1.202201181444/tools/bin/../lib/gcc/arm-none-eabi/10.3.1/thumb/v6-m/nofp/libgcc.a
END GROUP
                0x0000000000000000                __base_PROGRAM_FLASH = 0x0
                0x0000000000000000                __base_Flash = 0x0
                0x0000000000040000                __top_PROGRAM_FLASH = 0x40000
                0x0000000000040000                __top_Flash = 0x40000
                0x000000001fffe000                __base_SRAM = 0x1fffe000
                0x000000001fffe000                __base_RAM = 0x1fffe000
                0x0000000020006000                __top_SRAM = 0x20006000
                0x0000000020006000                __top_RAM = 0x20006000

.text           0x0000000000000000     0x5ce4
 FILL mask 0xff
                0x0000000000000000                __vectors_start__ = ABSOLUTE (.)
 *(SORT_BY_ALIGNMENT(.isr_vector))
 .isr_vector    0x0000000000000000       0xc0 ./startup/startup_mkl46z4.o
                0x0000000000000000                __Vectors
                0x0000000000000000                g_pfnVectors
                0x00000000000000c0                . = ALIGN (0x4)
                0x00000000000000c0                __section_table_start = .
                0x00000000000000c0                __data_section_table = .
                0x00000000000000c0        0x4 LONG 0x5ce4 LOADADDR (.data)
                0x00000000000000c4        0x4 LONG 0x1fffe080 ADDR (.data)
                0x00000000000000c8        0x4 LONG 0x30 SIZEOF (.data)
                0x00000000000000cc                __data_section_table_end = .
                0x00000000000000cc                __bss_section_table = .
                0x00000000000000cc        0x4 LONG 0x1fffe0b0 ADDR (.bss)
                0x00000000000000d0        0x4 LONG 0x2ac0 SIZEOF (.bss)
                0x00000000000000d4                __bss_section_table_end = .
                0x00000000000000d4                __section_table_end = .
 *(SORT_BY_ALIGNMENT(.after_vectors*))
 .after_vectors.reset
                0x00000000000000d4       0x4c ./startup/startup_mkl46z4.o
                0x00000000000000d4                ResetISR
 .after_vectors.init_data
                0x0000000000000120       0x12 ./startup/startup_mkl46z4.o
                0x0000000000000120                data_init
 .after_vectors.init_bss
                0x0000000000000132       0x10 ./startup/startup_mkl46z4.o
                0x0000000000000132                bss_init
 .after_vectors
                0x0000000000000142      0x10c ./startup/startup_mkl46z4.o
                0x0000000000000142                NMI_Handler
                0x000000000000014c                PIT_DriverIRQHandler
                0x000000000000014c                DMA0_DriverIRQHandler
                0x000000000000014c                SPI1_DriverIRQHandler
                0x000000000000014c                LPTMR0_DriverIRQHandler
                0x000000000000014c                PORTC_PORTD_DriverIRQHandler
                0x000000000000014c                I2S0_DriverIRQHandler
                0x000000000000014c                TPM2_DriverIRQHandler
                0x000000000000014c                TSI0_DriverIRQHandler
                0x000000000000014c                RTC_Seconds_DriverIRQHandler
                0x000000000000014c                LLWU_DriverIRQHandler
                0x000000000000014c                MCG_DriverIRQHandler
                0x000000000000014c                FTFA_DriverIRQHandler
                0x000000000000014c                IntDefaultHandler
                0x000000000000014c                USB0_DriverIRQHandler
                0x000000000000014c                DAC0_DriverIRQHandler
                0x000000000000014c                LVD_LVW_DriverIRQHandler
                0x000000000000014c                TPM0_DriverIRQHandler
                0x000000000000014c                Reserved20_DriverIRQHandler
                0x000000000000014c                DMA3_DriverIRQHandler
                0x000000000000014c                PORTA_DriverIRQHandler
                0x000000000000014c                TPM1_DriverIRQHandler
                0x000000000000014c                RTC_DriverIRQHandler
                0x000000000000014c                LCD_DriverIRQHandler
                0x000000000000014c                DMA1_DriverIRQHandler
                0x000000000000014c                SPI0_DriverIRQHandler
                0x000000000000014c                ADC0_DriverIRQHandler
                0x000000000000014c                CMP0_DriverIRQHandler
                0x000000000000014c                DMA2_DriverIRQHandler
                0x000000000000014e                DMA0_IRQHandler
                0x0000000000000156                DMA1_IRQHandler
                0x000000000000015e                DMA2_IRQHandler
                0x0000000000000166                DMA3_IRQHandler
                0x000000000000016e                Reserved20_IRQHandler
                0x0000000000000176                FTFA_IRQHandler
                0x000000000000017e                LVD_LVW_IRQHandler
                0x0000000000000186                LLWU_IRQHandler
                0x000000000000018e                I2C0_IRQHandler
                0x0000000000000196                I2C1_IRQHandler
                0x000000000000019e                SPI0_IRQHandler
                0x00000000000001a6                SPI1_IRQHandler
                0x00000000000001ae                UART0_IRQHandler
                0x00000000000001b6                UART1_IRQHandler
                0x00000000000001be                UART2_IRQHandler
                0x00000000000001c6                ADC0_IRQHandler
                0x00000000000001ce                CMP0_IRQHandler
                0x00000000000001d6                TPM0_IRQHandler
                0x00000000000001de                TPM1_IRQHandler
                0x00000000000001e6                TPM2_IRQHandler
                0x00000000000001ee                RTC_IRQHandler
                0x00000000000001f6                RTC_Seconds_IRQHandler
                0x00000000000001fe                PIT_IRQHandler
                0x0000000000000206                I2S0_IRQHandler
                0x000000000000020e                USB0_IRQHandler
                0x0000000000000216                DAC0_IRQHandler
                0x000000000000021e                TSI0_IRQHandler
                0x0000000000000226                MCG_IRQHandler
                0x000000000000022e                LPTMR0_IRQHandler
                0x0000000000000236                LCD_IRQHandler
                0x0000000000000246                PORTC_PORTD_IRQHandler
                0x0000000000000400                . = 0x400
 *fill*         0x000000000000024e      0x1b2 ff
                0x0000000000000400                PROVIDE (__FLASH_CONFIG_START__ = .)
 *(SORT_BY_ALIGNMENT(.FlashConfig))
 .FlashConfig   0x0000000000000400       0x10 ./startup/startup_mkl46z4.o
                0x0000000000000400                Flash_Config
                0x0000000000000410                PROVIDE (__FLASH_CONFIG_END__ = .)
                0x0000000000000001                ASSERT (! ((__FLASH_CONFIG_START__ == __FLASH_CONFIG_END__)), Linker Flash Config Support Enabled, but no .FlashConfig section provided within application)
 *(SORT_BY_ALIGNMENT(.text*))
 .text.vPortStartFirstTask
                0x0000000000000410       0x38 ./amazon-freertos/FreeRTOS/portable/port.o
 *fill*         0x0000000000000448        0x8 ff
 .text.PendSV_Handler
                0x0000000000000450       0x48 ./amazon-freertos/FreeRTOS/portable/port.o
                0x0000000000000450                PendSV_Handler
 .text.adcReadInput
                0x0000000000000498       0x30 ./source/kl46z/adc.o
                0x0000000000000498                adcReadInput
 .text.adcInitModule
                0x00000000000004c8       0xa0 ./source/kl46z/adc.o
                0x00000000000004c8                adcInitModule
 .text.adcCalibration
                0x0000000000000568       0xe4 ./source/kl46z/adc.o
                0x0000000000000568                adcCalibration
 .text.delay_ms
                0x000000000000064c       0x40 ./source/kl46z/delay.o
                0x000000000000064c                delay_ms
 .text.gpioPinInit
                0x000000000000068c       0x90 ./source/kl46z/gpio.o
                0x000000000000068c                gpioPinInit
 .text.gpioPinWrite
                0x000000000000071c       0x7c ./source/kl46z/gpio.o
                0x000000000000071c                gpioPinWrite
 .text.portInitPort
                0x0000000000000798       0x50 ./source/kl46z/port.o
                0x0000000000000798                portInitPort
 .text.portSetPinMux
                0x00000000000007e8       0xb4 ./source/kl46z/port.o
                0x00000000000007e8                portSetPinMux
 .text.portConfigInterrupt
                0x000000000000089c       0xb8 ./source/kl46z/port.o
                0x000000000000089c                portConfigInterrupt
 .text.portGetPinPort
                0x0000000000000954       0x38 ./source/kl46z/port.o
                0x0000000000000954                portGetPinPort
 .text.PORTA_IRQHandler
                0x000000000000098c       0x8c ./source/main.o
                0x000000000000098c                PORTA_IRQHandler
 .text.main     0x0000000000000a18       0xbc ./source/main.o
                0x0000000000000a18                main
 .text.taskTemperature
                0x0000000000000ad4       0xac ./source/main.o
                0x0000000000000ad4                taskTemperature
 .text.taskHumidity
                0x0000000000000b80       0x84 ./source/main.o
                0x0000000000000b80                taskHumidity
 .text.taskLcd  0x0000000000000c04      0x130 ./source/main.o
                0x0000000000000c04                taskLcd
 .text.taskControlLed
                0x0000000000000d34       0x90 ./source/main.o
                0x0000000000000d34                taskControlLed
 .text.sysStartupScreen
                0x0000000000000dc4       0x58 ./source/main.o
                0x0000000000000dc4                sysStartupScreen
 .text.sysButtonsInit
                0x0000000000000e1c       0x54 ./source/main.o
                0x0000000000000e1c                sysButtonsInit
 .text.sysRelayInit
                0x0000000000000e70       0x24 ./source/main.o
                0x0000000000000e70                sysRelayInit
 .text.sysLcdInit
                0x0000000000000e94       0xf0 ./source/main.o
                0x0000000000000e94                sysLcdInit
 .text.sysAdcInit
                0x0000000000000f84       0x68 ./source/main.o
                0x0000000000000f84                sysAdcInit
 .text.sysPwmInit
                0x0000000000000fec      0x100 ./source/main.o
                0x0000000000000fec                sysPwmInit
 .text.HardFault_Handler
                0x00000000000010ec       0x30 ./source/semihost_hardfault.o
                0x00000000000010ec                HardFault_Handler
 .text.prvSetupTimerInterrupt
                0x000000000000111c       0x3c ./freertos/portable/fsl_tickless_systick.o
                0x000000000000111c                prvSetupTimerInterrupt
 .text.I2C_TransferCommonIRQHandler
                0x0000000000001158       0x58 ./drivers/fsl_i2c.o
 .text.I2C0_DriverIRQHandler
                0x00000000000011b0       0x20 ./drivers/fsl_i2c.o
                0x00000000000011b0                I2C0_DriverIRQHandler
 .text.I2C1_DriverIRQHandler
                0x00000000000011d0       0x20 ./drivers/fsl_i2c.o
                0x00000000000011d0                I2C1_DriverIRQHandler
 .text.UART0_DriverIRQHandler
                0x00000000000011f0       0x24 ./drivers/fsl_lpsci.o
                0x00000000000011f0                UART0_DriverIRQHandler
 .text.UART1_DriverIRQHandler
                0x0000000000001214       0x24 ./drivers/fsl_uart.o
                0x0000000000001214                UART1_DriverIRQHandler
 .text.UART2_DriverIRQHandler
                0x0000000000001238       0x24 ./drivers/fsl_uart.o
                0x0000000000001238                UART2_DriverIRQHandler
 .text.pvPortMalloc
                0x000000000000125c      0x14c ./amazon-freertos/portable/heap_4.o
                0x000000000000125c                pvPortMalloc
 .text.vPortFree
                0x00000000000013a8       0x90 ./amazon-freertos/portable/heap_4.o
                0x00000000000013a8                vPortFree
 .text.prvHeapInit
                0x0000000000001438       0xc0 ./amazon-freertos/portable/heap_4.o
 .text.prvInsertBlockIntoFreeList
                0x00000000000014f8       0xb0 ./amazon-freertos/portable/heap_4.o
 .text.pxPortInitialiseStack
                0x00000000000015a8       0x54 ./amazon-freertos/FreeRTOS/portable/port.o
                0x00000000000015a8                pxPortInitialiseStack
 .text.prvTaskExitError
                0x00000000000015fc       0x30 ./amazon-freertos/FreeRTOS/portable/port.o
 .text.xPortStartScheduler
                0x000000000000162c       0x48 ./amazon-freertos/FreeRTOS/portable/port.o
                0x000000000000162c                xPortStartScheduler
 .text.vPortYield
                0x0000000000001674       0x20 ./amazon-freertos/FreeRTOS/portable/port.o
                0x0000000000001674                vPortYield
 .text.vPortEnterCritical
                0x0000000000001694       0x24 ./amazon-freertos/FreeRTOS/portable/port.o
                0x0000000000001694                vPortEnterCritical
 .text.vPortExitCritical
                0x00000000000016b8       0x30 ./amazon-freertos/FreeRTOS/portable/port.o
                0x00000000000016b8                vPortExitCritical
 .text.SysTick_Handler
                0x00000000000016e8       0x34 ./amazon-freertos/FreeRTOS/portable/port.o
                0x00000000000016e8                SysTick_Handler
 .text.vQueueAddToRegistry
                0x000000000000171c       0x50 ./amazon-freertos/FreeRTOS/queue.o
                0x000000000000171c                vQueueAddToRegistry
 .text.prvInitialiseNewTask
                0x000000000000176c      0x120 ./amazon-freertos/FreeRTOS/tasks.o
 .text.prvAddNewTaskToReadyList
                0x000000000000188c       0xd0 ./amazon-freertos/FreeRTOS/tasks.o
 .text.vTaskDelay
                0x000000000000195c       0x4c ./amazon-freertos/FreeRTOS/tasks.o
                0x000000000000195c                vTaskDelay
 .text.vTaskStartScheduler
                0x00000000000019a8       0x78 ./amazon-freertos/FreeRTOS/tasks.o
                0x00000000000019a8                vTaskStartScheduler
 .text.vTaskSuspendAll
                0x0000000000001a20       0x18 ./amazon-freertos/FreeRTOS/tasks.o
                0x0000000000001a20                vTaskSuspendAll
 .text.xTaskResumeAll
                0x0000000000001a38      0x118 ./amazon-freertos/FreeRTOS/tasks.o
                0x0000000000001a38                xTaskResumeAll
 .text.xTaskGetTickCount
                0x0000000000001b50       0x1c ./amazon-freertos/FreeRTOS/tasks.o
                0x0000000000001b50                xTaskGetTickCount
 .text.xTaskIncrementTick
                0x0000000000001b6c      0x168 ./amazon-freertos/FreeRTOS/tasks.o
                0x0000000000001b6c                xTaskIncrementTick
 .text.vTaskSwitchContext
                0x0000000000001cd4       0xa4 ./amazon-freertos/FreeRTOS/tasks.o
                0x0000000000001cd4                vTaskSwitchContext
 .text.vTaskPlaceOnEventList
                0x0000000000001d78       0x3c ./amazon-freertos/FreeRTOS/tasks.o
                0x0000000000001d78                vTaskPlaceOnEventList
 .text.vTaskPlaceOnEventListRestricted
                0x0000000000001db4       0x4c ./amazon-freertos/FreeRTOS/tasks.o
                0x0000000000001db4                vTaskPlaceOnEventListRestricted
 .text.xTaskRemoveFromEventList
                0x0000000000001e00       0xb8 ./amazon-freertos/FreeRTOS/tasks.o
                0x0000000000001e00                xTaskRemoveFromEventList
 .text.vTaskInternalSetTimeOutState
                0x0000000000001eb8       0x28 ./amazon-freertos/FreeRTOS/tasks.o
                0x0000000000001eb8                vTaskInternalSetTimeOutState
 .text.xTaskCheckForTimeOut
                0x0000000000001ee0       0xa0 ./amazon-freertos/FreeRTOS/tasks.o
                0x0000000000001ee0                xTaskCheckForTimeOut
 .text.vTaskMissedYield
                0x0000000000001f80       0x14 ./amazon-freertos/FreeRTOS/tasks.o
                0x0000000000001f80                vTaskMissedYield
 .text.prvIdleTask
                0x0000000000001f94       0x20 ./amazon-freertos/FreeRTOS/tasks.o
 .text.prvInitialiseTaskLists
                0x0000000000001fb4       0x88 ./amazon-freertos/FreeRTOS/tasks.o
 .text.prvCheckTasksWaitingTermination
                0x000000000000203c       0x5c ./amazon-freertos/FreeRTOS/tasks.o
 .text.prvResetNextTaskUnblockTime
                0x0000000000002098       0x48 ./amazon-freertos/FreeRTOS/tasks.o
 .text.xTaskGetSchedulerState
                0x00000000000020e0       0x38 ./amazon-freertos/FreeRTOS/tasks.o
                0x00000000000020e0                xTaskGetSchedulerState
 .text.xTaskPriorityInherit
                0x0000000000002118       0xdc ./amazon-freertos/FreeRTOS/tasks.o
                0x0000000000002118                xTaskPriorityInherit
 .text.xTaskPriorityDisinherit
                0x00000000000021f4       0xb8 ./amazon-freertos/FreeRTOS/tasks.o
                0x00000000000021f4                xTaskPriorityDisinherit
 .text.vTaskPriorityDisinheritAfterTimeout
                0x00000000000022ac       0xe8 ./amazon-freertos/FreeRTOS/tasks.o
                0x00000000000022ac                vTaskPriorityDisinheritAfterTimeout
 .text.pvTaskIncrementMutexHeldCount
                0x0000000000002394       0x24 ./amazon-freertos/FreeRTOS/tasks.o
                0x0000000000002394                pvTaskIncrementMutexHeldCount
 .text.xTaskGenericNotify
                0x00000000000023b8      0x118 ./amazon-freertos/FreeRTOS/tasks.o
                0x00000000000023b8                xTaskGenericNotify
 .text.xTaskGenericNotifyFromISR
                0x00000000000024d0      0x154 ./amazon-freertos/FreeRTOS/tasks.o
                0x00000000000024d0                xTaskGenericNotifyFromISR
 .text.prvAddCurrentTaskToDelayedList
                0x0000000000002624       0xa8 ./amazon-freertos/FreeRTOS/tasks.o
 .text.xTimerCreateTimerTask
                0x00000000000026cc       0x54 ./amazon-freertos/FreeRTOS/timers.o
                0x00000000000026cc                xTimerCreateTimerTask
 .text.xTimerGenericCommand
                0x0000000000002720       0x94 ./amazon-freertos/FreeRTOS/timers.o
                0x0000000000002720                xTimerGenericCommand
 .text.prvProcessExpiredTimer
                0x00000000000027b4       0x70 ./amazon-freertos/FreeRTOS/timers.o
 .text.prvProcessTimerOrBlockTask
                0x0000000000002824       0x8c ./amazon-freertos/FreeRTOS/timers.o
 .text.prvGetNextExpireTime
                0x00000000000028b0       0x40 ./amazon-freertos/FreeRTOS/timers.o
 .text.prvSampleTimeNow
                0x00000000000028f0       0x40 ./amazon-freertos/FreeRTOS/timers.o
 .text.prvInsertTimerInActiveList
                0x0000000000002930       0x84 ./amazon-freertos/FreeRTOS/timers.o
 .text.prvProcessReceivedCommands
                0x00000000000029b4      0x128 ./amazon-freertos/FreeRTOS/timers.o
 .text.prvSwitchTimerLists
                0x0000000000002adc       0xb4 ./amazon-freertos/FreeRTOS/timers.o
 .text.prvCheckForValidListAndQueue
                0x0000000000002b90       0x74 ./amazon-freertos/FreeRTOS/timers.o
 .text.SystemInit
                0x0000000000002c04       0x1c ./CMSIS/system_MKL46Z4.o
                0x0000000000002c04                SystemInit
 .text.__sys_appexit
                0x0000000000002c20        0xc /usr/local/mcuxpressoide-11.5.1_7266/ide/plugins/com.nxp.mcuxpresso.tools.linux_11.5.1.202201181444/tools/bin/../lib/gcc/arm-none-eabi/10.3.1/../../../../arm-none-eabi/lib/thumb/v6-m/nofp/libcr_semihost_nf.a(__sys_appexit.o)
                0x0000000000002c20                __exit
                0x0000000000002c20                __sys_appexit
 .text._deferredlazyseek
                0x0000000000002c2c       0x40 /usr/local/mcuxpressoide-11.5.1_7266/ide/plugins/com.nxp.mcuxpresso.tools.linux_11.5.1.202201181444/tools/bin/../lib/gcc/arm-none-eabi/10.3.1/../../../../arm-none-eabi/lib/thumb/v6-m/nofp/libcr_c.a(_deferredlazyseek.o)
                0x0000000000002c2c                _deferredlazyseek
 .text.__flsbuf
                0x0000000000002c6c      0x150 /usr/local/mcuxpressoide-11.5.1_7266/ide/plugins/com.nxp.mcuxpresso.tools.linux_11.5.1.202201181444/tools/bin/../lib/gcc/arm-none-eabi/10.3.1/../../../../arm-none-eabi/lib/thumb/v6-m/nofp/libcr_c.a(_deferredlazyseek.o)
                0x0000000000002c6c                __flsbuf
 .text._fflush  0x0000000000002dbc       0x60 /usr/local/mcuxpressoide-11.5.1_7266/ide/plugins/com.nxp.mcuxpresso.tools.linux_11.5.1.202201181444/tools/bin/../lib/gcc/arm-none-eabi/10.3.1/../../../../arm-none-eabi/lib/thumb/v6-m/nofp/libcr_c.a(_fflush.o)
                0x0000000000002dbc                _fflush
 .text._Cwritebuf
                0x0000000000002e1c       0x68 /usr/local/mcuxpressoide-11.5.1_7266/ide/plugins/com.nxp.mcuxpresso.tools.linux_11.5.1.202201181444/tools/bin/../lib/gcc/arm-none-eabi/10.3.1/../../../../arm-none-eabi/lib/thumb/v6-m/nofp/libcr_c.a(_writebuf.o)
                0x0000000000002e1c                _Cwritebuf
 .text.malloc   0x0000000000002e84       0xcc /usr/local/mcuxpressoide-11.5.1_7266/ide/plugins/com.nxp.mcuxpresso.tools.linux_11.5.1.202201181444/tools/bin/../lib/gcc/arm-none-eabi/10.3.1/../../../../arm-none-eabi/lib/thumb/v6-m/nofp/libcr_c.a(alloc.o)
                0x0000000000002e84                malloc
 .text._Csys_alloc
                0x0000000000002f50       0x20 /usr/local/mcuxpressoide-11.5.1_7266/ide/plugins/com.nxp.mcuxpresso.tools.linux_11.5.1.202201181444/tools/bin/../lib/gcc/arm-none-eabi/10.3.1/../../../../arm-none-eabi/lib/thumb/v6-m/nofp/libcr_c.a(alloc.o)
                0x0000000000002f50                _Csys_alloc
 .text.fseek    0x0000000000002f70       0xf0 /usr/local/mcuxpressoide-11.5.1_7266/ide/plugins/com.nxp.mcuxpresso.tools.linux_11.5.1.202201181444/tools/bin/../lib/gcc/arm-none-eabi/10.3.1/../../../../arm-none-eabi/lib/thumb/v6-m/nofp/libcr_c.a(fseek.o)
                0x0000000000002f70                fseek
 .text.ftell    0x0000000000003060       0x48 /usr/local/mcuxpressoide-11.5.1_7266/ide/plugins/com.nxp.mcuxpresso.tools.linux_11.5.1.202201181444/tools/bin/../lib/gcc/arm-none-eabi/10.3.1/../../../../arm-none-eabi/lib/thumb/v6-m/nofp/libcr_c.a(ftell.o)
                0x0000000000003060                ftell
 .text._initio  0x00000000000030a8       0x7c /usr/local/mcuxpressoide-11.5.1_7266/ide/plugins/com.nxp.mcuxpresso.tools.linux_11.5.1.202201181444/tools/bin/../lib/gcc/arm-none-eabi/10.3.1/../../../../arm-none-eabi/lib/thumb/v6-m/nofp/libcr_c.a(initio.o)
                0x00000000000030a8                _initio
 .text.itoa     0x0000000000003124       0x60 /usr/local/mcuxpressoide-11.5.1_7266/ide/plugins/com.nxp.mcuxpresso.tools.linux_11.5.1.202201181444/tools/bin/../lib/gcc/arm-none-eabi/10.3.1/../../../../arm-none-eabi/lib/thumb/v6-m/nofp/libcr_c.a(itoa.o)
                0x0000000000003124                itoa
 .text.__vfprintf
                0x0000000000003184      0xd40 /usr/local/mcuxpressoide-11.5.1_7266/ide/plugins/com.nxp.mcuxpresso.tools.linux_11.5.1.202201181444/tools/bin/../lib/gcc/arm-none-eabi/10.3.1/../../../../arm-none-eabi/lib/thumb/v6-m/nofp/libcr_c.a(printf.o)
                0x0000000000003184                __vfprintf
 .text._vsnprintf
                0x0000000000003ec4       0x70 /usr/local/mcuxpressoide-11.5.1_7266/ide/plugins/com.nxp.mcuxpresso.tools.linux_11.5.1.202201181444/tools/bin/../lib/gcc/arm-none-eabi/10.3.1/../../../../arm-none-eabi/lib/thumb/v6-m/nofp/libcr_c.a(printf.o)
                0x0000000000003ec4                _vsnprintf
 .text._printf  0x0000000000003f34       0x50 /usr/local/mcuxpressoide-11.5.1_7266/ide/plugins/com.nxp.mcuxpresso.tools.linux_11.5.1.202201181444/tools/bin/../lib/gcc/arm-none-eabi/10.3.1/../../../../arm-none-eabi/lib/thumb/v6-m/nofp/libcr_c.a(printf.o)
                0x0000000000003f34                _printf
 .text.setvbuf  0x0000000000003f84       0x4c /usr/local/mcuxpressoide-11.5.1_7266/ide/plugins/com.nxp.mcuxpresso.tools.linux_11.5.1.202201181444/tools/bin/../lib/gcc/arm-none-eabi/10.3.1/../../../../arm-none-eabi/lib/thumb/v6-m/nofp/libcr_c.a(setvbuf.o)
                0x0000000000003f84                setvbuf
 .text.strlen   0x0000000000003fd0       0x58 /usr/local/mcuxpressoide-11.5.1_7266/ide/plugins/com.nxp.mcuxpresso.tools.linux_11.5.1.202201181444/tools/bin/../lib/gcc/arm-none-eabi/10.3.1/../../../../arm-none-eabi/lib/thumb/v6-m/nofp/libcr_c.a(strlen.o)
                0x0000000000003fd0                strlen
 .text._sbrk    0x0000000000004028       0x44 /usr/local/mcuxpressoide-11.5.1_7266/ide/plugins/com.nxp.mcuxpresso.tools.linux_11.5.1.202201181444/tools/bin/../lib/gcc/arm-none-eabi/10.3.1/../../../../arm-none-eabi/lib/thumb/v6-m/nofp/libcr_c.a(_cr_sbrk.o)
                0x0000000000004028                _sbrk
 .text._fdopen  0x000000000000406c       0x74 /usr/local/mcuxpressoide-11.5.1_7266/ide/plugins/com.nxp.mcuxpresso.tools.linux_11.5.1.202201181444/tools/bin/../lib/gcc/arm-none-eabi/10.3.1/../../../../arm-none-eabi/lib/thumb/v6-m/nofp/libcr_c.a(_fdopen.o)
                0x000000000000406c                _fdopen
 .text.fclose   0x00000000000040e0       0x5c /usr/local/mcuxpressoide-11.5.1_7266/ide/plugins/com.nxp.mcuxpresso.tools.linux_11.5.1.202201181444/tools/bin/../lib/gcc/arm-none-eabi/10.3.1/../../../../arm-none-eabi/lib/thumb/v6-m/nofp/libcr_c.a(fclose.o)
                0x00000000000040e0                fclose
 .text.fflush   0x000000000000413c       0x44 /usr/local/mcuxpressoide-11.5.1_7266/ide/plugins/com.nxp.mcuxpresso.tools.linux_11.5.1.202201181444/tools/bin/../lib/gcc/arm-none-eabi/10.3.1/../../../../arm-none-eabi/lib/thumb/v6-m/nofp/libcr_c.a(fflush.o)
                0x000000000000413c                fflush
 .text.__check_heap_overflow
                0x0000000000004180       0x18 /usr/local/mcuxpressoide-11.5.1_7266/ide/plugins/com.nxp.mcuxpresso.tools.linux_11.5.1.202201181444/tools/bin/../lib/gcc/arm-none-eabi/10.3.1/../../../../arm-none-eabi/lib/thumb/v6-m/nofp/libcr_c.a(_cr_check_heap.o)
                0x0000000000004180                __check_heap_overflow
 .text._do_fflush
                0x0000000000004198       0x48 /usr/local/mcuxpressoide-11.5.1_7266/ide/plugins/com.nxp.mcuxpresso.tools.linux_11.5.1.202201181444/tools/bin/../lib/gcc/arm-none-eabi/10.3.1/../../../../arm-none-eabi/lib/thumb/v6-m/nofp/libcr_c.a(_do_fflush.o)
                0x0000000000004198                _do_fflush
 .text.__aeabi_dmul
                0x00000000000041e0      0x184 /usr/local/mcuxpressoide-11.5.1_7266/ide/plugins/com.nxp.mcuxpresso.tools.linux_11.5.1.202201181444/tools/bin/../lib/gcc/arm-none-eabi/10.3.1/thumb/v6-m/nofp/libcr_eabihelpers.a(double.o)
                0x00000000000041e0                __aeabi_dmul
 .text.__aeabi_ddiv
                0x0000000000004364      0x14c /usr/local/mcuxpressoide-11.5.1_7266/ide/plugins/com.nxp.mcuxpresso.tools.linux_11.5.1.202201181444/tools/bin/../lib/gcc/arm-none-eabi/10.3.1/thumb/v6-m/nofp/libcr_eabihelpers.a(double.o)
                0x0000000000004364                __aeabi_ddiv
 .text.__aeabi_dsub
                0x00000000000044b0      0x1c0 /usr/local/mcuxpressoide-11.5.1_7266/ide/plugins/com.nxp.mcuxpresso.tools.linux_11.5.1.202201181444/tools/bin/../lib/gcc/arm-none-eabi/10.3.1/thumb/v6-m/nofp/libcr_eabihelpers.a(double.o)
                0x00000000000044b0                __aeabi_dsub
 .text.__aeabi_dadd
                0x0000000000004670      0x134 /usr/local/mcuxpressoide-11.5.1_7266/ide/plugins/com.nxp.mcuxpresso.tools.linux_11.5.1.202201181444/tools/bin/../lib/gcc/arm-none-eabi/10.3.1/thumb/v6-m/nofp/libcr_eabihelpers.a(double.o)
                0x0000000000004670                __aeabi_dadd
 .text.__aeabi_d2iz
                0x00000000000047a4       0x50 /usr/local/mcuxpressoide-11.5.1_7266/ide/plugins/com.nxp.mcuxpresso.tools.linux_11.5.1.202201181444/tools/bin/../lib/gcc/arm-none-eabi/10.3.1/thumb/v6-m/nofp/libcr_eabihelpers.a(double.o)
                0x00000000000047a4                __aeabi_d2iz
 .text.adcGetDefaultConfig
                0x00000000000047f4       0x2e ./source/kl46z/adc.o
                0x00000000000047f4                adcGetDefaultConfig
 .text.delay_us
                0x0000000000004822       0x38 ./source/kl46z/delay.o
                0x0000000000004822                delay_us
 .text.lcdInitModule
                0x000000000000485a       0x5c ./source/kl46z/lcd.o
                0x000000000000485a                lcdInitModule
 .text.lcdClearDisplay
                0x00000000000048b6       0x24 ./source/kl46z/lcd.o
                0x00000000000048b6                lcdClearDisplay
 .text.lcdSetCursor
                0x00000000000048da       0x54 ./source/kl46z/lcd.o
                0x00000000000048da                lcdSetCursor
 .text.lcdWriteString
                0x000000000000492e       0x3e ./source/kl46z/lcd.o
                0x000000000000492e                lcdWriteString
 .text.lcdWriteChar
                0x000000000000496c       0x24 ./source/kl46z/lcd.o
                0x000000000000496c                lcdWriteChar
 .text.lcdCreateChar
                0x0000000000004990       0x66 ./source/kl46z/lcd.o
                0x0000000000004990                lcdCreateChar
 .text.lcdSendCommand
                0x00000000000049f6       0x58 ./source/kl46z/lcd.o
                0x00000000000049f6                lcdSendCommand
 .text.lcdSendData
                0x0000000000004a4e       0x42 ./source/kl46z/lcd.o
                0x0000000000004a4e                lcdSendData
 .text.lcdSendBits
                0x0000000000004a90       0x50 ./source/kl46z/lcd.o
                0x0000000000004a90                lcdSendBits
 .text.lcdEnablePulse
                0x0000000000004ae0       0x46 ./source/kl46z/lcd.o
                0x0000000000004ae0                lcdEnablePulse
 .text.portPinNumberValidate
                0x0000000000004b26       0x16 ./source/kl46z/port.o
                0x0000000000004b26                portPinNumberValidate
 .text.portPortValidate
                0x0000000000004b3c       0x16 ./source/kl46z/port.o
                0x0000000000004b3c                portPortValidate
 .text.portPinValidate
                0x0000000000004b52       0x3a ./source/kl46z/port.o
                0x0000000000004b52                portPinValidate
 .text.portSetMux
                0x0000000000004b8c       0x66 ./source/kl46z/port.o
                0x0000000000004b8c                portSetMux
 .text.portSetMuxGpio
                0x0000000000004bf2       0x1a ./source/kl46z/port.o
                0x0000000000004bf2                portSetMuxGpio
 .text.portCheckInterrupt
                0x0000000000004c0c       0x56 ./source/kl46z/port.o
                0x0000000000004c0c                portCheckInterrupt
 .text.sysComponentsInit
                0x0000000000004c62       0x1e ./source/main.o
                0x0000000000004c62                sysComponentsInit
 .text.SVC_Handler
                0x0000000000004c80        0xa ./amazon-freertos/FreeRTOS/portable/port.o
                0x0000000000004c80                SVC_Handler
 .text.ulSetInterruptMaskFromISR
                0x0000000000004c8a        0xc ./amazon-freertos/FreeRTOS/portable/port.o
                0x0000000000004c8a                ulSetInterruptMaskFromISR
 .text.vClearInterruptMaskFromISR
                0x0000000000004c96        0x8 ./amazon-freertos/FreeRTOS/portable/port.o
                0x0000000000004c96                vClearInterruptMaskFromISR
 .text.vListInitialise
                0x0000000000004c9e       0x3c ./amazon-freertos/FreeRTOS/list.o
                0x0000000000004c9e                vListInitialise
 .text.vListInitialiseItem
                0x0000000000004cda       0x16 ./amazon-freertos/FreeRTOS/list.o
                0x0000000000004cda                vListInitialiseItem
 .text.vListInsertEnd
                0x0000000000004cf0       0x44 ./amazon-freertos/FreeRTOS/list.o
                0x0000000000004cf0                vListInsertEnd
 .text.vListInsert
                0x0000000000004d34       0x6c ./amazon-freertos/FreeRTOS/list.o
                0x0000000000004d34                vListInsert
 .text.uxListRemove
                0x0000000000004da0       0x50 ./amazon-freertos/FreeRTOS/list.o
                0x0000000000004da0                uxListRemove
 .text.xQueueGenericReset
                0x0000000000004df0       0xa8 ./amazon-freertos/FreeRTOS/queue.o
                0x0000000000004df0                xQueueGenericReset
 .text.xQueueGenericCreate
                0x0000000000004e98       0x64 ./amazon-freertos/FreeRTOS/queue.o
                0x0000000000004e98                xQueueGenericCreate
 .text.prvInitialiseNewQueue
                0x0000000000004efc       0x4e ./amazon-freertos/FreeRTOS/queue.o
 .text.xQueueGenericSend
                0x0000000000004f4a      0x188 ./amazon-freertos/FreeRTOS/queue.o
                0x0000000000004f4a                xQueueGenericSend
 .text.xQueueGenericSendFromISR
                0x00000000000050d2       0xe2 ./amazon-freertos/FreeRTOS/queue.o
                0x00000000000050d2                xQueueGenericSendFromISR
 .text.xQueueGiveFromISR
                0x00000000000051b4       0xca ./amazon-freertos/FreeRTOS/queue.o
                0x00000000000051b4                xQueueGiveFromISR
 .text.xQueueReceive
                0x000000000000527e      0x16a ./amazon-freertos/FreeRTOS/queue.o
                0x000000000000527e                xQueueReceive
 .text.xQueueSemaphoreTake
                0x00000000000053e8      0x1b8 ./amazon-freertos/FreeRTOS/queue.o
                0x00000000000053e8                xQueueSemaphoreTake
 .text.prvGetDisinheritPriorityAfterTimeout
                0x00000000000055a0       0x2c ./amazon-freertos/FreeRTOS/queue.o
 .text.prvCopyDataToQueue
                0x00000000000055cc       0xd6 ./amazon-freertos/FreeRTOS/queue.o
 .text.prvCopyDataFromQueue
                0x00000000000056a2       0x4c ./amazon-freertos/FreeRTOS/queue.o
 .text.prvUnlockQueue
                0x00000000000056ee       0xbc ./amazon-freertos/FreeRTOS/queue.o
 .text.prvIsQueueEmpty
                0x00000000000057aa       0x2c ./amazon-freertos/FreeRTOS/queue.o
 .text.prvIsQueueFull
                0x00000000000057d6       0x30 ./amazon-freertos/FreeRTOS/queue.o
 .text.vQueueWaitForMessageRestricted
                0x0000000000005806       0x66 ./amazon-freertos/FreeRTOS/queue.o
                0x0000000000005806                vQueueWaitForMessageRestricted
 .text.xTaskCreate
                0x000000000000586c       0x90 ./amazon-freertos/FreeRTOS/tasks.o
                0x000000000000586c                xTaskCreate
 .text.prvDeleteTCB
                0x00000000000058fc       0x22 ./amazon-freertos/FreeRTOS/tasks.o
 .text.prvTimerTask
                0x000000000000591e       0x28 ./amazon-freertos/FreeRTOS/timers.o
 .text.SystemInitHook
                0x0000000000005946        0xa ./CMSIS/system_MKL46Z4.o
                0x0000000000005946                SystemInitHook
 .text.__main   0x0000000000005950        0xc /usr/local/mcuxpressoide-11.5.1_7266/ide/plugins/com.nxp.mcuxpresso.tools.linux_11.5.1.202201181444/tools/bin/../lib/gcc/arm-none-eabi/10.3.1/../../../../arm-none-eabi/lib/thumb/v6-m/nofp/libcr_semihost_nf.a(_cr__main.o)
                0x0000000000005950                __main
                0x0000000000005950                __CR_SEMIHOST
 .text.memcpy   0x000000000000595c        0x8 /usr/local/mcuxpressoide-11.5.1_7266/ide/plugins/com.nxp.mcuxpresso.tools.linux_11.5.1.202201181444/tools/bin/../lib/gcc/arm-none-eabi/10.3.1/../../../../arm-none-eabi/lib/thumb/v6-m/nofp/libcr_c.a(memcpy.o)
                0x000000000000595c                memcpy
 .text.memset   0x0000000000005964        0x8 /usr/local/mcuxpressoide-11.5.1_7266/ide/plugins/com.nxp.mcuxpresso.tools.linux_11.5.1.202201181444/tools/bin/../lib/gcc/arm-none-eabi/10.3.1/../../../../arm-none-eabi/lib/thumb/v6-m/nofp/libcr_c.a(memset.o)
                0x0000000000005964                memset
 .text.free     0x000000000000596c       0x2c /usr/local/mcuxpressoide-11.5.1_7266/ide/plugins/com.nxp.mcuxpresso.tools.linux_11.5.1.202201181444/tools/bin/../lib/gcc/arm-none-eabi/10.3.1/../../../../arm-none-eabi/lib/thumb/v6-m/nofp/libcr_c.a(alloc.o)
                0x000000000000596c                free
 .text.no_fp_display
                0x0000000000005998        0x4 /usr/local/mcuxpressoide-11.5.1_7266/ide/plugins/com.nxp.mcuxpresso.tools.linux_11.5.1.202201181444/tools/bin/../lib/gcc/arm-none-eabi/10.3.1/../../../../arm-none-eabi/lib/thumb/v6-m/nofp/libcr_c.a(printf.o)
 .text.remove   0x000000000000599c       0x12 /usr/local/mcuxpressoide-11.5.1_7266/ide/plugins/com.nxp.mcuxpresso.tools.linux_11.5.1.202201181444/tools/bin/../lib/gcc/arm-none-eabi/10.3.1/../../../../arm-none-eabi/lib/thumb/v6-m/nofp/libcr_c.a(remove.o)
                0x000000000000599c                remove
 .text.__aeabi_division_idivmod
                0x00000000000059ae       0x78 /usr/local/mcuxpressoide-11.5.1_7266/ide/plugins/com.nxp.mcuxpresso.tools.linux_11.5.1.202201181444/tools/bin/../lib/gcc/arm-none-eabi/10.3.1/thumb/v6-m/nofp/libcr_eabihelpers.a(division_32.o)
                0x00000000000059ae                __aeabi_idiv
                0x00000000000059ae                __aeabi_idivmod
                0x00000000000059b4                __aeabi_uidiv
                0x00000000000059b4                __aeabi_uidivmod
 .text.__aeabi_division_idiv0
                0x0000000000005a26        0x2 /usr/local/mcuxpressoide-11.5.1_7266/ide/plugins/com.nxp.mcuxpresso.tools.linux_11.5.1.202201181444/tools/bin/../lib/gcc/arm-none-eabi/10.3.1/thumb/v6-m/nofp/libcr_eabihelpers.a(division_idiv0.o)
                0x0000000000005a26                __aeabi_idiv0
 .text.__bhs_ui2d
                0x0000000000005a28       0x5e /usr/local/mcuxpressoide-11.5.1_7266/ide/plugins/com.nxp.mcuxpresso.tools.linux_11.5.1.202201181444/tools/bin/../lib/gcc/arm-none-eabi/10.3.1/thumb/v6-m/nofp/libcr_eabihelpers.a(double.o)
                0x0000000000005a28                __bhs_ui2d
 .text.__aeabi_i2d
                0x0000000000005a86       0x18 /usr/local/mcuxpressoide-11.5.1_7266/ide/plugins/com.nxp.mcuxpresso.tools.linux_11.5.1.202201181444/tools/bin/../lib/gcc/arm-none-eabi/10.3.1/thumb/v6-m/nofp/libcr_eabihelpers.a(double.o)
                0x0000000000005a86                __aeabi_i2d
 .text.__aeabi_llong_lmul
                0x0000000000005a9e       0x2e /usr/local/mcuxpressoide-11.5.1_7266/ide/plugins/com.nxp.mcuxpresso.tools.linux_11.5.1.202201181444/tools/bin/../lib/gcc/arm-none-eabi/10.3.1/thumb/v6-m/nofp/libcr_eabihelpers.a(llong.o)
                0x0000000000005a9e                __aeabi_lmul
 .text.__aeabi_memcpy
                0x0000000000005acc       0x2c /usr/local/mcuxpressoide-11.5.1_7266/ide/plugins/com.nxp.mcuxpresso.tools.linux_11.5.1.202201181444/tools/bin/../lib/gcc/arm-none-eabi/10.3.1/thumb/v6-m/nofp/libcr_eabihelpers.a(memcpy.o)
                0x0000000000005acc                __aeabi_memcpy
                0x0000000000005acc                __aeabi_memcpy4
                0x0000000000005acc                __aeabi_memcpy8
 .text.__aeabi_memset_lowlevel
                0x0000000000005af8       0x2a /usr/local/mcuxpressoide-11.5.1_7266/ide/plugins/com.nxp.mcuxpresso.tools.linux_11.5.1.202201181444/tools/bin/../lib/gcc/arm-none-eabi/10.3.1/thumb/v6-m/nofp/libcr_eabihelpers.a(memcpy.o)
                0x0000000000005af8                __aeabi_lowlevel_memset
 .text.__gnu_thumb1_case_shi
                0x0000000000005b22       0x10 /usr/local/mcuxpressoide-11.5.1_7266/ide/plugins/com.nxp.mcuxpresso.tools.linux_11.5.1.202201181444/tools/bin/../lib/gcc/arm-none-eabi/10.3.1/thumb/v6-m/nofp/libcr_eabihelpers.a(thumb1_switch_helpers.o)
                0x0000000000005b22                __gnu_thumb1_case_shi
 .text.__sys_close
                0x0000000000005b32        0xc /usr/local/mcuxpressoide-11.5.1_7266/ide/plugins/com.nxp.mcuxpresso.tools.linux_11.5.1.202201181444/tools/bin/../lib/gcc/arm-none-eabi/10.3.1/../../../../arm-none-eabi/lib/thumb/v6-m/nofp/libcr_semihost_nf.a(__sys_close.o)
                0x0000000000005b32                __sys_close
 .text.__sys_flen
                0x0000000000005b3e        0xc /usr/local/mcuxpressoide-11.5.1_7266/ide/plugins/com.nxp.mcuxpresso.tools.linux_11.5.1.202201181444/tools/bin/../lib/gcc/arm-none-eabi/10.3.1/../../../../arm-none-eabi/lib/thumb/v6-m/nofp/libcr_semihost_nf.a(__sys_flen.o)
                0x0000000000005b3e                __sys_flen
 .text.__sys_istty
                0x0000000000005b4a        0xc /usr/local/mcuxpressoide-11.5.1_7266/ide/plugins/com.nxp.mcuxpresso.tools.linux_11.5.1.202201181444/tools/bin/../lib/gcc/arm-none-eabi/10.3.1/../../../../arm-none-eabi/lib/thumb/v6-m/nofp/libcr_semihost_nf.a(__sys_istty.o)
                0x0000000000005b4a                __sys_istty
 .text.__sys_remove
                0x0000000000005b56        0xc /usr/local/mcuxpressoide-11.5.1_7266/ide/plugins/com.nxp.mcuxpresso.tools.linux_11.5.1.202201181444/tools/bin/../lib/gcc/arm-none-eabi/10.3.1/../../../../arm-none-eabi/lib/thumb/v6-m/nofp/libcr_semihost_nf.a(__sys_remove.o)
                0x0000000000005b56                __sys_remove
 .text.__sys_seek
                0x0000000000005b62        0xc /usr/local/mcuxpressoide-11.5.1_7266/ide/plugins/com.nxp.mcuxpresso.tools.linux_11.5.1.202201181444/tools/bin/../lib/gcc/arm-none-eabi/10.3.1/../../../../arm-none-eabi/lib/thumb/v6-m/nofp/libcr_semihost_nf.a(__sys_seek.o)
                0x0000000000005b62                __sys_seek
 .text.__sys_tmpnam
                0x0000000000005b6e        0xc /usr/local/mcuxpressoide-11.5.1_7266/ide/plugins/com.nxp.mcuxpresso.tools.linux_11.5.1.202201181444/tools/bin/../lib/gcc/arm-none-eabi/10.3.1/../../../../arm-none-eabi/lib/thumb/v6-m/nofp/libcr_semihost_nf.a(__sys_tmpnam.o)
                0x0000000000005b6e                __sys_tmpnam
 .text.__sys_write
                0x0000000000005b7a        0xc /usr/local/mcuxpressoide-11.5.1_7266/ide/plugins/com.nxp.mcuxpresso.tools.linux_11.5.1.202201181444/tools/bin/../lib/gcc/arm-none-eabi/10.3.1/../../../../arm-none-eabi/lib/thumb/v6-m/nofp/libcr_semihost_nf.a(__sys_write.o)
                0x0000000000005b7a                __sys_write
 *freertos*/tasks.o(SORT_BY_ALIGNMENT(.rodata*))
 *fill*         0x0000000000005b86        0x2 ff
 .rodata.vTaskStartScheduler.str1.4
                0x0000000000005b88        0x5 ./amazon-freertos/FreeRTOS/tasks.o
 *fill*         0x0000000000005b8d        0x3 ff
 .rodata.xTaskGenericNotify
                0x0000000000005b90       0x14 ./amazon-freertos/FreeRTOS/tasks.o
 .rodata.xTaskGenericNotifyFromISR
                0x0000000000005ba4       0x14 ./amazon-freertos/FreeRTOS/tasks.o
 *(SORT_BY_ALIGNMENT(.rodata) SORT_BY_ALIGNMENT(.rodata.*) SORT_BY_ALIGNMENT(.constdata) SORT_BY_ALIGNMENT(.constdata.*))
 .rodata.lcd_degree_char
                0x0000000000005bb8        0x8 ./source/main.o
                0x0000000000005bb8                lcd_degree_char
 .rodata.main.str1.4
                0x0000000000005bc0       0x30 ./source/main.o
 .rodata.taskLcd.str1.4
                0x0000000000005bf0       0x32 ./source/main.o
 *fill*         0x0000000000005c22        0x2 ff
 .rodata.sysStartupScreen.str1.4
                0x0000000000005c24       0x1f ./source/main.o
 *fill*         0x0000000000005c43        0x1 ff
 .rodata.xTimerCreateTimerTask.str1.4
                0x0000000000005c44        0x8 ./amazon-freertos/FreeRTOS/timers.o
 .rodata.prvProcessReceivedCommands
                0x0000000000005c4c       0x28 ./amazon-freertos/FreeRTOS/timers.o
 .rodata.prvCheckForValidListAndQueue.str1.4
                0x0000000000005c74        0x5 ./amazon-freertos/FreeRTOS/timers.o
 *fill*         0x0000000000005c79        0x3 ff
 .rodata.__num_Ciob_streams
                0x0000000000005c7c        0x4 /usr/local/mcuxpressoide-11.5.1_7266/ide/plugins/com.nxp.mcuxpresso.tools.linux_11.5.1.202201181444/tools/bin/../lib/gcc/arm-none-eabi/10.3.1/../../../../arm-none-eabi/lib/thumb/v6-m/nofp/libcr_semihost_nf.a(__ciob.o)
                0x0000000000005c7c                __num_Ciob_streams
 .rodata._Csys_alloc.str1.1
                0x0000000000005c80       0x18 /usr/local/mcuxpressoide-11.5.1_7266/ide/plugins/com.nxp.mcuxpresso.tools.linux_11.5.1.202201181444/tools/bin/../lib/gcc/arm-none-eabi/10.3.1/../../../../arm-none-eabi/lib/thumb/v6-m/nofp/libcr_c.a(alloc.o)
 .rodata._initio.str1.1
                0x0000000000005c98        0x4 /usr/local/mcuxpressoide-11.5.1_7266/ide/plugins/com.nxp.mcuxpresso.tools.linux_11.5.1.202201181444/tools/bin/../lib/gcc/arm-none-eabi/10.3.1/../../../../arm-none-eabi/lib/thumb/v6-m/nofp/libcr_c.a(initio.o)
 .rodata.digits
                0x0000000000005c9c       0x11 /usr/local/mcuxpressoide-11.5.1_7266/ide/plugins/com.nxp.mcuxpresso.tools.linux_11.5.1.202201181444/tools/bin/../lib/gcc/arm-none-eabi/10.3.1/../../../../arm-none-eabi/lib/thumb/v6-m/nofp/libcr_c.a(itoa.o)
 .rodata.__vfprintf.str1.1
                0x0000000000005cad       0x37 /usr/local/mcuxpressoide-11.5.1_7266/ide/plugins/com.nxp.mcuxpresso.tools.linux_11.5.1.202201181444/tools/bin/../lib/gcc/arm-none-eabi/10.3.1/../../../../arm-none-eabi/lib/thumb/v6-m/nofp/libcr_c.a(printf.o)
                                         0x38 (size before relaxing)
                0x0000000000005ce4                . = ALIGN (0x4)
                0x0000000000005ce4                _etext = .

.glue_7         0x0000000000005ce4        0x0
 .glue_7        0x0000000000005ce4        0x0 linker stubs

.glue_7t        0x0000000000005ce4        0x0
 .glue_7t       0x0000000000005ce4        0x0 linker stubs

.vfp11_veneer   0x0000000000005ce4        0x0
 .vfp11_veneer  0x0000000000005ce4        0x0 linker stubs

.v4_bx          0x0000000000005ce4        0x0
 .v4_bx         0x0000000000005ce4        0x0 linker stubs

.iplt           0x0000000000005ce4        0x0
 .iplt          0x0000000000005ce4        0x0 ./startup/startup_mkl46z4.o

.rel.dyn        0x0000000000005ce4        0x0
 .rel.iplt      0x0000000000005ce4        0x0 ./startup/startup_mkl46z4.o

.m_usb_data
 *(SORT_BY_ALIGNMENT(m_usb_bdt))

.mtb_buffer_default
                0x000000001fffe000       0x80
 *(SORT_BY_ALIGNMENT(.mtb*))
 .mtb.$RAM1     0x000000001fffe000       0x80 ./source/mtb.o
                0x000000001fffe000                __mtb_buffer__

.uninit_RESERVED
                0x000000001fffe080        0x0
                0x000000001fffe080                _start_uninit_RESERVED = .
 *(SORT_BY_ALIGNMENT(.bss.$RESERVED*))
                0x000000001fffe080                . = ALIGN (0x4)
                0x000000001fffe080                _end_uninit_RESERVED = .

.data           0x000000001fffe080       0x30 load address 0x0000000000005ce4
 FILL mask 0xff
                0x000000001fffe080                _data = .
                [!provide]                        PROVIDE (__start_data_RAM = .)
                [!provide]                        PROVIDE (__start_data_SRAM = .)
 *(SORT_BY_ALIGNMENT(vtable))
 *(SORT_BY_ALIGNMENT(.ramfunc*))
 *(SORT_BY_ALIGNMENT(CodeQuickAccess))
 *(SORT_BY_ALIGNMENT(DataQuickAccess))
 *(SORT_BY_ALIGNMENT(RamFunction))
 *(SORT_BY_ALIGNMENT(.data*))
 .data.pin_gpios
                0x000000001fffe080       0x14 ./source/kl46z/gpio.o
 .data.pin_ports
                0x000000001fffe094       0x14 ./source/kl46z/port.o
 .data.uxCriticalNesting
                0x000000001fffe0a8        0x4 ./amazon-freertos/FreeRTOS/portable/port.o
 .data.SystemCoreClock
                0x000000001fffe0ac        0x4 ./CMSIS/system_MKL46Z4.o
                0x000000001fffe0ac                SystemCoreClock
                0x000000001fffe0b0                . = ALIGN (0x4)
                0x000000001fffe0b0                _edata = .
                [!provide]                        PROVIDE (__end_data_RAM = .)
                [!provide]                        PROVIDE (__end_data_SRAM = .)

.igot.plt       0x000000001fffe0b0        0x0 load address 0x0000000000005d14
 .igot.plt      0x000000001fffe0b0        0x0 ./startup/startup_mkl46z4.o

.bss            0x000000001fffe0b0     0x2ac0
                0x000000001fffe0b0                _bss = .
                [!provide]                        PROVIDE (__start_bss_RAM = .)
                [!provide]                        PROVIDE (__start_bss_SRAM = .)
 *(SORT_BY_ALIGNMENT(.bss*))
 .bss.pwm       0x000000001fffe0b0        0x4 ./source/main.o
                0x000000001fffe0b0                pwm
 .bss.buttonSemaphore
                0x000000001fffe0b4        0x4 ./source/main.o
                0x000000001fffe0b4                buttonSemaphore
 .bss.relay     0x000000001fffe0b8        0x2 ./source/main.o
                0x000000001fffe0b8                relay
 *fill*         0x000000001fffe0ba        0x2 
 .bss.sw1       0x000000001fffe0bc        0x2 ./source/main.o
                0x000000001fffe0bc                sw1
 *fill*         0x000000001fffe0be        0x2 
 .bss.sw2       0x000000001fffe0c0        0x2 ./source/main.o
                0x000000001fffe0c0                sw2
 *fill*         0x000000001fffe0c2        0x2 
 .bss.temperature_sensor
                0x000000001fffe0c4        0x6 ./source/main.o
                0x000000001fffe0c4                temperature_sensor
 *fill*         0x000000001fffe0ca        0x2 
 .bss.humidity_sensor
                0x000000001fffe0cc        0x6 ./source/main.o
                0x000000001fffe0cc                humidity_sensor
 *fill*         0x000000001fffe0d2        0x2 
 .bss.lcd       0x000000001fffe0d4        0xc ./source/main.o
                0x000000001fffe0d4                lcd
 .bss.lcd_task  0x000000001fffe0e0        0x4 ./source/main.o
                0x000000001fffe0e0                lcd_task
 .bss.humidity_task
                0x000000001fffe0e4        0x4 ./source/main.o
                0x000000001fffe0e4                humidity_task
 .bss.temperature_task
                0x000000001fffe0e8        0x4 ./source/main.o
                0x000000001fffe0e8                temperature_task
 .bss.s_i2cHandle
                0x000000001fffe0ec        0x8 ./drivers/fsl_i2c.o
 .bss.s_i2cMasterIsr
                0x000000001fffe0f4        0x4 ./drivers/fsl_i2c.o
 .bss.s_i2cSlaveIsr
                0x000000001fffe0f8        0x4 ./drivers/fsl_i2c.o
 .bss.s_lpsciHandle
                0x000000001fffe0fc        0x4 ./drivers/fsl_lpsci.o
 .bss.s_lpsciIsr
                0x000000001fffe100        0x4 ./drivers/fsl_lpsci.o
 .bss.s_uartHandle
                0x000000001fffe104        0xc ./drivers/fsl_uart.o
 .bss.s_uartIsr
                0x000000001fffe110        0x4 ./drivers/fsl_uart.o
 .bss.ucHeap    0x000000001fffe114     0x2800 ./amazon-freertos/portable/heap_4.o
 .bss.xStart    0x0000000020000914        0x8 ./amazon-freertos/portable/heap_4.o
 .bss.pxEnd     0x000000002000091c        0x4 ./amazon-freertos/portable/heap_4.o
 .bss.xFreeBytesRemaining
                0x0000000020000920        0x4 ./amazon-freertos/portable/heap_4.o
 .bss.xMinimumEverFreeBytesRemaining
                0x0000000020000924        0x4 ./amazon-freertos/portable/heap_4.o
 .bss.xBlockAllocatedBit
                0x0000000020000928        0x4 ./amazon-freertos/portable/heap_4.o
 .bss.xQueueRegistry
                0x000000002000092c       0x40 ./amazon-freertos/FreeRTOS/queue.o
                0x000000002000092c                xQueueRegistry
 .bss.pxCurrentTCB
                0x000000002000096c        0x4 ./amazon-freertos/FreeRTOS/tasks.o
                0x000000002000096c                pxCurrentTCB
 .bss.pxReadyTasksLists
                0x0000000020000970       0x64 ./amazon-freertos/FreeRTOS/tasks.o
 .bss.xDelayedTaskList1
                0x00000000200009d4       0x14 ./amazon-freertos/FreeRTOS/tasks.o
 .bss.xDelayedTaskList2
                0x00000000200009e8       0x14 ./amazon-freertos/FreeRTOS/tasks.o
 .bss.pxDelayedTaskList
                0x00000000200009fc        0x4 ./amazon-freertos/FreeRTOS/tasks.o
 .bss.pxOverflowDelayedTaskList
                0x0000000020000a00        0x4 ./amazon-freertos/FreeRTOS/tasks.o
 .bss.xPendingReadyList
                0x0000000020000a04       0x14 ./amazon-freertos/FreeRTOS/tasks.o
 .bss.xTasksWaitingTermination
                0x0000000020000a18       0x14 ./amazon-freertos/FreeRTOS/tasks.o
 .bss.uxDeletedTasksWaitingCleanUp
                0x0000000020000a2c        0x4 ./amazon-freertos/FreeRTOS/tasks.o
 .bss.xSuspendedTaskList
                0x0000000020000a30       0x14 ./amazon-freertos/FreeRTOS/tasks.o
 .bss.uxCurrentNumberOfTasks
                0x0000000020000a44        0x4 ./amazon-freertos/FreeRTOS/tasks.o
 .bss.xTickCount
                0x0000000020000a48        0x4 ./amazon-freertos/FreeRTOS/tasks.o
 .bss.uxTopReadyPriority
                0x0000000020000a4c        0x4 ./amazon-freertos/FreeRTOS/tasks.o
 .bss.xSchedulerRunning
                0x0000000020000a50        0x4 ./amazon-freertos/FreeRTOS/tasks.o
 .bss.uxPendedTicks
                0x0000000020000a54        0x4 ./amazon-freertos/FreeRTOS/tasks.o
 .bss.xYieldPending
                0x0000000020000a58        0x4 ./amazon-freertos/FreeRTOS/tasks.o
 .bss.xNumOfOverflows
                0x0000000020000a5c        0x4 ./amazon-freertos/FreeRTOS/tasks.o
 .bss.uxTaskNumber
                0x0000000020000a60        0x4 ./amazon-freertos/FreeRTOS/tasks.o
 .bss.xNextTaskUnblockTime
                0x0000000020000a64        0x4 ./amazon-freertos/FreeRTOS/tasks.o
 .bss.xIdleTaskHandle
                0x0000000020000a68        0x4 ./amazon-freertos/FreeRTOS/tasks.o
 .bss.uxSchedulerSuspended
                0x0000000020000a6c        0x4 ./amazon-freertos/FreeRTOS/tasks.o
 .bss.xActiveTimerList1
                0x0000000020000a70       0x14 ./amazon-freertos/FreeRTOS/timers.o
 .bss.xActiveTimerList2
                0x0000000020000a84       0x14 ./amazon-freertos/FreeRTOS/timers.o
 .bss.pxCurrentTimerList
                0x0000000020000a98        0x4 ./amazon-freertos/FreeRTOS/timers.o
 .bss.pxOverflowTimerList
                0x0000000020000a9c        0x4 ./amazon-freertos/FreeRTOS/timers.o
 .bss.xTimerQueue
                0x0000000020000aa0        0x4 ./amazon-freertos/FreeRTOS/timers.o
 .bss.xTimerTaskHandle
                0x0000000020000aa4        0x4 ./amazon-freertos/FreeRTOS/timers.o
 .bss.xLastTime.0
                0x0000000020000aa8        0x4 ./amazon-freertos/FreeRTOS/timers.o
 .bss.__Ciob    0x0000000020000aac       0xb4 /usr/local/mcuxpressoide-11.5.1_7266/ide/plugins/com.nxp.mcuxpresso.tools.linux_11.5.1.202201181444/tools/bin/../lib/gcc/arm-none-eabi/10.3.1/../../../../arm-none-eabi/lib/thumb/v6-m/nofp/libcr_semihost_nf.a(__ciob.o)
                0x0000000020000aac                __Ciob
 .bss.__end_of_heap
                0x0000000020000b60        0x4 /usr/local/mcuxpressoide-11.5.1_7266/ide/plugins/com.nxp.mcuxpresso.tools.linux_11.5.1.202201181444/tools/bin/../lib/gcc/arm-none-eabi/10.3.1/../../../../arm-none-eabi/lib/thumb/v6-m/nofp/libcr_c.a(__init_alloc.o)
                0x0000000020000b60                __end_of_heap
 .bss.__heaps   0x0000000020000b64        0x4 /usr/local/mcuxpressoide-11.5.1_7266/ide/plugins/com.nxp.mcuxpresso.tools.linux_11.5.1.202201181444/tools/bin/../lib/gcc/arm-none-eabi/10.3.1/../../../../arm-none-eabi/lib/thumb/v6-m/nofp/libcr_c.a(__init_alloc.o)
                0x0000000020000b64                __heaps
 .bss.errno     0x0000000020000b68        0x4 /usr/local/mcuxpressoide-11.5.1_7266/ide/plugins/com.nxp.mcuxpresso.tools.linux_11.5.1.202201181444/tools/bin/../lib/gcc/arm-none-eabi/10.3.1/../../../../arm-none-eabi/lib/thumb/v6-m/nofp/libcr_c.a(errno.o)
                0x0000000020000b68                errno
 .bss.pwm_orientation
                0x0000000020000b6c        0x1 ./source/main.o
                0x0000000020000b6c                pwm_orientation
 *(SORT_BY_ALIGNMENT(COMMON))
                0x0000000020000b70                . = ALIGN (0x4)
 *fill*         0x0000000020000b6d        0x3 
                0x0000000020000b70                _ebss = .
                [!provide]                        PROVIDE (__end_bss_RAM = .)
                [!provide]                        PROVIDE (__end_bss_SRAM = .)
                [!provide]                        PROVIDE (end = .)

.noinit         0x0000000020000b70        0x0
                0x0000000020000b70                _noinit = .
                [!provide]                        PROVIDE (__start_noinit_RAM = .)
                [!provide]                        PROVIDE (__start_noinit_SRAM = .)
 *(SORT_BY_ALIGNMENT(.noinit*))
                0x0000000020000b70                . = ALIGN (0x4)
                0x0000000020000b70                _end_noinit = .
                [!provide]                        PROVIDE (__end_noinit_RAM = .)
                [!provide]                        PROVIDE (__end_noinit_SRAM = .)

.ARM.extab
 *(SORT_BY_ALIGNMENT(.ARM.extab*) SORT_BY_ALIGNMENT(.gnu.linkonce.armextab.*))

.ARM.exidx      0x0000000000005d14        0x0
                0x0000000000005d14                __exidx_start = .
 *(SORT_BY_ALIGNMENT(.ARM.exidx*) SORT_BY_ALIGNMENT(.gnu.linkonce.armexidx.*))
                0x0000000000005d14                __exidx_end = .
                0x0000000000000800                _HeapSize = 0x800

.heap           0x0000000020000b70      0x800
                0x0000000020000b70                _pvHeapStart = .
                0x0000000020001370                . = (. + _HeapSize)
 *fill*         0x0000000020000b70      0x800 
                0x0000000020001370                . = ALIGN (0x4)
                0x0000000020001370                _pvHeapLimit = .
                0x0000000000000800                _StackSize = 0x800

.heap2stackfill
                0x0000000020001370      0x800
                0x0000000020001b70                . = (. + _StackSize)
 *fill*         0x0000000020001370      0x800 

.stack          0x0000000020005800        0x0
                0x0000000020005800                _vStackBase = .
                0x0000000020005800                . = ALIGN (0x4)
                0x0000000020006000                _vStackTop = (. + _StackSize)
                0x0000000000000000                _image_start = LOADADDR (.text)
                0x0000000000005d14                _image_end = (LOADADDR (.data) + SIZEOF (.data))
                0x0000000000005d14                _image_size = (_image_end - _image_start)
OUTPUT(Estufa_RTOS_KL46Z.axf elf32-littlearm)
LOAD linker stubs

.debug_info     0x0000000000000000     0xaf99
 .debug_info    0x0000000000000000      0x4eb ./startup/startup_mkl46z4.o
 .debug_info    0x00000000000004eb      0x622 ./source/kl46z/adc.o
 .debug_info    0x0000000000000b0d      0x11e ./source/kl46z/delay.o
 .debug_info    0x0000000000000c2b      0x2c6 ./source/kl46z/gpio.o
 .debug_info    0x0000000000000ef1      0x59f ./source/kl46z/lcd.o
 .debug_info    0x0000000000001490      0x7a4 ./source/kl46z/port.o
 .debug_info    0x0000000000001c34      0xd52 ./source/main.o
 .debug_info    0x0000000000002986       0x53 ./source/mtb.o
 .debug_info    0x00000000000029d9       0x3c ./source/semihost_hardfault.o
 .debug_info    0x0000000000002a15       0xb4 ./freertos/portable/fsl_tickless_systick.o
 .debug_info    0x0000000000002ac9     0x1aba ./drivers/fsl_i2c.o
 .debug_info    0x0000000000004583     0x14ac ./drivers/fsl_lpsci.o
 .debug_info    0x0000000000005a2f     0x144d ./drivers/fsl_uart.o
 .debug_info    0x0000000000006e7c      0x2fc ./amazon-freertos/portable/heap_4.o
 .debug_info    0x0000000000007178      0x24e ./amazon-freertos/FreeRTOS/portable/port.o
 .debug_info    0x00000000000073c6      0x2b8 ./amazon-freertos/FreeRTOS/list.o
 .debug_info    0x000000000000767e     0x104a ./amazon-freertos/FreeRTOS/queue.o
 .debug_info    0x00000000000086c8     0x1902 ./amazon-freertos/FreeRTOS/tasks.o
 .debug_info    0x0000000000009fca      0xbc1 ./amazon-freertos/FreeRTOS/timers.o
 .debug_info    0x000000000000ab8b      0x40e ./CMSIS/system_MKL46Z4.o

.debug_abbrev   0x0000000000000000     0x20dc
 .debug_abbrev  0x0000000000000000      0x198 ./startup/startup_mkl46z4.o
 .debug_abbrev  0x0000000000000198      0x193 ./source/kl46z/adc.o
 .debug_abbrev  0x000000000000032b       0x9d ./source/kl46z/delay.o
 .debug_abbrev  0x00000000000003c8      0x157 ./source/kl46z/gpio.o
 .debug_abbrev  0x000000000000051f      0x190 ./source/kl46z/lcd.o
 .debug_abbrev  0x00000000000006af      0x1c2 ./source/kl46z/port.o
 .debug_abbrev  0x0000000000000871      0x229 ./source/main.o
 .debug_abbrev  0x0000000000000a9a       0x46 ./source/mtb.o
 .debug_abbrev  0x0000000000000ae0       0x31 ./source/semihost_hardfault.o
 .debug_abbrev  0x0000000000000b11       0x69 ./freertos/portable/fsl_tickless_systick.o
 .debug_abbrev  0x0000000000000b7a      0x376 ./drivers/fsl_i2c.o
 .debug_abbrev  0x0000000000000ef0      0x2f3 ./drivers/fsl_lpsci.o
 .debug_abbrev  0x00000000000011e3      0x2f3 ./drivers/fsl_uart.o
 .debug_abbrev  0x00000000000014d6      0x175 ./amazon-freertos/portable/heap_4.o
 .debug_abbrev  0x000000000000164b      0x199 ./amazon-freertos/FreeRTOS/portable/port.o
 .debug_abbrev  0x00000000000017e4       0xf2 ./amazon-freertos/FreeRTOS/list.o
 .debug_abbrev  0x00000000000018d6      0x220 ./amazon-freertos/FreeRTOS/queue.o
 .debug_abbrev  0x0000000000001af6      0x291 ./amazon-freertos/FreeRTOS/tasks.o
 .debug_abbrev  0x0000000000001d87      0x20d ./amazon-freertos/FreeRTOS/timers.o
 .debug_abbrev  0x0000000000001f94      0x148 ./CMSIS/system_MKL46Z4.o

.debug_aranges  0x0000000000000000      0xce0
 .debug_aranges
                0x0000000000000000      0x160 ./startup/startup_mkl46z4.o
 .debug_aranges
                0x0000000000000160       0x38 ./source/kl46z/adc.o
 .debug_aranges
                0x0000000000000198       0x28 ./source/kl46z/delay.o
 .debug_aranges
                0x00000000000001c0       0x38 ./source/kl46z/gpio.o
 .debug_aranges
                0x00000000000001f8       0x98 ./source/kl46z/lcd.o
 .debug_aranges
                0x0000000000000290       0x78 ./source/kl46z/port.o
 .debug_aranges
                0x0000000000000308       0x80 ./source/main.o
 .debug_aranges
                0x0000000000000388       0x18 ./source/mtb.o
 .debug_aranges
                0x00000000000003a0       0x20 ./source/semihost_hardfault.o
 .debug_aranges
                0x00000000000003c0       0x20 ./freertos/portable/fsl_tickless_systick.o
 .debug_aranges
                0x00000000000003e0      0x178 ./drivers/fsl_i2c.o
 .debug_aranges
                0x0000000000000558      0x118 ./drivers/fsl_lpsci.o
 .debug_aranges
                0x0000000000000670      0x130 ./drivers/fsl_uart.o
 .debug_aranges
                0x00000000000007a0       0x50 ./amazon-freertos/portable/heap_4.o
 .debug_aranges
                0x00000000000007f0       0x80 ./amazon-freertos/FreeRTOS/portable/port.o
 .debug_aranges
                0x0000000000000870       0x40 ./amazon-freertos/FreeRTOS/list.o
 .debug_aranges
                0x00000000000008b0      0x130 ./amazon-freertos/FreeRTOS/queue.o
 .debug_aranges
                0x00000000000009e0      0x1f8 ./amazon-freertos/FreeRTOS/tasks.o
 .debug_aranges
                0x0000000000000bd8       0xd8 ./amazon-freertos/FreeRTOS/timers.o
 .debug_aranges
                0x0000000000000cb0       0x30 ./CMSIS/system_MKL46Z4.o

.debug_ranges   0x0000000000000000      0xb98
 .debug_ranges  0x0000000000000000      0x150 ./startup/startup_mkl46z4.o
 .debug_ranges  0x0000000000000150       0x28 ./source/kl46z/adc.o
 .debug_ranges  0x0000000000000178       0x18 ./source/kl46z/delay.o
 .debug_ranges  0x0000000000000190       0x28 ./source/kl46z/gpio.o
 .debug_ranges  0x00000000000001b8       0x88 ./source/kl46z/lcd.o
 .debug_ranges  0x0000000000000240       0x68 ./source/kl46z/port.o
 .debug_ranges  0x00000000000002a8       0x70 ./source/main.o
 .debug_ranges  0x0000000000000318       0x10 ./source/semihost_hardfault.o
 .debug_ranges  0x0000000000000328       0x10 ./freertos/portable/fsl_tickless_systick.o
 .debug_ranges  0x0000000000000338      0x168 ./drivers/fsl_i2c.o
 .debug_ranges  0x00000000000004a0      0x108 ./drivers/fsl_lpsci.o
 .debug_ranges  0x00000000000005a8      0x120 ./drivers/fsl_uart.o
 .debug_ranges  0x00000000000006c8       0x40 ./amazon-freertos/portable/heap_4.o
 .debug_ranges  0x0000000000000708       0x70 ./amazon-freertos/FreeRTOS/portable/port.o
 .debug_ranges  0x0000000000000778       0x30 ./amazon-freertos/FreeRTOS/list.o
 .debug_ranges  0x00000000000007a8      0x120 ./amazon-freertos/FreeRTOS/queue.o
 .debug_ranges  0x00000000000008c8      0x1e8 ./amazon-freertos/FreeRTOS/tasks.o
 .debug_ranges  0x0000000000000ab0       0xc8 ./amazon-freertos/FreeRTOS/timers.o
 .debug_ranges  0x0000000000000b78       0x20 ./CMSIS/system_MKL46Z4.o

.debug_macro    0x0000000000000000     0x16dc
 .debug_macro   0x0000000000000000       0x29 ./startup/startup_mkl46z4.o
 .debug_macro   0x0000000000000029       0x98 ./source/kl46z/adc.o
 .debug_macro   0x00000000000000c1       0x46 ./source/kl46z/delay.o
 .debug_macro   0x0000000000000107       0xa2 ./source/kl46z/gpio.o
 .debug_macro   0x00000000000001a9      0x127 ./source/kl46z/lcd.o
 .debug_macro   0x00000000000002d0       0x10 ./source/kl46z/lcd.o
 .debug_macro   0x00000000000002e0       0x98 ./source/kl46z/port.o
 .debug_macro   0x0000000000000378      0x24c ./source/main.o
 .debug_macro   0x00000000000005c4       0xd8 ./source/main.o
 .debug_macro   0x000000000000069c       0x10 ./source/main.o
 .debug_macro   0x00000000000006ac       0x10 ./source/main.o
 .debug_macro   0x00000000000006bc      0x15b ./source/main.o
 .debug_macro   0x0000000000000817       0x16 ./source/main.o
 .debug_macro   0x000000000000082d       0x1c ./source/main.o
 .debug_macro   0x0000000000000849       0x58 ./source/main.o
 .debug_macro   0x00000000000008a1      0x1d2 ./source/main.o
 .debug_macro   0x0000000000000a73       0x22 ./source/main.o
 .debug_macro   0x0000000000000a95       0x2f ./source/mtb.o
 .debug_macro   0x0000000000000ac4       0x82 ./source/mtb.o
 .debug_macro   0x0000000000000b46       0x10 ./source/mtb.o
 .debug_macro   0x0000000000000b56       0x11 ./source/semihost_hardfault.o
 .debug_macro   0x0000000000000b67       0xbc ./freertos/portable/fsl_tickless_systick.o
 .debug_macro   0x0000000000000c23       0x16 ./freertos/portable/fsl_tickless_systick.o
 .debug_macro   0x0000000000000c39       0xb2 ./freertos/portable/fsl_tickless_systick.o
 .debug_macro   0x0000000000000ceb      0x107 ./drivers/fsl_i2c.o
 .debug_macro   0x0000000000000df2       0x16 ./drivers/fsl_i2c.o
 .debug_macro   0x0000000000000e08      0x108 ./drivers/fsl_lpsci.o
 .debug_macro   0x0000000000000f10      0x10e ./drivers/fsl_uart.o
 .debug_macro   0x000000000000101e       0xdf ./amazon-freertos/portable/heap_4.o
 .debug_macro   0x00000000000010fd       0xce ./amazon-freertos/FreeRTOS/portable/port.o
 .debug_macro   0x00000000000011cb       0xb8 ./amazon-freertos/FreeRTOS/list.o
 .debug_macro   0x0000000000001283      0x121 ./amazon-freertos/FreeRTOS/queue.o
 .debug_macro   0x00000000000013a4      0x196 ./amazon-freertos/FreeRTOS/tasks.o
 .debug_macro   0x000000000000153a       0x10 ./amazon-freertos/FreeRTOS/tasks.o
 .debug_macro   0x000000000000154a       0xfb ./amazon-freertos/FreeRTOS/timers.o
 .debug_macro   0x0000000000001645       0x97 ./CMSIS/system_MKL46Z4.o

.debug_line     0x0000000000000000     0x91aa
 .debug_line    0x0000000000000000      0x1ed ./startup/startup_mkl46z4.o
 .debug_line    0x00000000000001ed      0x3dd ./source/kl46z/adc.o
 .debug_line    0x00000000000005ca      0x238 ./source/kl46z/delay.o
 .debug_line    0x0000000000000802      0x380 ./source/kl46z/gpio.o
 .debug_line    0x0000000000000b82      0x502 ./source/kl46z/lcd.o
 .debug_line    0x0000000000001084      0x4cb ./source/kl46z/port.o
 .debug_line    0x000000000000154f      0x8c5 ./source/main.o
 .debug_line    0x0000000000001e14       0xd5 ./source/mtb.o
 .debug_line    0x0000000000001ee9       0x59 ./source/semihost_hardfault.o
 .debug_line    0x0000000000001f42      0x32b ./freertos/portable/fsl_tickless_systick.o
 .debug_line    0x000000000000226d     0x139a ./drivers/fsl_i2c.o
 .debug_line    0x0000000000003607      0xdaf ./drivers/fsl_lpsci.o
 .debug_line    0x00000000000043b6      0xdba ./drivers/fsl_uart.o
 .debug_line    0x0000000000005170      0x56d ./amazon-freertos/portable/heap_4.o
 .debug_line    0x00000000000056dd      0x502 ./amazon-freertos/FreeRTOS/portable/port.o
 .debug_line    0x0000000000005bdf      0x3f4 ./amazon-freertos/FreeRTOS/list.o
 .debug_line    0x0000000000005fd3      0xf8d ./amazon-freertos/FreeRTOS/queue.o
 .debug_line    0x0000000000006f60     0x16c4 ./amazon-freertos/FreeRTOS/tasks.o
 .debug_line    0x0000000000008624      0x82f ./amazon-freertos/FreeRTOS/timers.o
 .debug_line    0x0000000000008e53      0x357 ./CMSIS/system_MKL46Z4.o

.debug_str      0x0000000000000000    0x56fcb
 .debug_str     0x0000000000000000     0x3060 ./startup/startup_mkl46z4.o
                                       0x30d8 (size before relaxing)
 .debug_str     0x0000000000003060    0x400cb ./source/kl46z/adc.o
                                      0x42fbb (size before relaxing)
 .debug_str     0x000000000004312b       0x33 ./source/kl46z/delay.o
                                       0x43b9 (size before relaxing)
 .debug_str     0x000000000004315e      0x124 ./source/kl46z/gpio.o
                                      0x42d97 (size before relaxing)
 .debug_str     0x0000000000043282      0x3e3 ./source/kl46z/lcd.o
                                      0x430dd (size before relaxing)
 .debug_str     0x0000000000043665      0x25f ./source/kl46z/port.o
                                      0x43000 (size before relaxing)
 .debug_str     0x00000000000438c4     0xd8fd ./source/main.o
                                      0x50afa (size before relaxing)
 .debug_str     0x00000000000511c1      0x532 ./source/mtb.o
                                       0x31ff (size before relaxing)
 .debug_str     0x00000000000516f3       0x1f ./source/semihost_hardfault.o
                                       0x2cec (size before relaxing)
 .debug_str     0x0000000000051712      0x545 ./freertos/portable/fsl_tickless_systick.o
                                       0x80c4 (size before relaxing)
 .debug_str     0x0000000000051c57     0x1042 ./drivers/fsl_i2c.o
                                      0x4ba5c (size before relaxing)
 .debug_str     0x0000000000052c99      0xae0 ./drivers/fsl_lpsci.o
                                      0x4b8df (size before relaxing)
 .debug_str     0x0000000000053779      0x9e9 ./drivers/fsl_uart.o
                                      0x4b8fc (size before relaxing)
 .debug_str     0x0000000000054162      0x28e ./amazon-freertos/portable/heap_4.o
                                       0x7e5f (size before relaxing)
 .debug_str     0x00000000000543f0      0x19c ./amazon-freertos/FreeRTOS/portable/port.o
                                       0x8271 (size before relaxing)
 .debug_str     0x000000000005458c      0x12e ./amazon-freertos/FreeRTOS/list.o
                                       0x777a (size before relaxing)
 .debug_str     0x00000000000546ba      0x7e3 ./amazon-freertos/FreeRTOS/queue.o
                                       0x8c7b (size before relaxing)
 .debug_str     0x0000000000054e9d     0x1b92 ./amazon-freertos/FreeRTOS/tasks.o
                                       0x9a0b (size before relaxing)
 .debug_str     0x0000000000056a2f      0x529 ./amazon-freertos/FreeRTOS/timers.o
                                       0x918a (size before relaxing)
 .debug_str     0x0000000000056f58       0x73 ./CMSIS/system_MKL46Z4.o
                                      0x49734 (size before relaxing)

.comment        0x0000000000000000       0x49
 .comment       0x0000000000000000       0x49 ./startup/startup_mkl46z4.o
                                         0x4a (size before relaxing)
 .comment       0x0000000000000049       0x4a ./source/kl46z/adc.o
 .comment       0x0000000000000049       0x4a ./source/kl46z/delay.o
 .comment       0x0000000000000049       0x4a ./source/kl46z/gpio.o
 .comment       0x0000000000000049       0x4a ./source/kl46z/lcd.o
 .comment       0x0000000000000049       0x4a ./source/kl46z/port.o
 .comment       0x0000000000000049       0x4a ./source/main.o
 .comment       0x0000000000000049       0x4a ./source/mtb.o
 .comment       0x0000000000000049       0x4a ./source/semihost_hardfault.o
 .comment       0x0000000000000049       0x4a ./freertos/portable/fsl_tickless_systick.o
 .comment       0x0000000000000049       0x4a ./drivers/fsl_i2c.o
 .comment       0x0000000000000049       0x4a ./drivers/fsl_lpsci.o
 .comment       0x0000000000000049       0x4a ./drivers/fsl_uart.o
 .comment       0x0000000000000049       0x4a ./amazon-freertos/portable/heap_4.o
 .comment       0x0000000000000049       0x4a ./amazon-freertos/FreeRTOS/portable/port.o
 .comment       0x0000000000000049       0x4a ./amazon-freertos/FreeRTOS/list.o
 .comment       0x0000000000000049       0x4a ./amazon-freertos/FreeRTOS/queue.o
 .comment       0x0000000000000049       0x4a ./amazon-freertos/FreeRTOS/tasks.o
 .comment       0x0000000000000049       0x4a ./amazon-freertos/FreeRTOS/timers.o
 .comment       0x0000000000000049       0x4a ./CMSIS/system_MKL46Z4.o
 .comment       0x0000000000000049       0x4a /usr/local/mcuxpressoide-11.5.1_7266/ide/plugins/com.nxp.mcuxpresso.tools.linux_11.5.1.202201181444/tools/bin/../lib/gcc/arm-none-eabi/10.3.1/../../../../arm-none-eabi/lib/thumb/v6-m/nofp/libcr_semihost_nf.a(_cr__main.o)
 .comment       0x0000000000000049       0x4a /usr/local/mcuxpressoide-11.5.1_7266/ide/plugins/com.nxp.mcuxpresso.tools.linux_11.5.1.202201181444/tools/bin/../lib/gcc/arm-none-eabi/10.3.1/../../../../arm-none-eabi/lib/thumb/v6-m/nofp/libcr_semihost_nf.a(__ciob.o)
 .comment       0x0000000000000049       0x4a /usr/local/mcuxpressoide-11.5.1_7266/ide/plugins/com.nxp.mcuxpresso.tools.linux_11.5.1.202201181444/tools/bin/../lib/gcc/arm-none-eabi/10.3.1/../../../../arm-none-eabi/lib/thumb/v6-m/nofp/libcr_c.a(memcpy.o)
 .comment       0x0000000000000049       0x4a /usr/local/mcuxpressoide-11.5.1_7266/ide/plugins/com.nxp.mcuxpresso.tools.linux_11.5.1.202201181444/tools/bin/../lib/gcc/arm-none-eabi/10.3.1/../../../../arm-none-eabi/lib/thumb/v6-m/nofp/libcr_c.a(memset.o)
 .comment       0x0000000000000049       0x4a /usr/local/mcuxpressoide-11.5.1_7266/ide/plugins/com.nxp.mcuxpresso.tools.linux_11.5.1.202201181444/tools/bin/../lib/gcc/arm-none-eabi/10.3.1/../../../../arm-none-eabi/lib/thumb/v6-m/nofp/libcr_c.a(_deferredlazyseek.o)
 .comment       0x0000000000000049       0x4a /usr/local/mcuxpressoide-11.5.1_7266/ide/plugins/com.nxp.mcuxpresso.tools.linux_11.5.1.202201181444/tools/bin/../lib/gcc/arm-none-eabi/10.3.1/../../../../arm-none-eabi/lib/thumb/v6-m/nofp/libcr_c.a(_fflush.o)
 .comment       0x0000000000000049       0x4a /usr/local/mcuxpressoide-11.5.1_7266/ide/plugins/com.nxp.mcuxpresso.tools.linux_11.5.1.202201181444/tools/bin/../lib/gcc/arm-none-eabi/10.3.1/../../../../arm-none-eabi/lib/thumb/v6-m/nofp/libcr_c.a(_writebuf.o)
 .comment       0x0000000000000049       0x4a /usr/local/mcuxpressoide-11.5.1_7266/ide/plugins/com.nxp.mcuxpresso.tools.linux_11.5.1.202201181444/tools/bin/../lib/gcc/arm-none-eabi/10.3.1/../../../../arm-none-eabi/lib/thumb/v6-m/nofp/libcr_c.a(alloc.o)
 .comment       0x0000000000000049       0x4a /usr/local/mcuxpressoide-11.5.1_7266/ide/plugins/com.nxp.mcuxpresso.tools.linux_11.5.1.202201181444/tools/bin/../lib/gcc/arm-none-eabi/10.3.1/../../../../arm-none-eabi/lib/thumb/v6-m/nofp/libcr_c.a(fseek.o)
 .comment       0x0000000000000049       0x4a /usr/local/mcuxpressoide-11.5.1_7266/ide/plugins/com.nxp.mcuxpresso.tools.linux_11.5.1.202201181444/tools/bin/../lib/gcc/arm-none-eabi/10.3.1/../../../../arm-none-eabi/lib/thumb/v6-m/nofp/libcr_c.a(ftell.o)
 .comment       0x0000000000000049       0x4a /usr/local/mcuxpressoide-11.5.1_7266/ide/plugins/com.nxp.mcuxpresso.tools.linux_11.5.1.202201181444/tools/bin/../lib/gcc/arm-none-eabi/10.3.1/../../../../arm-none-eabi/lib/thumb/v6-m/nofp/libcr_c.a(initio.o)
 .comment       0x0000000000000049       0x4a /usr/local/mcuxpressoide-11.5.1_7266/ide/plugins/com.nxp.mcuxpresso.tools.linux_11.5.1.202201181444/tools/bin/../lib/gcc/arm-none-eabi/10.3.1/../../../../arm-none-eabi/lib/thumb/v6-m/nofp/libcr_c.a(itoa.o)
 .comment       0x0000000000000049       0x4a /usr/local/mcuxpressoide-11.5.1_7266/ide/plugins/com.nxp.mcuxpresso.tools.linux_11.5.1.202201181444/tools/bin/../lib/gcc/arm-none-eabi/10.3.1/../../../../arm-none-eabi/lib/thumb/v6-m/nofp/libcr_c.a(printf.o)
 .comment       0x0000000000000049       0x4a /usr/local/mcuxpressoide-11.5.1_7266/ide/plugins/com.nxp.mcuxpresso.tools.linux_11.5.1.202201181444/tools/bin/../lib/gcc/arm-none-eabi/10.3.1/../../../../arm-none-eabi/lib/thumb/v6-m/nofp/libcr_c.a(setvbuf.o)
 .comment       0x0000000000000049       0x4a /usr/local/mcuxpressoide-11.5.1_7266/ide/plugins/com.nxp.mcuxpresso.tools.linux_11.5.1.202201181444/tools/bin/../lib/gcc/arm-none-eabi/10.3.1/../../../../arm-none-eabi/lib/thumb/v6-m/nofp/libcr_c.a(strlen.o)
 .comment       0x0000000000000049       0x4a /usr/local/mcuxpressoide-11.5.1_7266/ide/plugins/com.nxp.mcuxpresso.tools.linux_11.5.1.202201181444/tools/bin/../lib/gcc/arm-none-eabi/10.3.1/../../../../arm-none-eabi/lib/thumb/v6-m/nofp/libcr_c.a(__init_alloc.o)
 .comment       0x0000000000000049       0x4a /usr/local/mcuxpressoide-11.5.1_7266/ide/plugins/com.nxp.mcuxpresso.tools.linux_11.5.1.202201181444/tools/bin/../lib/gcc/arm-none-eabi/10.3.1/../../../../arm-none-eabi/lib/thumb/v6-m/nofp/libcr_c.a(_cr_sbrk.o)
 .comment       0x0000000000000049       0x4a /usr/local/mcuxpressoide-11.5.1_7266/ide/plugins/com.nxp.mcuxpresso.tools.linux_11.5.1.202201181444/tools/bin/../lib/gcc/arm-none-eabi/10.3.1/../../../../arm-none-eabi/lib/thumb/v6-m/nofp/libcr_c.a(_fdopen.o)
 .comment       0x0000000000000049       0x4a /usr/local/mcuxpressoide-11.5.1_7266/ide/plugins/com.nxp.mcuxpresso.tools.linux_11.5.1.202201181444/tools/bin/../lib/gcc/arm-none-eabi/10.3.1/../../../../arm-none-eabi/lib/thumb/v6-m/nofp/libcr_c.a(errno.o)
 .comment       0x0000000000000049       0x4a /usr/local/mcuxpressoide-11.5.1_7266/ide/plugins/com.nxp.mcuxpresso.tools.linux_11.5.1.202201181444/tools/bin/../lib/gcc/arm-none-eabi/10.3.1/../../../../arm-none-eabi/lib/thumb/v6-m/nofp/libcr_c.a(fclose.o)
 .comment       0x0000000000000049       0x4a /usr/local/mcuxpressoide-11.5.1_7266/ide/plugins/com.nxp.mcuxpresso.tools.linux_11.5.1.202201181444/tools/bin/../lib/gcc/arm-none-eabi/10.3.1/../../../../arm-none-eabi/lib/thumb/v6-m/nofp/libcr_c.a(fflush.o)
 .comment       0x0000000000000049       0x4a /usr/local/mcuxpressoide-11.5.1_7266/ide/plugins/com.nxp.mcuxpresso.tools.linux_11.5.1.202201181444/tools/bin/../lib/gcc/arm-none-eabi/10.3.1/../../../../arm-none-eabi/lib/thumb/v6-m/nofp/libcr_c.a(remove.o)
 .comment       0x0000000000000049       0x4a /usr/local/mcuxpressoide-11.5.1_7266/ide/plugins/com.nxp.mcuxpresso.tools.linux_11.5.1.202201181444/tools/bin/../lib/gcc/arm-none-eabi/10.3.1/../../../../arm-none-eabi/lib/thumb/v6-m/nofp/libcr_c.a(_cr_check_heap.o)
 .comment       0x0000000000000049       0x4a /usr/local/mcuxpressoide-11.5.1_7266/ide/plugins/com.nxp.mcuxpresso.tools.linux_11.5.1.202201181444/tools/bin/../lib/gcc/arm-none-eabi/10.3.1/../../../../arm-none-eabi/lib/thumb/v6-m/nofp/libcr_c.a(_do_fflush.o)
 .comment       0x0000000000000049       0x4a /usr/local/mcuxpressoide-11.5.1_7266/ide/plugins/com.nxp.mcuxpresso.tools.linux_11.5.1.202201181444/tools/bin/../lib/gcc/arm-none-eabi/10.3.1/thumb/v6-m/nofp/libcr_eabihelpers.a(double.o)

.ARM.attributes
                0x0000000000000000       0x2a
 .ARM.attributes
                0x0000000000000000       0x2c ./startup/startup_mkl46z4.o
 .ARM.attributes
                0x000000000000002c       0x2c ./source/kl46z/adc.o
 .ARM.attributes
                0x0000000000000058       0x2c ./source/kl46z/delay.o
 .ARM.attributes
                0x0000000000000084       0x2c ./source/kl46z/gpio.o
 .ARM.attributes
                0x00000000000000b0       0x2c ./source/kl46z/lcd.o
 .ARM.attributes
                0x00000000000000dc       0x2c ./source/kl46z/port.o
 .ARM.attributes
                0x0000000000000108       0x2c ./source/main.o
 .ARM.attributes
                0x0000000000000134       0x32 ./source/mtb.o
 .ARM.attributes
                0x0000000000000166       0x2c ./source/semihost_hardfault.o
 .ARM.attributes
                0x0000000000000192       0x2c ./freertos/portable/fsl_tickless_systick.o
 .ARM.attributes
                0x00000000000001be       0x2c ./drivers/fsl_i2c.o
 .ARM.attributes
                0x00000000000001ea       0x2c ./drivers/fsl_lpsci.o
 .ARM.attributes
                0x0000000000000216       0x2c ./drivers/fsl_uart.o
 .ARM.attributes
                0x0000000000000242       0x2c ./amazon-freertos/portable/heap_4.o
 .ARM.attributes
                0x000000000000026e       0x2c ./amazon-freertos/FreeRTOS/portable/port.o
 .ARM.attributes
                0x000000000000029a       0x2c ./amazon-freertos/FreeRTOS/list.o
 .ARM.attributes
                0x00000000000002c6       0x2c ./amazon-freertos/FreeRTOS/queue.o
 .ARM.attributes
                0x00000000000002f2       0x2c ./amazon-freertos/FreeRTOS/tasks.o
 .ARM.attributes
                0x000000000000031e       0x2c ./amazon-freertos/FreeRTOS/timers.o
 .ARM.attributes
                0x000000000000034a       0x2c ./CMSIS/system_MKL46Z4.o
 .ARM.attributes
                0x0000000000000376       0x2c /usr/local/mcuxpressoide-11.5.1_7266/ide/plugins/com.nxp.mcuxpresso.tools.linux_11.5.1.202201181444/tools/bin/../lib/gcc/arm-none-eabi/10.3.1/../../../../arm-none-eabi/lib/thumb/v6-m/nofp/libcr_semihost_nf.a(_cr__main.o)
 .ARM.attributes
                0x00000000000003a2       0x31 /usr/local/mcuxpressoide-11.5.1_7266/ide/plugins/com.nxp.mcuxpresso.tools.linux_11.5.1.202201181444/tools/bin/../lib/gcc/arm-none-eabi/10.3.1/../../../../arm-none-eabi/lib/thumb/v6-m/nofp/libcr_semihost_nf.a(__ciob.o)
 .ARM.attributes
                0x00000000000003d3       0x1c /usr/local/mcuxpressoide-11.5.1_7266/ide/plugins/com.nxp.mcuxpresso.tools.linux_11.5.1.202201181444/tools/bin/../lib/gcc/arm-none-eabi/10.3.1/../../../../arm-none-eabi/lib/thumb/v6-m/nofp/libcr_semihost_nf.a(__sys_appexit.o)
 .ARM.attributes
                0x00000000000003ef       0x2c /usr/local/mcuxpressoide-11.5.1_7266/ide/plugins/com.nxp.mcuxpresso.tools.linux_11.5.1.202201181444/tools/bin/../lib/gcc/arm-none-eabi/10.3.1/../../../../arm-none-eabi/lib/thumb/v6-m/nofp/libcr_c.a(memcpy.o)
 .ARM.attributes
                0x000000000000041b       0x2c /usr/local/mcuxpressoide-11.5.1_7266/ide/plugins/com.nxp.mcuxpresso.tools.linux_11.5.1.202201181444/tools/bin/../lib/gcc/arm-none-eabi/10.3.1/../../../../arm-none-eabi/lib/thumb/v6-m/nofp/libcr_c.a(memset.o)
 .ARM.attributes
                0x0000000000000447       0x2c /usr/local/mcuxpressoide-11.5.1_7266/ide/plugins/com.nxp.mcuxpresso.tools.linux_11.5.1.202201181444/tools/bin/../lib/gcc/arm-none-eabi/10.3.1/../../../../arm-none-eabi/lib/thumb/v6-m/nofp/libcr_c.a(_deferredlazyseek.o)
 .ARM.attributes
                0x0000000000000473       0x2c /usr/local/mcuxpressoide-11.5.1_7266/ide/plugins/com.nxp.mcuxpresso.tools.linux_11.5.1.202201181444/tools/bin/../lib/gcc/arm-none-eabi/10.3.1/../../../../arm-none-eabi/lib/thumb/v6-m/nofp/libcr_c.a(_fflush.o)
 .ARM.attributes
                0x000000000000049f       0x2c /usr/local/mcuxpressoide-11.5.1_7266/ide/plugins/com.nxp.mcuxpresso.tools.linux_11.5.1.202201181444/tools/bin/../lib/gcc/arm-none-eabi/10.3.1/../../../../arm-none-eabi/lib/thumb/v6-m/nofp/libcr_c.a(_writebuf.o)
 .ARM.attributes
                0x00000000000004cb       0x2c /usr/local/mcuxpressoide-11.5.1_7266/ide/plugins/com.nxp.mcuxpresso.tools.linux_11.5.1.202201181444/tools/bin/../lib/gcc/arm-none-eabi/10.3.1/../../../../arm-none-eabi/lib/thumb/v6-m/nofp/libcr_c.a(alloc.o)
 .ARM.attributes
                0x00000000000004f7       0x2c /usr/local/mcuxpressoide-11.5.1_7266/ide/plugins/com.nxp.mcuxpresso.tools.linux_11.5.1.202201181444/tools/bin/../lib/gcc/arm-none-eabi/10.3.1/../../../../arm-none-eabi/lib/thumb/v6-m/nofp/libcr_c.a(fseek.o)
 .ARM.attributes
                0x0000000000000523       0x2c /usr/local/mcuxpressoide-11.5.1_7266/ide/plugins/com.nxp.mcuxpresso.tools.linux_11.5.1.202201181444/tools/bin/../lib/gcc/arm-none-eabi/10.3.1/../../../../arm-none-eabi/lib/thumb/v6-m/nofp/libcr_c.a(ftell.o)
 .ARM.attributes
                0x000000000000054f       0x2c /usr/local/mcuxpressoide-11.5.1_7266/ide/plugins/com.nxp.mcuxpresso.tools.linux_11.5.1.202201181444/tools/bin/../lib/gcc/arm-none-eabi/10.3.1/../../../../arm-none-eabi/lib/thumb/v6-m/nofp/libcr_c.a(initio.o)
 .ARM.attributes
                0x000000000000057b       0x2c /usr/local/mcuxpressoide-11.5.1_7266/ide/plugins/com.nxp.mcuxpresso.tools.linux_11.5.1.202201181444/tools/bin/../lib/gcc/arm-none-eabi/10.3.1/../../../../arm-none-eabi/lib/thumb/v6-m/nofp/libcr_c.a(itoa.o)
 .ARM.attributes
                0x00000000000005a7       0x2c /usr/local/mcuxpressoide-11.5.1_7266/ide/plugins/com.nxp.mcuxpresso.tools.linux_11.5.1.202201181444/tools/bin/../lib/gcc/arm-none-eabi/10.3.1/../../../../arm-none-eabi/lib/thumb/v6-m/nofp/libcr_c.a(printf.o)
 .ARM.attributes
                0x00000000000005d3       0x2c /usr/local/mcuxpressoide-11.5.1_7266/ide/plugins/com.nxp.mcuxpresso.tools.linux_11.5.1.202201181444/tools/bin/../lib/gcc/arm-none-eabi/10.3.1/../../../../arm-none-eabi/lib/thumb/v6-m/nofp/libcr_c.a(setvbuf.o)
 .ARM.attributes
                0x00000000000005ff       0x2c /usr/local/mcuxpressoide-11.5.1_7266/ide/plugins/com.nxp.mcuxpresso.tools.linux_11.5.1.202201181444/tools/bin/../lib/gcc/arm-none-eabi/10.3.1/../../../../arm-none-eabi/lib/thumb/v6-m/nofp/libcr_c.a(strlen.o)
 .ARM.attributes
                0x000000000000062b       0x2c /usr/local/mcuxpressoide-11.5.1_7266/ide/plugins/com.nxp.mcuxpresso.tools.linux_11.5.1.202201181444/tools/bin/../lib/gcc/arm-none-eabi/10.3.1/../../../../arm-none-eabi/lib/thumb/v6-m/nofp/libcr_c.a(__init_alloc.o)
 .ARM.attributes
                0x0000000000000657       0x2c /usr/local/mcuxpressoide-11.5.1_7266/ide/plugins/com.nxp.mcuxpresso.tools.linux_11.5.1.202201181444/tools/bin/../lib/gcc/arm-none-eabi/10.3.1/../../../../arm-none-eabi/lib/thumb/v6-m/nofp/libcr_c.a(_cr_sbrk.o)
 .ARM.attributes
                0x0000000000000683       0x2c /usr/local/mcuxpressoide-11.5.1_7266/ide/plugins/com.nxp.mcuxpresso.tools.linux_11.5.1.202201181444/tools/bin/../lib/gcc/arm-none-eabi/10.3.1/../../../../arm-none-eabi/lib/thumb/v6-m/nofp/libcr_c.a(_fdopen.o)
 .ARM.attributes
                0x00000000000006af       0x31 /usr/local/mcuxpressoide-11.5.1_7266/ide/plugins/com.nxp.mcuxpresso.tools.linux_11.5.1.202201181444/tools/bin/../lib/gcc/arm-none-eabi/10.3.1/../../../../arm-none-eabi/lib/thumb/v6-m/nofp/libcr_c.a(errno.o)
 .ARM.attributes
                0x00000000000006e0       0x2c /usr/local/mcuxpressoide-11.5.1_7266/ide/plugins/com.nxp.mcuxpresso.tools.linux_11.5.1.202201181444/tools/bin/../lib/gcc/arm-none-eabi/10.3.1/../../../../arm-none-eabi/lib/thumb/v6-m/nofp/libcr_c.a(fclose.o)
 .ARM.attributes
                0x000000000000070c       0x2c /usr/local/mcuxpressoide-11.5.1_7266/ide/plugins/com.nxp.mcuxpresso.tools.linux_11.5.1.202201181444/tools/bin/../lib/gcc/arm-none-eabi/10.3.1/../../../../arm-none-eabi/lib/thumb/v6-m/nofp/libcr_c.a(fflush.o)
 .ARM.attributes
                0x0000000000000738       0x2c /usr/local/mcuxpressoide-11.5.1_7266/ide/plugins/com.nxp.mcuxpresso.tools.linux_11.5.1.202201181444/tools/bin/../lib/gcc/arm-none-eabi/10.3.1/../../../../arm-none-eabi/lib/thumb/v6-m/nofp/libcr_c.a(remove.o)
 .ARM.attributes
                0x0000000000000764       0x2c /usr/local/mcuxpressoide-11.5.1_7266/ide/plugins/com.nxp.mcuxpresso.tools.linux_11.5.1.202201181444/tools/bin/../lib/gcc/arm-none-eabi/10.3.1/../../../../arm-none-eabi/lib/thumb/v6-m/nofp/libcr_c.a(_cr_check_heap.o)
 .ARM.attributes
                0x0000000000000790       0x2c /usr/local/mcuxpressoide-11.5.1_7266/ide/plugins/com.nxp.mcuxpresso.tools.linux_11.5.1.202201181444/tools/bin/../lib/gcc/arm-none-eabi/10.3.1/../../../../arm-none-eabi/lib/thumb/v6-m/nofp/libcr_c.a(_do_fflush.o)
 .ARM.attributes
                0x00000000000007bc       0x1c /usr/local/mcuxpressoide-11.5.1_7266/ide/plugins/com.nxp.mcuxpresso.tools.linux_11.5.1.202201181444/tools/bin/../lib/gcc/arm-none-eabi/10.3.1/thumb/v6-m/nofp/libcr_eabihelpers.a(division_32.o)
 .ARM.attributes
                0x00000000000007d8       0x1c /usr/local/mcuxpressoide-11.5.1_7266/ide/plugins/com.nxp.mcuxpresso.tools.linux_11.5.1.202201181444/tools/bin/../lib/gcc/arm-none-eabi/10.3.1/thumb/v6-m/nofp/libcr_eabihelpers.a(division_idiv0.o)
 .ARM.attributes
                0x00000000000007f4       0x2c /usr/local/mcuxpressoide-11.5.1_7266/ide/plugins/com.nxp.mcuxpresso.tools.linux_11.5.1.202201181444/tools/bin/../lib/gcc/arm-none-eabi/10.3.1/thumb/v6-m/nofp/libcr_eabihelpers.a(double.o)
 .ARM.attributes
                0x0000000000000820       0x1c /usr/local/mcuxpressoide-11.5.1_7266/ide/plugins/com.nxp.mcuxpresso.tools.linux_11.5.1.202201181444/tools/bin/../lib/gcc/arm-none-eabi/10.3.1/thumb/v6-m/nofp/libcr_eabihelpers.a(llong.o)
 .ARM.attributes
                0x000000000000083c       0x1c /usr/local/mcuxpressoide-11.5.1_7266/ide/plugins/com.nxp.mcuxpresso.tools.linux_11.5.1.202201181444/tools/bin/../lib/gcc/arm-none-eabi/10.3.1/thumb/v6-m/nofp/libcr_eabihelpers.a(memcpy.o)
 .ARM.attributes
                0x0000000000000858       0x1c /usr/local/mcuxpressoide-11.5.1_7266/ide/plugins/com.nxp.mcuxpresso.tools.linux_11.5.1.202201181444/tools/bin/../lib/gcc/arm-none-eabi/10.3.1/thumb/v6-m/nofp/libcr_eabihelpers.a(thumb1_switch_helpers.o)
 .ARM.attributes
                0x0000000000000874       0x1c /usr/local/mcuxpressoide-11.5.1_7266/ide/plugins/com.nxp.mcuxpresso.tools.linux_11.5.1.202201181444/tools/bin/../lib/gcc/arm-none-eabi/10.3.1/../../../../arm-none-eabi/lib/thumb/v6-m/nofp/libcr_semihost_nf.a(__sys_close.o)
 .ARM.attributes
                0x0000000000000890       0x1c /usr/local/mcuxpressoide-11.5.1_7266/ide/plugins/com.nxp.mcuxpresso.tools.linux_11.5.1.202201181444/tools/bin/../lib/gcc/arm-none-eabi/10.3.1/../../../../arm-none-eabi/lib/thumb/v6-m/nofp/libcr_semihost_nf.a(__sys_flen.o)
 .ARM.attributes
                0x00000000000008ac       0x1c /usr/local/mcuxpressoide-11.5.1_7266/ide/plugins/com.nxp.mcuxpresso.tools.linux_11.5.1.202201181444/tools/bin/../lib/gcc/arm-none-eabi/10.3.1/../../../../arm-none-eabi/lib/thumb/v6-m/nofp/libcr_semihost_nf.a(__sys_istty.o)
 .ARM.attributes
                0x00000000000008c8       0x1c /usr/local/mcuxpressoide-11.5.1_7266/ide/plugins/com.nxp.mcuxpresso.tools.linux_11.5.1.202201181444/tools/bin/../lib/gcc/arm-none-eabi/10.3.1/../../../../arm-none-eabi/lib/thumb/v6-m/nofp/libcr_semihost_nf.a(__sys_remove.o)
 .ARM.attributes
                0x00000000000008e4       0x1c /usr/local/mcuxpressoide-11.5.1_7266/ide/plugins/com.nxp.mcuxpresso.tools.linux_11.5.1.202201181444/tools/bin/../lib/gcc/arm-none-eabi/10.3.1/../../../../arm-none-eabi/lib/thumb/v6-m/nofp/libcr_semihost_nf.a(__sys_seek.o)
 .ARM.attributes