Archive member included to satisfy reference by file (symbol)

/usr/local/mcuxpressoide-11.5.1_7266/ide/plugins/com.nxp.mcuxpresso.tools.linux_11.5.1.202201181444/tools/bin/../lib/gcc/arm-none-eabi/10.3.1/../../../../arm-none-eabi/lib/thumb/v6-m/nofp/libcr_nohost_nf.a(_cr__main.o)
                              ./startup/startup_mkl46z4.o (__main)
/usr/local/mcuxpressoide-11.5.1_7266/ide/plugins/com.nxp.mcuxpresso.tools.linux_11.5.1.202201181444/tools/bin/../lib/gcc/arm-none-eabi/10.3.1/../../../../arm-none-eabi/lib/thumb/v6-m/nofp/libcr_nohost_nf.a(_cr_assert.o)
                              ./utilities/fsl_debug_console.o (__assertion_failed)
/usr/local/mcuxpressoide-11.5.1_7266/ide/plugins/com.nxp.mcuxpresso.tools.linux_11.5.1.202201181444/tools/bin/../lib/gcc/arm-none-eabi/10.3.1/../../../../arm-none-eabi/lib/thumb/v6-m/nofp/libcr_nohost_nf.a(__ciob.o)
                              /usr/local/mcuxpressoide-11.5.1_7266/ide/plugins/com.nxp.mcuxpresso.tools.linux_11.5.1.202201181444/tools/bin/../lib/gcc/arm-none-eabi/10.3.1/../../../../arm-none-eabi/lib/thumb/v6-m/nofp/libcr_nohost_nf.a(_cr_assert.o) (__Ciob)
/usr/local/mcuxpressoide-11.5.1_7266/ide/plugins/com.nxp.mcuxpresso.tools.linux_11.5.1.202201181444/tools/bin/../lib/gcc/arm-none-eabi/10.3.1/../../../../arm-none-eabi/lib/thumb/v6-m/nofp/libcr_nohost_nf.a(__sys_appexit.o)
                              /usr/local/mcuxpressoide-11.5.1_7266/ide/plugins/com.nxp.mcuxpresso.tools.linux_11.5.1.202201181444/tools/bin/../lib/gcc/arm-none-eabi/10.3.1/../../../../arm-none-eabi/lib/thumb/v6-m/nofp/libcr_nohost_nf.a(_cr_assert.o) (__sys_appexit)
/usr/local/mcuxpressoide-11.5.1_7266/ide/plugins/com.nxp.mcuxpresso.tools.linux_11.5.1.202201181444/tools/bin/../lib/gcc/arm-none-eabi/10.3.1/../../../../arm-none-eabi/lib/thumb/v6-m/nofp/libcr_c.a(memcpy.o)
                              ./drivers/fsl_ftfx_cache.o (memcpy)
/usr/local/mcuxpressoide-11.5.1_7266/ide/plugins/com.nxp.mcuxpresso.tools.linux_11.5.1.202201181444/tools/bin/../lib/gcc/arm-none-eabi/10.3.1/../../../../arm-none-eabi/lib/thumb/v6-m/nofp/libcr_c.a(memset.o)
                              ./utilities/fsl_debug_console.o (memset)
/usr/local/mcuxpressoide-11.5.1_7266/ide/plugins/com.nxp.mcuxpresso.tools.linux_11.5.1.202201181444/tools/bin/../lib/gcc/arm-none-eabi/10.3.1/../../../../arm-none-eabi/lib/thumb/v6-m/nofp/libcr_c.a(_deferredlazyseek.o)
                              /usr/local/mcuxpressoide-11.5.1_7266/ide/plugins/com.nxp.mcuxpresso.tools.linux_11.5.1.202201181444/tools/bin/../lib/gcc/arm-none-eabi/10.3.1/../../../../arm-none-eabi/lib/thumb/v6-m/nofp/libcr_nohost_nf.a(_cr_assert.o) (__flsbuf)
/usr/local/mcuxpressoide-11.5.1_7266/ide/plugins/com.nxp.mcuxpresso.tools.linux_11.5.1.202201181444/tools/bin/../lib/gcc/arm-none-eabi/10.3.1/../../../../arm-none-eabi/lib/thumb/v6-m/nofp/libcr_c.a(_fflush.o)
                              /usr/local/mcuxpressoide-11.5.1_7266/ide/plugins/com.nxp.mcuxpresso.tools.linux_11.5.1.202201181444/tools/bin/../lib/gcc/arm-none-eabi/10.3.1/../../../../arm-none-eabi/lib/thumb/v6-m/nofp/libcr_c.a(_deferredlazyseek.o) (_fflush)
/usr/local/mcuxpressoide-11.5.1_7266/ide/plugins/com.nxp.mcuxpresso.tools.linux_11.5.1.202201181444/tools/bin/../lib/gcc/arm-none-eabi/10.3.1/../../../../arm-none-eabi/lib/thumb/v6-m/nofp/libcr_c.a(_writebuf.o)
                              /usr/local/mcuxpressoide-11.5.1_7266/ide/plugins/com.nxp.mcuxpresso.tools.linux_11.5.1.202201181444/tools/bin/../lib/gcc/arm-none-eabi/10.3.1/../../../../arm-none-eabi/lib/thumb/v6-m/nofp/libcr_c.a(_deferredlazyseek.o) (_Cwritebuf)
/usr/local/mcuxpressoide-11.5.1_7266/ide/plugins/com.nxp.mcuxpresso.tools.linux_11.5.1.202201181444/tools/bin/../lib/gcc/arm-none-eabi/10.3.1/../../../../arm-none-eabi/lib/thumb/v6-m/nofp/libcr_c.a(alloc.o)
                              ./drivers/fsl_common.o (malloc)
/usr/local/mcuxpressoide-11.5.1_7266/ide/plugins/com.nxp.mcuxpresso.tools.linux_11.5.1.202201181444/tools/bin/../lib/gcc/arm-none-eabi/10.3.1/../../../../arm-none-eabi/lib/thumb/v6-m/nofp/libcr_c.a(fputs.o)
                              /usr/local/mcuxpressoide-11.5.1_7266/ide/plugins/com.nxp.mcuxpresso.tools.linux_11.5.1.202201181444/tools/bin/../lib/gcc/arm-none-eabi/10.3.1/../../../../arm-none-eabi/lib/thumb/v6-m/nofp/libcr_nohost_nf.a(_cr_assert.o) (fputs)
/usr/local/mcuxpressoide-11.5.1_7266/ide/plugins/com.nxp.mcuxpresso.tools.linux_11.5.1.202201181444/tools/bin/../lib/gcc/arm-none-eabi/10.3.1/../../../../arm-none-eabi/lib/thumb/v6-m/nofp/libcr_c.a(fseek.o)
                              /usr/local/mcuxpressoide-11.5.1_7266/ide/plugins/com.nxp.mcuxpresso.tools.linux_11.5.1.202201181444/tools/bin/../lib/gcc/arm-none-eabi/10.3.1/../../../../arm-none-eabi/lib/thumb/v6-m/nofp/libcr_c.a(_deferredlazyseek.o) (fseek)
/usr/local/mcuxpressoide-11.5.1_7266/ide/plugins/com.nxp.mcuxpresso.tools.linux_11.5.1.202201181444/tools/bin/../lib/gcc/arm-none-eabi/10.3.1/../../../../arm-none-eabi/lib/thumb/v6-m/nofp/libcr_c.a(ftell.o)
[...]
Memory Configuration

Name             Origin             Length             Attributes
PROGRAM_FLASH    0x0000000000000000 0x0000000000040000 xr
SRAM             0x000000001fffe000 0x0000000000008000 xrw
*default*        0x0000000000000000 0xffffffffffffffff

Linker script and memory map

LOAD ./utilities/fsl_debug_console.o
LOAD ./utilities/fsl_io.o
LOAD ./utilities/fsl_log.o
LOAD ./utilities/fsl_str.o
LOAD ./startup/startup_mkl46z4.o
LOAD ./source/system/system.o
LOAD ./source/system/tasks.o
LOAD ./source/kl46z/adc.o
LOAD ./source/kl46z/delay.o
LOAD ./source/kl46z/drivers.o
LOAD ./source/kl46z/gpio.o
LOAD ./source/kl46z/lcd.o
LOAD ./source/kl46z/port.o
LOAD ./source/main.o
LOAD ./source/mtb.o
LOAD ./source/semihost_hardfault.o
LOAD ./freertos/portable/fsl_tickless_systick.o
LOAD ./drivers/fsl_adc16.o
LOAD ./drivers/fsl_clock.o
LOAD ./drivers/fsl_common.o
LOAD ./drivers/fsl_ftfx_cache.o
LOAD ./drivers/fsl_ftfx_controller.o
LOAD ./drivers/fsl_ftfx_flash.o
LOAD ./drivers/fsl_ftfx_flexnvm.o
LOAD ./drivers/fsl_gpio.o
LOAD ./drivers/fsl_i2c.o
LOAD ./drivers/fsl_lpsci.o
LOAD ./drivers/fsl_rtc.o
LOAD ./drivers/fsl_sim.o
LOAD ./drivers/fsl_smc.o
LOAD ./drivers/fsl_tpm.o
LOAD ./drivers/fsl_uart.o
LOAD ./board/board.o
LOAD ./board/clock_config.o
LOAD ./board/peripherals.o
LOAD ./board/pin_mux.o
LOAD ./amazon-freertos/portable/heap_4.o
LOAD ./amazon-freertos/FreeRTOS/portable/port.o
LOAD ./amazon-freertos/FreeRTOS/event_groups.o
LOAD ./amazon-freertos/FreeRTOS/list.o
LOAD ./amazon-freertos/FreeRTOS/queue.o
LOAD ./amazon-freertos/FreeRTOS/stream_buffer.o
LOAD ./amazon-freertos/FreeRTOS/tasks.o
LOAD ./amazon-freertos/FreeRTOS/timers.o
LOAD ./CMSIS/system_MKL46Z4.o
START GROUP
LOAD /usr/local/mcuxpressoide-11.5.1_7266/ide/plugins/com.nxp.mcuxpresso.tools.linux_11.5.1.202201181444/tools/bin/../lib/gcc/arm-none-eabi/10.3.1/../../../../arm-none-eabi/lib/thumb/v6-m/nofp/libcr_nohost_nf.a
LOAD /usr/local/mcuxpressoide-11.5.1_7266/ide/plugins/com.nxp.mcuxpresso.tools.linux_11.5.1.202201181444/tools/bin/../lib/gcc/arm-none-eabi/10.3.1/../../../../arm-none-eabi/lib/thumb/v6-m/nofp/libcr_c.a
LOAD /usr/local/mcuxpressoide-11.5.1_7266/ide/plugins/com.nxp.mcuxpresso.tools.linux_11.5.1.202201181444/tools/bin/../lib/gcc/arm-none-eabi/10.3.1/thumb/v6-m/nofp/libcr_eabihelpers.a
LOAD /usr/local/mcuxpressoide-11.5.1_7266/ide/plugins/com.nxp.mcuxpresso.tools.linux_11.5.1.202201181444/tools/bin/../lib/gcc/arm-none-eabi/10.3.1/thumb/v6-m/nofp/libgcc.a
END GROUP
                0x0000000000000000                __base_PROGRAM_FLASH = 0x0
                0x0000000000000000                __base_Flash = 0x0
                0x0000000000040000                __top_PROGRAM_FLASH = 0x40000
                0x0000000000040000                __top_Flash = 0x40000
                0x000000001fffe000                __base_SRAM = 0x1fffe000
                0x000000001fffe000                __base_RAM = 0x1fffe000
                0x0000000020006000                __top_SRAM = 0x20006000
                0x0000000020006000                __top_RAM = 0x20006000

.text           0x0000000000000000     0x6010
 FILL mask 0xff
                0x0000000000000000                __vectors_start__ = ABSOLUTE (.)
 *(SORT_BY_ALIGNMENT(.isr_vector))
 .isr_vector    0x0000000000000000       0xc0 ./startup/startup_mkl46z4.o
                0x0000000000000000                __Vectors
                0x0000000000000000                g_pfnVectors
                0x00000000000000c0                . = ALIGN (0x4)
                0x00000000000000c0                __section_table_start = .
                0x00000000000000c0                __data_section_table = .
                0x00000000000000c0        0x4 LONG 0x6010 LOADADDR (.data)
                0x00000000000000c4        0x4 LONG 0x1fffe080 ADDR (.data)
                0x00000000000000c8        0x4 LONG 0x34 SIZEOF (.data)
                0x00000000000000cc                __data_section_table_end = .
                0x00000000000000cc                __bss_section_table = .
                0x00000000000000cc        0x4 LONG 0x1fffe0b4 ADDR (.bss)
                0x00000000000000d0        0x4 LONG 0x2ab0 SIZEOF (.bss)
                0x00000000000000d4                __bss_section_table_end = .
                0x00000000000000d4                __section_table_end = .
 *(SORT_BY_ALIGNMENT(.after_vectors*))
 .after_vectors.reset
                0x00000000000000d4       0x4c ./startup/startup_mkl46z4.o
                0x00000000000000d4                ResetISR
 .after_vectors.init_data
                0x0000000000000120       0x12 ./startup/startup_mkl46z4.o
                0x0000000000000120                data_init
 .after_vectors.init_bss
                0x0000000000000132       0x10 ./startup/startup_mkl46z4.o
                0x0000000000000132                bss_init
 .after_vectors
                0x0000000000000142      0x10c ./startup/startup_mkl46z4.o
                0x0000000000000142                NMI_Handler
                0x000000000000014c                PIT_DriverIRQHandler
                0x000000000000014c                DMA0_DriverIRQHandler
                0x000000000000014c                SPI1_DriverIRQHandler
                0x000000000000014c                LPTMR0_DriverIRQHandler
                0x000000000000014c                PORTC_PORTD_DriverIRQHandler
                0x000000000000014c                I2S0_DriverIRQHandler
                0x000000000000014c                TPM2_DriverIRQHandler
                0x000000000000014c                TSI0_DriverIRQHandler
                0x000000000000014c                RTC_Seconds_DriverIRQHandler
                0x000000000000014c                LLWU_DriverIRQHandler
                0x000000000000014c                MCG_DriverIRQHandler
                0x000000000000014c                FTFA_DriverIRQHandler
                0x000000000000014c                IntDefaultHandler
                0x000000000000014c                USB0_DriverIRQHandler
                0x000000000000014c                DAC0_DriverIRQHandler
                0x000000000000014c                LVD_LVW_DriverIRQHandler
                0x000000000000014c                TPM0_DriverIRQHandler
                0x000000000000014c                Reserved20_DriverIRQHandler
                0x000000000000014c                DMA3_DriverIRQHandler
                0x000000000000014c                PORTA_DriverIRQHandler
                0x000000000000014c                TPM1_DriverIRQHandler
                0x000000000000014c                RTC_DriverIRQHandler
                0x000000000000014c                LCD_DriverIRQHandler
                0x000000000000014c                DMA1_DriverIRQHandler
                0x000000000000014c                SPI0_DriverIRQHandler
                0x000000000000014c                ADC0_DriverIRQHandler
                0x000000000000014c                CMP0_DriverIRQHandler
                0x000000000000014c                DMA2_DriverIRQHandler
                0x000000000000014e                DMA0_IRQHandler
                0x0000000000000156                DMA1_IRQHandler
                0x000000000000015e                DMA2_IRQHandler
                0x0000000000000166                DMA3_IRQHandler
                0x000000000000016e                Reserved20_IRQHandler
                0x0000000000000176                FTFA_IRQHandler
                0x000000000000017e                LVD_LVW_IRQHandler
                0x0000000000000186                LLWU_IRQHandler
                0x000000000000018e                I2C0_IRQHandler
                0x0000000000000196                I2C1_IRQHandler
                0x000000000000019e                SPI0_IRQHandler
                0x00000000000001a6                SPI1_IRQHandler
                0x00000000000001ae                UART0_IRQHandler
                0x00000000000001b6                UART1_IRQHandler
                0x00000000000001be                UART2_IRQHandler
                0x00000000000001c6                ADC0_IRQHandler
                0x00000000000001ce                CMP0_IRQHandler
                0x00000000000001d6                TPM0_IRQHandler
                0x00000000000001de                TPM1_IRQHandler
                0x00000000000001e6                TPM2_IRQHandler
                0x00000000000001ee                RTC_IRQHandler
                0x00000000000001f6                RTC_Seconds_IRQHandler
                0x00000000000001fe                PIT_IRQHandler
                0x0000000000000206                I2S0_IRQHandler
                0x000000000000020e                USB0_IRQHandler
                0x0000000000000216                DAC0_IRQHandler
                0x000000000000021e                TSI0_IRQHandler
                0x0000000000000226                MCG_IRQHandler
                0x000000000000022e                LPTMR0_IRQHandler
                0x0000000000000236                LCD_IRQHandler
                0x000000000000023e                PORTA_IRQHandler
                0x0000000000000246                PORTC_PORTD_IRQHandler
                0x0000000000000400                . = 0x400
 *fill*         0x000000000000024e      0x1b2 ff
                0x0000000000000400                PROVIDE (__FLASH_CONFIG_START__ = .)
 *(SORT_BY_ALIGNMENT(.FlashConfig))
 .FlashConfig   0x0000000000000400       0x10 ./startup/startup_mkl46z4.o
                0x0000000000000400                Flash_Config
                0x0000000000000410                PROVIDE (__FLASH_CONFIG_END__ = .)
                0x0000000000000001                ASSERT (! ((__FLASH_CONFIG_START__ == __FLASH_CONFIG_END__)), Linker Flash Config Support Enabled, but no .FlashConfig section provided within application)
 *(SORT_BY_ALIGNMENT(.text*))
 .text.vPortStartFirstTask
                0x0000000000000410       0x38 ./amazon-freertos/FreeRTOS/portable/port.o
 *fill*         0x0000000000000448        0x8 ff
 .text.PendSV_Handler
                0x0000000000000450       0x48 ./amazon-freertos/FreeRTOS/portable/port.o
                0x0000000000000450                PendSV_Handler
 .text.DbgConsole_Init
                0x0000000000000498       0x40 ./utilities/fsl_debug_console.o
                0x0000000000000498                DbgConsole_Init
 .text.DbgConsole_Printf
                0x00000000000004d8       0x88 ./utilities/fsl_debug_console.o
                0x00000000000004d8                DbgConsole_Printf
 .text.IO_Init  0x0000000000000560       0xc8 ./utilities/fsl_io.o
                0x0000000000000560                IO_Init
 .text.IO_Transfer
                0x0000000000000628       0x94 ./utilities/fsl_io.o
                0x0000000000000628                IO_Transfer
 .text.LOG_Push
                0x00000000000006bc       0x34 ./utilities/fsl_log.o
                0x00000000000006bc                LOG_Push
 .text.adcReadInput
                0x00000000000006f0       0x30 ./source/kl46z/adc.o
                0x00000000000006f0                adcReadInput
 .text.adcInitModule
                0x0000000000000720       0xa0 ./source/kl46z/adc.o
                0x0000000000000720                adcInitModule
 .text.adcCalibration
                0x00000000000007c0       0xe4 ./source/kl46z/adc.o
                0x00000000000007c0                adcCalibration
 .text.delay_ms
                0x00000000000008a4       0x40 ./source/kl46z/delay.o
                0x00000000000008a4                delay_ms
 .text.gpioPinInit
                0x00000000000008e4       0x90 ./source/kl46z/gpio.o
                0x00000000000008e4                gpioPinInit
 .text.gpioPinWrite
                0x0000000000000974       0x7c ./source/kl46z/gpio.o
                0x0000000000000974                gpioPinWrite
 .text.portInitPort
                0x00000000000009f0       0x50 ./source/kl46z/port.o
                0x00000000000009f0                portInitPort
 .text.portSetPinMux
                0x0000000000000a40       0xb4 ./source/kl46z/port.o
                0x0000000000000a40                portSetPinMux
 .text.portGetPinPort
                0x0000000000000af4       0x38 ./source/kl46z/port.o
                0x0000000000000af4                portGetPinPort
 .text.main     0x0000000000000b2c       0x94 ./source/main.o
                0x0000000000000b2c                main
 .text.taskTemperature
                0x0000000000000bc0      0x114 ./source/main.o
                0x0000000000000bc0                taskTemperature
 .text.taskLcd  0x0000000000000cd4      0x134 ./source/main.o
                0x0000000000000cd4                taskLcd
 .text.sysStartupScreen
                0x0000000000000e08       0x58 ./source/main.o
                0x0000000000000e08                sysStartupScreen
 .text.sysLcdInit
                0x0000000000000e60       0xf0 ./source/main.o
                0x0000000000000e60                sysLcdInit
 .text.sysAdcInit
                0x0000000000000f50       0x68 ./source/main.o
                0x0000000000000f50                sysAdcInit
 .text.taskControlLed
                0x0000000000000fb8       0x20 ./source/main.o
                0x0000000000000fb8                taskControlLed
 .text.sysPwmInit
                0x0000000000000fd8       0xa8 ./source/main.o
                0x0000000000000fd8                sysPwmInit
 .text.HardFault_Handler
                0x0000000000001080       0x30 ./source/semihost_hardfault.o
                0x0000000000001080                HardFault_Handler
 .text.prvSetupTimerInterrupt
                0x00000000000010b0       0x3c ./freertos/portable/fsl_tickless_systick.o
                0x00000000000010b0                prvSetupTimerInterrupt
 .text.CLOCK_SetEr32kClock
                0x00000000000010ec       0x34 ./drivers/fsl_clock.o
 .text.CLOCK_SetPllFllSelClock
                0x0000000000001120       0x38 ./drivers/fsl_clock.o
 .text.CLOCK_GetMcgExtClkFreq
                0x0000000000001158       0x28 ./drivers/fsl_clock.o
 .text.CLOCK_GetFllExtRefClkFreq
                0x0000000000001180       0xa8 ./drivers/fsl_clock.o
 .text.CLOCK_GetFllRefClkFreq
                0x0000000000001228       0x2c ./drivers/fsl_clock.o
 .text.CLOCK_GetPllFllSelClkFreq
                0x0000000000001254       0x4c ./drivers/fsl_clock.o
                0x0000000000001254                CLOCK_GetPllFllSelClkFreq
 .text.CLOCK_SetSimConfig
                0x00000000000012a0       0x38 ./drivers/fsl_clock.o
                0x00000000000012a0                CLOCK_SetSimConfig
 .text.CLOCK_GetFllFreq
                0x00000000000012d8       0x84 ./drivers/fsl_clock.o
                0x00000000000012d8                CLOCK_GetFllFreq
 .text.CLOCK_GetPll0Freq
                0x000000000000135c       0x70 ./drivers/fsl_clock.o
                0x000000000000135c                CLOCK_GetPll0Freq
 .text.CLOCK_SetInternalRefClkConfig
                0x00000000000013cc      0x124 ./drivers/fsl_clock.o
                0x00000000000013cc                CLOCK_SetInternalRefClkConfig
 .text.CLOCK_SetFeiMode
                0x00000000000014f0       0xdc ./drivers/fsl_clock.o
                0x00000000000014f0                CLOCK_SetFeiMode
 .text.I2C_TransferCommonIRQHandler
                0x00000000000015cc       0x58 ./drivers/fsl_i2c.o
 .text.I2C0_DriverIRQHandler
                0x0000000000001624       0x20 ./drivers/fsl_i2c.o
                0x0000000000001624                I2C0_DriverIRQHandler
 .text.I2C1_DriverIRQHandler
                0x0000000000001644       0x20 ./drivers/fsl_i2c.o
                0x0000000000001644                I2C1_DriverIRQHandler
 .text.CLOCK_EnableClock
                0x0000000000001664       0x34 ./drivers/fsl_lpsci.o
 .text.LPSCI_GetInstance
                0x0000000000001698       0x48 ./drivers/fsl_lpsci.o
                0x0000000000001698                LPSCI_GetInstance
 .text.LPSCI_Init
                0x00000000000016e0      0x270 ./drivers/fsl_lpsci.o
                0x00000000000016e0                LPSCI_Init
 .text.LPSCI_GetDefaultConfig
                0x0000000000001950       0x48 ./drivers/fsl_lpsci.o
                0x0000000000001950                LPSCI_GetDefaultConfig
 .text.LPSCI_ClearStatusFlags
                0x0000000000001998       0x94 ./drivers/fsl_lpsci.o
                0x0000000000001998                LPSCI_ClearStatusFlags
 .text.LPSCI_WriteBlocking
                0x0000000000001a2c       0x4c ./drivers/fsl_lpsci.o
                0x0000000000001a2c                LPSCI_WriteBlocking
 .text.LPSCI_ReadBlocking
                0x0000000000001a78       0xc0 ./drivers/fsl_lpsci.o
                0x0000000000001a78                LPSCI_ReadBlocking
 .text.UART0_DriverIRQHandler
                0x0000000000001b38       0x24 ./drivers/fsl_lpsci.o
                0x0000000000001b38                UART0_DriverIRQHandler
 .text.CLOCK_EnableClock
                0x0000000000001b5c       0x34 ./drivers/fsl_uart.o
 .text.UART_GetInstance
                0x0000000000001b90       0x54 ./drivers/fsl_uart.o
                0x0000000000001b90                UART_GetInstance
 .text.UART_Init
                0x0000000000001be4      0x1f8 ./drivers/fsl_uart.o
                0x0000000000001be4                UART_Init
 .text.UART_GetDefaultConfig
                0x0000000000001ddc       0x48 ./drivers/fsl_uart.o
                0x0000000000001ddc                UART_GetDefaultConfig
 .text.UART_ReadBlocking
                0x0000000000001e24       0x98 ./drivers/fsl_uart.o
                0x0000000000001e24                UART_ReadBlocking
 .text.UART1_DriverIRQHandler
                0x0000000000001ebc       0x24 ./drivers/fsl_uart.o
                0x0000000000001ebc                UART1_DriverIRQHandler
 .text.UART2_DriverIRQHandler
                0x0000000000001ee0       0x24 ./drivers/fsl_uart.o
                0x0000000000001ee0                UART2_DriverIRQHandler
 .text.CLOCK_SetLpsci0Clock
                0x0000000000001f04       0x38 ./board/board.o
 .text.BOARD_InitDebugConsole
                0x0000000000001f3c       0x30 ./board/board.o
                0x0000000000001f3c                BOARD_InitDebugConsole
 .text.CLOCK_SetSimSafeDivs
                0x0000000000001f6c       0x20 ./board/clock_config.o
 .text.CLOCK_CONFIG_FllStableDelay
                0x0000000000001f8c       0x28 ./board/clock_config.o
 .text.BOARD_BootClockRUN
                0x0000000000001fb4       0x44 ./board/clock_config.o
                0x0000000000001fb4                BOARD_BootClockRUN
 .text.CLOCK_EnableClock
                0x0000000000001ff8       0x34 ./board/pin_mux.o
 .text.PORT_SetPinConfig
                0x000000000000202c       0x38 ./board/pin_mux.o
 .text.BOARD_InitDEBUG_UART
                0x0000000000002064       0x80 ./board/pin_mux.o
                0x0000000000002064                BOARD_InitDEBUG_UART
 .text.pvPortMalloc
                0x00000000000020e4      0x14c ./amazon-freertos/portable/heap_4.o
                0x00000000000020e4                pvPortMalloc
 .text.vPortFree
                0x0000000000002230       0x90 ./amazon-freertos/portable/heap_4.o
                0x0000000000002230                vPortFree
 .text.prvHeapInit
                0x00000000000022c0       0xc0 ./amazon-freertos/portable/heap_4.o
 .text.prvInsertBlockIntoFreeList
                0x0000000000002380       0xb0 ./amazon-freertos/portable/heap_4.o
 .text.pxPortInitialiseStack
                0x0000000000002430       0x54 ./amazon-freertos/FreeRTOS/portable/port.o
                0x0000000000002430                pxPortInitialiseStack
 .text.prvTaskExitError
                0x0000000000002484       0x30 ./amazon-freertos/FreeRTOS/portable/port.o
 .text.xPortStartScheduler
                0x00000000000024b4       0x48 ./amazon-freertos/FreeRTOS/portable/port.o
                0x00000000000024b4                xPortStartScheduler
 .text.vPortYield
                0x00000000000024fc       0x20 ./amazon-freertos/FreeRTOS/portable/port.o
                0x00000000000024fc                vPortYield
 .text.vPortEnterCritical
                0x000000000000251c       0x24 ./amazon-freertos/FreeRTOS/portable/port.o
                0x000000000000251c                vPortEnterCritical
 .text.vPortExitCritical
                0x0000000000002540       0x30 ./amazon-freertos/FreeRTOS/portable/port.o
                0x0000000000002540                vPortExitCritical
 .text.SysTick_Handler
                0x0000000000002570       0x34 ./amazon-freertos/FreeRTOS/portable/port.o
                0x0000000000002570                SysTick_Handler
 .text.vQueueAddToRegistry
                0x00000000000025a4       0x50 ./amazon-freertos/FreeRTOS/queue.o
                0x00000000000025a4                vQueueAddToRegistry
 .text.prvInitialiseNewTask
                0x00000000000025f4      0x120 ./amazon-freertos/FreeRTOS/tasks.o
 .text.prvAddNewTaskToReadyList
                0x0000000000002714       0xd0 ./amazon-freertos/FreeRTOS/tasks.o
 .text.vTaskDelay
                0x00000000000027e4       0x4c ./amazon-freertos/FreeRTOS/tasks.o
                0x00000000000027e4                vTaskDelay
 .text.vTaskStartScheduler
                0x0000000000002830       0x78 ./amazon-freertos/FreeRTOS/tasks.o
                0x0000000000002830                vTaskStartScheduler
 .text.vTaskSuspendAll
                0x00000000000028a8       0x18 ./amazon-freertos/FreeRTOS/tasks.o
                0x00000000000028a8                vTaskSuspendAll
 .text.xTaskResumeAll
                0x00000000000028c0      0x118 ./amazon-freertos/FreeRTOS/tasks.o
                0x00000000000028c0                xTaskResumeAll
 .text.xTaskGetTickCount
                0x00000000000029d8       0x1c ./amazon-freertos/FreeRTOS/tasks.o
                0x00000000000029d8                xTaskGetTickCount
 .text.xTaskIncrementTick
                0x00000000000029f4      0x168 ./amazon-freertos/FreeRTOS/tasks.o
                0x00000000000029f4                xTaskIncrementTick
 .text.vTaskSwitchContext
                0x0000000000002b5c       0xa4 ./amazon-freertos/FreeRTOS/tasks.o
                0x0000000000002b5c                vTaskSwitchContext
 .text.vTaskPlaceOnEventList
                0x0000000000002c00       0x3c ./amazon-freertos/FreeRTOS/tasks.o
                0x0000000000002c00                vTaskPlaceOnEventList
 .text.vTaskPlaceOnEventListRestricted
                0x0000000000002c3c       0x4c ./amazon-freertos/FreeRTOS/tasks.o
                0x0000000000002c3c                vTaskPlaceOnEventListRestricted
 .text.xTaskRemoveFromEventList
                0x0000000000002c88       0xb8 ./amazon-freertos/FreeRTOS/tasks.o
                0x0000000000002c88                xTaskRemoveFromEventList
 .text.vTaskInternalSetTimeOutState
                0x0000000000002d40       0x28 ./amazon-freertos/FreeRTOS/tasks.o
                0x0000000000002d40                vTaskInternalSetTimeOutState
 .text.xTaskCheckForTimeOut
                0x0000000000002d68       0xa0 ./amazon-freertos/FreeRTOS/tasks.o
                0x0000000000002d68                xTaskCheckForTimeOut
 .text.vTaskMissedYield
                0x0000000000002e08       0x14 ./amazon-freertos/FreeRTOS/tasks.o
                0x0000000000002e08                vTaskMissedYield
 .text.prvIdleTask
                0x0000000000002e1c       0x20 ./amazon-freertos/FreeRTOS/tasks.o
 .text.prvInitialiseTaskLists
                0x0000000000002e3c       0x88 ./amazon-freertos/FreeRTOS/tasks.o
 .text.prvCheckTasksWaitingTermination
                0x0000000000002ec4       0x5c ./amazon-freertos/FreeRTOS/tasks.o
 .text.prvResetNextTaskUnblockTime
                0x0000000000002f20       0x48 ./amazon-freertos/FreeRTOS/tasks.o
 .text.xTaskGetSchedulerState
                0x0000000000002f68       0x38 ./amazon-freertos/FreeRTOS/tasks.o
                0x0000000000002f68                xTaskGetSchedulerState
 .text.xTaskPriorityDisinherit
                0x0000000000002fa0       0xb8 ./amazon-freertos/FreeRTOS/tasks.o
                0x0000000000002fa0                xTaskPriorityDisinherit
 .text.xTaskGenericNotify
                0x0000000000003058      0x118 ./amazon-freertos/FreeRTOS/tasks.o
                0x0000000000003058                xTaskGenericNotify
 .text.xTaskGenericNotifyFromISR
                0x0000000000003170      0x154 ./amazon-freertos/FreeRTOS/tasks.o
                0x0000000000003170                xTaskGenericNotifyFromISR
 .text.prvAddCurrentTaskToDelayedList
                0x00000000000032c4       0xa8 ./amazon-freertos/FreeRTOS/tasks.o
 .text.xTimerCreateTimerTask
                0x000000000000336c       0x54 ./amazon-freertos/FreeRTOS/timers.o
                0x000000000000336c                xTimerCreateTimerTask
 .text.xTimerGenericCommand
                0x00000000000033c0       0x94 ./amazon-freertos/FreeRTOS/timers.o
                0x00000000000033c0                xTimerGenericCommand
 .text.prvProcessExpiredTimer
                0x0000000000003454       0x70 ./amazon-freertos/FreeRTOS/timers.o
 .text.prvProcessTimerOrBlockTask
                0x00000000000034c4       0x8c ./amazon-freertos/FreeRTOS/timers.o
 .text.prvGetNextExpireTime
                0x0000000000003550       0x40 ./amazon-freertos/FreeRTOS/timers.o
 .text.prvSampleTimeNow
                0x0000000000003590       0x40 ./amazon-freertos/FreeRTOS/timers.o
 .text.prvInsertTimerInActiveList
                0x00000000000035d0       0x84 ./amazon-freertos/FreeRTOS/timers.o
 .text.prvProcessReceivedCommands
                0x0000000000003654      0x128 ./amazon-freertos/FreeRTOS/timers.o
 .text.prvSwitchTimerLists
                0x000000000000377c       0xb4 ./amazon-freertos/FreeRTOS/timers.o
 .text.prvCheckForValidListAndQueue
                0x0000000000003830       0x74 ./amazon-freertos/FreeRTOS/timers.o
 .text.SystemInit
                0x00000000000038a4       0x1c ./CMSIS/system_MKL46Z4.o
                0x00000000000038a4                SystemInit
 .text.__assertion_failed
                0x00000000000038c0       0x4c /usr/local/mcuxpressoide-11.5.1_7266/ide/plugins/com.nxp.mcuxpresso.tools.linux_11.5.1.202201181444/tools/bin/../lib/gcc/arm-none-eabi/10.3.1/../../../../arm-none-eabi/lib/thumb/v6-m/nofp/libcr_nohost_nf.a(_cr_assert.o)
                0x00000000000038c0                __assertion_failed
 .text._deferredlazyseek
                0x000000000000390c       0x40 /usr/local/mcuxpressoide-11.5.1_7266/ide/plugins/com.nxp.mcuxpresso.tools.linux_11.5.1.202201181444/tools/bin/../lib/gcc/arm-none-eabi/10.3.1/../../../../arm-none-eabi/lib/thumb/v6-m/nofp/libcr_c.a(_deferredlazyseek.o)
                0x000000000000390c                _deferredlazyseek
 .text.__flsbuf
                0x000000000000394c      0x150 /usr/local/mcuxpressoide-11.5.1_7266/ide/plugins/com.nxp.mcuxpresso.tools.linux_11.5.1.202201181444/tools/bin/../lib/gcc/arm-none-eabi/10.3.1/../../../../arm-none-eabi/lib/thumb/v6-m/nofp/libcr_c.a(_deferredlazyseek.o)
                0x000000000000394c                __flsbuf
 .text._fflush  0x0000000000003a9c       0x60 /usr/local/mcuxpressoide-11.5.1_7266/ide/plugins/com.nxp.mcuxpresso.tools.linux_11.5.1.202201181444/tools/bin/../lib/gcc/arm-none-eabi/10.3.1/../../../../arm-none-eabi/lib/thumb/v6-m/nofp/libcr_c.a(_fflush.o)
                0x0000000000003a9c                _fflush
 .text._Cwritebuf
                0x0000000000003afc       0x68 /usr/local/mcuxpressoide-11.5.1_7266/ide/plugins/com.nxp.mcuxpresso.tools.linux_11.5.1.202201181444/tools/bin/../lib/gcc/arm-none-eabi/10.3.1/../../../../arm-none-eabi/lib/thumb/v6-m/nofp/libcr_c.a(_writebuf.o)
                0x0000000000003afc                _Cwritebuf
 .text.malloc   0x0000000000003b64       0xcc /usr/local/mcuxpressoide-11.5.1_7266/ide/plugins/com.nxp.mcuxpresso.tools.linux_11.5.1.202201181444/tools/bin/../lib/gcc/arm-none-eabi/10.3.1/../../../../arm-none-eabi/lib/thumb/v6-m/nofp/libcr_c.a(alloc.o)
                0x0000000000003b64                malloc
 .text._Csys_alloc
                0x0000000000003c30       0x20 /usr/local/mcuxpressoide-11.5.1_7266/ide/plugins/com.nxp.mcuxpresso.tools.linux_11.5.1.202201181444/tools/bin/../lib/gcc/arm-none-eabi/10.3.1/../../../../arm-none-eabi/lib/thumb/v6-m/nofp/libcr_c.a(alloc.o)
                0x0000000000003c30                _Csys_alloc
 .text.fseek    0x0000000000003c50       0xf0 /usr/local/mcuxpressoide-11.5.1_7266/ide/plugins/com.nxp.mcuxpresso.tools.linux_11.5.1.202201181444/tools/bin/../lib/gcc/arm-none-eabi/10.3.1/../../../../arm-none-eabi/lib/thumb/v6-m/nofp/libcr_c.a(fseek.o)
                0x0000000000003c50                fseek
 .text.ftell    0x0000000000003d40       0x48 /usr/local/mcuxpressoide-11.5.1_7266/ide/plugins/com.nxp.mcuxpresso.tools.linux_11.5.1.202201181444/tools/bin/../lib/gcc/arm-none-eabi/10.3.1/../../../../arm-none-eabi/lib/thumb/v6-m/nofp/libcr_c.a(ftell.o)
                0x0000000000003d40                ftell
 .text._initio  0x0000000000003d88       0x7c /usr/local/mcuxpressoide-11.5.1_7266/ide/plugins/com.nxp.mcuxpresso.tools.linux_11.5.1.202201181444/tools/bin/../lib/gcc/arm-none-eabi/10.3.1/../../../../arm-none-eabi/lib/thumb/v6-m/nofp/libcr_c.a(initio.o)
                0x0000000000003d88                _initio
 .text.itoa     0x0000000000003e04       0x60 /usr/local/mcuxpressoide-11.5.1_7266/ide/plugins/com.nxp.mcuxpresso.tools.linux_11.5.1.202201181444/tools/bin/../lib/gcc/arm-none-eabi/10.3.1/../../../../arm-none-eabi/lib/thumb/v6-m/nofp/libcr_c.a(itoa.o)
                0x0000000000003e04                itoa
 .text.setvbuf  0x0000000000003e64       0x4c /usr/local/mcuxpressoide-11.5.1_7266/ide/plugins/com.nxp.mcuxpresso.tools.linux_11.5.1.202201181444/tools/bin/../lib/gcc/arm-none-eabi/10.3.1/../../../../arm-none-eabi/lib/thumb/v6-m/nofp/libcr_c.a(setvbuf.o)
                0x0000000000003e64                setvbuf
 .text.strlen   0x0000000000003eb0       0x58 /usr/local/mcuxpressoide-11.5.1_7266/ide/plugins/com.nxp.mcuxpresso.tools.linux_11.5.1.202201181444/tools/bin/../lib/gcc/arm-none-eabi/10.3.1/../../../../arm-none-eabi/lib/thumb/v6-m/nofp/libcr_c.a(strlen.o)
                0x0000000000003eb0                strlen
 .text._sbrk    0x0000000000003f08       0x44 /usr/local/mcuxpressoide-11.5.1_7266/ide/plugins/com.nxp.mcuxpresso.tools.linux_11.5.1.202201181444/tools/bin/../lib/gcc/arm-none-eabi/10.3.1/../../../../arm-none-eabi/lib/thumb/v6-m/nofp/libcr_c.a(_cr_sbrk.o)
                0x0000000000003f08                _sbrk
 .text._fdopen  0x0000000000003f4c       0x74 /usr/local/mcuxpressoide-11.5.1_7266/ide/plugins/com.nxp.mcuxpresso.tools.linux_11.5.1.202201181444/tools/bin/../lib/gcc/arm-none-eabi/10.3.1/../../../../arm-none-eabi/lib/thumb/v6-m/nofp/libcr_c.a(_fdopen.o)
                0x0000000000003f4c                _fdopen
 .text.fclose   0x0000000000003fc0       0x5c /usr/local/mcuxpressoide-11.5.1_7266/ide/plugins/com.nxp.mcuxpresso.tools.linux_11.5.1.202201181444/tools/bin/../lib/gcc/arm-none-eabi/10.3.1/../../../../arm-none-eabi/lib/thumb/v6-m/nofp/libcr_c.a(fclose.o)
                0x0000000000003fc0                fclose
 .text.fflush   0x000000000000401c       0x44 /usr/local/mcuxpressoide-11.5.1_7266/ide/plugins/com.nxp.mcuxpresso.tools.linux_11.5.1.202201181444/tools/bin/../lib/gcc/arm-none-eabi/10.3.1/../../../../arm-none-eabi/lib/thumb/v6-m/nofp/libcr_c.a(fflush.o)
                0x000000000000401c                fflush
 .text.__check_heap_overflow
                0x0000000000004060       0x18 /usr/local/mcuxpressoide-11.5.1_7266/ide/plugins/com.nxp.mcuxpresso.tools.linux_11.5.1.202201181444/tools/bin/../lib/gcc/arm-none-eabi/10.3.1/../../../../arm-none-eabi/lib/thumb/v6-m/nofp/libcr_c.a(_cr_check_heap.o)
                0x0000000000004060                __check_heap_overflow
 .text._do_fflush
                0x0000000000004078       0x48 /usr/local/mcuxpressoide-11.5.1_7266/ide/plugins/com.nxp.mcuxpresso.tools.linux_11.5.1.202201181444/tools/bin/../lib/gcc/arm-none-eabi/10.3.1/../../../../arm-none-eabi/lib/thumb/v6-m/nofp/libcr_c.a(_do_fflush.o)
                0x0000000000004078                _do_fflush
 .text.__aeabi_dmul
                0x00000000000040c0      0x184 /usr/local/mcuxpressoide-11.5.1_7266/ide/plugins/com.nxp.mcuxpresso.tools.linux_11.5.1.202201181444/tools/bin/../lib/gcc/arm-none-eabi/10.3.1/thumb/v6-m/nofp/libcr_eabihelpers.a(double.o)
                0x00000000000040c0                __aeabi_dmul
 .text.__aeabi_ddiv
                0x0000000000004244      0x14c /usr/local/mcuxpressoide-11.5.1_7266/ide/plugins/com.nxp.mcuxpresso.tools.linux_11.5.1.202201181444/tools/bin/../lib/gcc/arm-none-eabi/10.3.1/thumb/v6-m/nofp/libcr_eabihelpers.a(double.o)
                0x0000000000004244                __aeabi_ddiv
 .text.__aeabi_d2iz
                0x0000000000004390       0x50 /usr/local/mcuxpressoide-11.5.1_7266/ide/plugins/com.nxp.mcuxpresso.tools.linux_11.5.1.202201181444/tools/bin/../lib/gcc/arm-none-eabi/10.3.1/thumb/v6-m/nofp/libcr_eabihelpers.a(double.o)
                0x0000000000004390                __aeabi_d2iz
 .text.__aeabi_f2iz
                0x00000000000043e0       0x3c /usr/local/mcuxpressoide-11.5.1_7266/ide/plugins/com.nxp.mcuxpresso.tools.linux_11.5.1.202201181444/tools/bin/../lib/gcc/arm-none-eabi/10.3.1/thumb/v6-m/nofp/libcr_eabihelpers.a(float.o)
                0x00000000000043e0                __aeabi_f2iz
 .text.DbgConsole_RelocateLog
                0x000000000000441c       0x6c ./utilities/fsl_debug_console.o
 .text.UART_EnableTx
                0x0000000000004488       0x40 ./utilities/fsl_io.o
 .text.UART_EnableRx
                0x00000000000044c8       0x40 ./utilities/fsl_io.o
 .text.LPSCI_EnableTx
                0x0000000000004508       0x40 ./utilities/fsl_io.o
 .text.LPSCI_EnableRx
                0x0000000000004548       0x40 ./utilities/fsl_io.o
 .text.LOG_Init
                0x0000000000004588       0x3a ./utilities/fsl_log.o
                0x0000000000004588                LOG_Init
 .text.LOG_Pop  0x00000000000045c2       0x4a ./utilities/fsl_log.o
                0x00000000000045c2                LOG_Pop
 .text.ConvertRadixNumToString
                0x000000000000460c      0x114 ./utilities/fsl_str.o
 .text.StrFormatPrintf
                0x0000000000004720      0x324 ./utilities/fsl_str.o
                0x0000000000004720                StrFormatPrintf
 .text.adcGetDefaultConfig
                0x0000000000004a44       0x2e ./source/kl46z/adc.o
                0x0000000000004a44                adcGetDefaultConfig
 .text.delay_us
                0x0000000000004a72       0x38 ./source/kl46z/delay.o
                0x0000000000004a72                delay_us
 .text.lcdInitModule
                0x0000000000004aaa       0x5c ./source/kl46z/lcd.o
                0x0000000000004aaa                lcdInitModule
 .text.lcdClearDisplay
                0x0000000000004b06       0x24 ./source/kl46z/lcd.o
                0x0000000000004b06                lcdClearDisplay
 .text.lcdSetCursor
                0x0000000000004b2a       0x54 ./source/kl46z/lcd.o
                0x0000000000004b2a                lcdSetCursor
 .text.lcdWriteString
                0x0000000000004b7e       0x3e ./source/kl46z/lcd.o
                0x0000000000004b7e                lcdWriteString
 .text.lcdWriteChar
                0x0000000000004bbc       0x24 ./source/kl46z/lcd.o
                0x0000000000004bbc                lcdWriteChar
 .text.lcdCreateChar
                0x0000000000004be0       0x66 ./source/kl46z/lcd.o
                0x0000000000004be0                lcdCreateChar
 .text.lcdSendCommand
                0x0000000000004c46       0x58 ./source/kl46z/lcd.o
                0x0000000000004c46                lcdSendCommand
 .text.lcdSendData
                0x0000000000004c9e       0x42 ./source/kl46z/lcd.o
                0x0000000000004c9e                lcdSendData
 .text.lcdSendBits
                0x0000000000004ce0       0x50 ./source/kl46z/lcd.o
                0x0000000000004ce0                lcdSendBits
 .text.lcdEnablePulse
                0x0000000000004d30       0x46 ./source/kl46z/lcd.o
                0x0000000000004d30                lcdEnablePulse
 .text.portPinNumberValidate
                0x0000000000004d76       0x16 ./source/kl46z/port.o
                0x0000000000004d76                portPinNumberValidate
 .text.portPortValidate
                0x0000000000004d8c       0x16 ./source/kl46z/port.o
                0x0000000000004d8c                portPortValidate
 .text.portPinValidate
                0x0000000000004da2       0x3a ./source/kl46z/port.o
                0x0000000000004da2                portPinValidate
 .text.portSetMux
                0x0000000000004ddc       0x66 ./source/kl46z/port.o
                0x0000000000004ddc                portSetMux
 .text.portSetMuxGpio
                0x0000000000004e42       0x1a ./source/kl46z/port.o
                0x0000000000004e42                portSetMuxGpio
 .text.sysComponentsInit
                0x0000000000004e5c       0x16 ./source/main.o
                0x0000000000004e5c                sysComponentsInit
 .text.CLOCK_GetPll0RefFreq
                0x0000000000004e72       0x10 ./drivers/fsl_clock.o
 .text.CLOCK_BootToFeiMode
                0x0000000000004e82       0x2e ./drivers/fsl_clock.o
                0x0000000000004e82                CLOCK_BootToFeiMode
 .text.LPSCI_GetStatusFlags
                0x0000000000004eb0       0x26 ./drivers/fsl_lpsci.o
                0x0000000000004eb0                LPSCI_GetStatusFlags
 .text.UART_GetStatusFlags
                0x0000000000004ed6       0x26 ./drivers/fsl_uart.o
                0x0000000000004ed6                UART_GetStatusFlags
 .text.UART_WriteBlocking
                0x0000000000004efc       0x3c ./drivers/fsl_uart.o
                0x0000000000004efc                UART_WriteBlocking
 .text.BOARD_InitBootClocks
                0x0000000000004f38        0xe ./board/clock_config.o
                0x0000000000004f38                BOARD_InitBootClocks
 .text.BOARD_InitPeripherals
                0x0000000000004f46        0xa ./board/peripherals.o
                0x0000000000004f46                BOARD_InitPeripherals
 .text.BOARD_InitBootPeripherals
                0x0000000000004f50        0xe ./board/peripherals.o
                0x0000000000004f50                BOARD_InitBootPeripherals
 .text.BOARD_InitBootPins
                0x0000000000004f5e       0x12 ./board/pin_mux.o
                0x0000000000004f5e                BOARD_InitBootPins
 .text.BOARD_InitPins
                0x0000000000004f70        0xa ./board/pin_mux.o
                0x0000000000004f70                BOARD_InitPins
 .text.SVC_Handler
                0x0000000000004f7a        0xa ./amazon-freertos/FreeRTOS/portable/port.o
                0x0000000000004f7a                SVC_Handler
 .text.ulSetInterruptMaskFromISR
                0x0000000000004f84        0xc ./amazon-freertos/FreeRTOS/portable/port.o
                0x0000000000004f84                ulSetInterruptMaskFromISR
 .text.vClearInterruptMaskFromISR
                0x0000000000004f90        0x8 ./amazon-freertos/FreeRTOS/portable/port.o
                0x0000000000004f90                vClearInterruptMaskFromISR
 .text.vListInitialise
                0x0000000000004f98       0x3c ./amazon-freertos/FreeRTOS/list.o
                0x0000000000004f98                vListInitialise
 .text.vListInitialiseItem
                0x0000000000004fd4       0x16 ./amazon-freertos/FreeRTOS/list.o
                0x0000000000004fd4                vListInitialiseItem
 .text.vListInsertEnd
                0x0000000000004fea       0x44 ./amazon-freertos/FreeRTOS/list.o
                0x0000000000004fea                vListInsertEnd
 .text.vListInsert
                0x000000000000502e       0x6c ./amazon-freertos/FreeRTOS/list.o
                0x000000000000502e                vListInsert
 .text.uxListRemove
                0x000000000000509a       0x50 ./amazon-freertos/FreeRTOS/list.o
                0x000000000000509a                uxListRemove
 .text.xQueueGenericReset
                0x00000000000050ea       0xa8 ./amazon-freertos/FreeRTOS/queue.o
                0x00000000000050ea                xQueueGenericReset
 .text.xQueueGenericCreate
                0x0000000000005192       0x64 ./amazon-freertos/FreeRTOS/queue.o
                0x0000000000005192                xQueueGenericCreate
 .text.prvInitialiseNewQueue
                0x00000000000051f6       0x4e ./amazon-freertos/FreeRTOS/queue.o
 .text.xQueueGenericSend
                0x0000000000005244      0x188 ./amazon-freertos/FreeRTOS/queue.o
                0x0000000000005244                xQueueGenericSend
 .text.xQueueGenericSendFromISR
                0x00000000000053cc       0xe2 ./amazon-freertos/FreeRTOS/queue.o
                0x00000000000053cc                xQueueGenericSendFromISR
 .text.xQueueReceive
                0x00000000000054ae      0x16a ./amazon-freertos/FreeRTOS/queue.o
                0x00000000000054ae                xQueueReceive
 .text.prvCopyDataToQueue
                0x0000000000005618       0xd6 ./amazon-freertos/FreeRTOS/queue.o
 .text.prvCopyDataFromQueue
                0x00000000000056ee       0x4c ./amazon-freertos/FreeRTOS/queue.o
 .text.prvUnlockQueue
                0x000000000000573a       0xbc ./amazon-freertos/FreeRTOS/queue.o
 .text.prvIsQueueEmpty
                0x00000000000057f6       0x2c ./amazon-freertos/FreeRTOS/queue.o
 .text.prvIsQueueFull
                0x0000000000005822       0x30 ./amazon-freertos/FreeRTOS/queue.o
 .text.vQueueWaitForMessageRestricted
                0x0000000000005852       0x66 ./amazon-freertos/FreeRTOS/queue.o
                0x0000000000005852                vQueueWaitForMessageRestricted
 .text.xTaskCreate
                0x00000000000058b8       0x90 ./amazon-freertos/FreeRTOS/tasks.o
                0x00000000000058b8                xTaskCreate
 .text.prvDeleteTCB
                0x0000000000005948       0x22 ./amazon-freertos/FreeRTOS/tasks.o
 .text.prvTimerTask
                0x000000000000596a       0x28 ./amazon-freertos/FreeRTOS/timers.o
 .text.SystemInitHook
                0x0000000000005992        0xa ./CMSIS/system_MKL46Z4.o
                0x0000000000005992                SystemInitHook
 .text.__main   0x000000000000599c        0xc /usr/local/mcuxpressoide-11.5.1_7266/ide/plugins/com.nxp.mcuxpresso.tools.linux_11.5.1.202201181444/tools/bin/../lib/gcc/arm-none-eabi/10.3.1/../../../../arm-none-eabi/lib/thumb/v6-m/nofp/libcr_nohost_nf.a(_cr__main.o)
                0x000000000000599c                __main
 .text.__sys_appexit
                0x00000000000059a8        0x2 /usr/local/mcuxpressoide-11.5.1_7266/ide/plugins/com.nxp.mcuxpresso.tools.linux_11.5.1.202201181444/tools/bin/../lib/gcc/arm-none-eabi/10.3.1/../../../../arm-none-eabi/lib/thumb/v6-m/nofp/libcr_nohost_nf.a(__sys_appexit.o)
                0x00000000000059a8                __exit
                0x00000000000059a8                __sys_appexit
 .text.memcpy   0x00000000000059aa        0x8 /usr/local/mcuxpressoide-11.5.1_7266/ide/plugins/com.nxp.mcuxpresso.tools.linux_11.5.1.202201181444/tools/bin/../lib/gcc/arm-none-eabi/10.3.1/../../../../arm-none-eabi/lib/thumb/v6-m/nofp/libcr_c.a(memcpy.o)
                0x00000000000059aa                memcpy
 .text.memset   0x00000000000059b2        0x8 /usr/local/mcuxpressoide-11.5.1_7266/ide/plugins/com.nxp.mcuxpresso.tools.linux_11.5.1.202201181444/tools/bin/../lib/gcc/arm-none-eabi/10.3.1/../../../../arm-none-eabi/lib/thumb/v6-m/nofp/libcr_c.a(memset.o)
                0x00000000000059b2                memset
 .text.free     0x00000000000059ba       0x2c /usr/local/mcuxpressoide-11.5.1_7266/ide/plugins/com.nxp.mcuxpresso.tools.linux_11.5.1.202201181444/tools/bin/../lib/gcc/arm-none-eabi/10.3.1/../../../../arm-none-eabi/lib/thumb/v6-m/nofp/libcr_c.a(alloc.o)
                0x00000000000059ba                free
 .text.fputs    0x00000000000059e6       0x2e /usr/local/mcuxpressoide-11.5.1_7266/ide/plugins/com.nxp.mcuxpresso.tools.linux_11.5.1.202201181444/tools/bin/../lib/gcc/arm-none-eabi/10.3.1/../../../../arm-none-eabi/lib/thumb/v6-m/nofp/libcr_c.a(fputs.o)
                0x00000000000059e6                fputs
 .text.remove   0x0000000000005a14       0x12 /usr/local/mcuxpressoide-11.5.1_7266/ide/plugins/com.nxp.mcuxpresso.tools.linux_11.5.1.202201181444/tools/bin/../lib/gcc/arm-none-eabi/10.3.1/../../../../arm-none-eabi/lib/thumb/v6-m/nofp/libcr_c.a(remove.o)
                0x0000000000005a14                remove
 .text.__aeabi_division_idivmod
                0x0000000000005a26       0x78 /usr/local/mcuxpressoide-11.5.1_7266/ide/plugins/com.nxp.mcuxpresso.tools.linux_11.5.1.202201181444/tools/bin/../lib/gcc/arm-none-eabi/10.3.1/thumb/v6-m/nofp/libcr_eabihelpers.a(division_32.o)
                0x0000000000005a26                __aeabi_idiv
                0x0000000000005a26                __aeabi_idivmod
                0x0000000000005a2c                __aeabi_uidiv
                0x0000000000005a2c                __aeabi_uidivmod
 .text.__aeabi_division_idiv0
                0x0000000000005a9e        0x2 /usr/local/mcuxpressoide-11.5.1_7266/ide/plugins/com.nxp.mcuxpresso.tools.linux_11.5.1.202201181444/tools/bin/../lib/gcc/arm-none-eabi/10.3.1/thumb/v6-m/nofp/libcr_eabihelpers.a(division_idiv0.o)
                0x0000000000005a9e                __aeabi_idiv0
 .text.__bhs_ui2d
                0x0000000000005aa0       0x5e /usr/local/mcuxpressoide-11.5.1_7266/ide/plugins/com.nxp.mcuxpresso.tools.linux_11.5.1.202201181444/tools/bin/../lib/gcc/arm-none-eabi/10.3.1/thumb/v6-m/nofp/libcr_eabihelpers.a(double.o)
                0x0000000000005aa0                __bhs_ui2d
 .text.__aeabi_i2d
                0x0000000000005afe       0x18 /usr/local/mcuxpressoide-11.5.1_7266/ide/plugins/com.nxp.mcuxpresso.tools.linux_11.5.1.202201181444/tools/bin/../lib/gcc/arm-none-eabi/10.3.1/thumb/v6-m/nofp/libcr_eabihelpers.a(double.o)
                0x0000000000005afe                __aeabi_i2d
 .text.__bhs_ui2f
                0x0000000000005b16       0x60 /usr/local/mcuxpressoide-11.5.1_7266/ide/plugins/com.nxp.mcuxpresso.tools.linux_11.5.1.202201181444/tools/bin/../lib/gcc/arm-none-eabi/10.3.1/thumb/v6-m/nofp/libcr_eabihelpers.a(float.o)
                0x0000000000005b16                __bhs_ui2f
 .text.__aeabi_i2f
                0x0000000000005b76       0x18 /usr/local/mcuxpressoide-11.5.1_7266/ide/plugins/com.nxp.mcuxpresso.tools.linux_11.5.1.202201181444/tools/bin/../lib/gcc/arm-none-eabi/10.3.1/thumb/v6-m/nofp/libcr_eabihelpers.a(float.o)
                0x0000000000005b76                __aeabi_i2f
 .text.__aeabi_llong_lmul
                0x0000000000005b8e       0x2e /usr/local/mcuxpressoide-11.5.1_7266/ide/plugins/com.nxp.mcuxpresso.tools.linux_11.5.1.202201181444/tools/bin/../lib/gcc/arm-none-eabi/10.3.1/thumb/v6-m/nofp/libcr_eabihelpers.a(llong.o)
                0x0000000000005b8e                __aeabi_lmul
 .text.__aeabi_memcpy
                0x0000000000005bbc       0x2c /usr/local/mcuxpressoide-11.5.1_7266/ide/plugins/com.nxp.mcuxpresso.tools.linux_11.5.1.202201181444/tools/bin/../lib/gcc/arm-none-eabi/10.3.1/thumb/v6-m/nofp/libcr_eabihelpers.a(memcpy.o)
                0x0000000000005bbc                __aeabi_memcpy
                0x0000000000005bbc                __aeabi_memcpy4
                0x0000000000005bbc                __aeabi_memcpy8
 .text.__aeabi_memset_lowlevel
                0x0000000000005be8       0x2a /usr/local/mcuxpressoide-11.5.1_7266/ide/plugins/com.nxp.mcuxpresso.tools.linux_11.5.1.202201181444/tools/bin/../lib/gcc/arm-none-eabi/10.3.1/thumb/v6-m/nofp/libcr_eabihelpers.a(memcpy.o)
                0x0000000000005be8                __aeabi_lowlevel_memset
 .text.__sys_close
                0x0000000000005c12        0x6 /usr/local/mcuxpressoide-11.5.1_7266/ide/plugins/com.nxp.mcuxpresso.tools.linux_11.5.1.202201181444/tools/bin/../lib/gcc/arm-none-eabi/10.3.1/../../../../arm-none-eabi/lib/thumb/v6-m/nofp/libcr_nohost_nf.a(__sys_close.o)
                0x0000000000005c12                __sys_close
 .text.__sys_flen
                0x0000000000005c18        0x6 /usr/local/mcuxpressoide-11.5.1_7266/ide/plugins/com.nxp.mcuxpresso.tools.linux_11.5.1.202201181444/tools/bin/../lib/gcc/arm-none-eabi/10.3.1/../../../../arm-none-eabi/lib/thumb/v6-m/nofp/libcr_nohost_nf.a(__sys_flen.o)
                0x0000000000005c18                __sys_flen
 .text.__sys_istty
                0x0000000000005c1e        0x6 /usr/local/mcuxpressoide-11.5.1_7266/ide/plugins/com.nxp.mcuxpresso.tools.linux_11.5.1.202201181444/tools/bin/../lib/gcc/arm-none-eabi/10.3.1/../../../../arm-none-eabi/lib/thumb/v6-m/nofp/libcr_nohost_nf.a(__sys_istty.o)
                0x0000000000005c1e                __sys_istty
 .text.__sys_remove
                0x0000000000005c24        0x6 /usr/local/mcuxpressoide-11.5.1_7266/ide/plugins/com.nxp.mcuxpresso.tools.linux_11.5.1.202201181444/tools/bin/../lib/gcc/arm-none-eabi/10.3.1/../../../../arm-none-eabi/lib/thumb/v6-m/nofp/libcr_nohost_nf.a(__sys_remove.o)
                0x0000000000005c24                __sys_remove
 .text.__sys_seek
                0x0000000000005c2a        0x6 /usr/local/mcuxpressoide-11.5.1_7266/ide/plugins/com.nxp.mcuxpresso.tools.linux_11.5.1.202201181444/tools/bin/../lib/gcc/arm-none-eabi/10.3.1/../../../../arm-none-eabi/lib/thumb/v6-m/nofp/libcr_nohost_nf.a(__sys_seek.o)
                0x0000000000005c2a                __sys_seek
 .text.__sys_tmpnam
                0x0000000000005c30        0x6 /usr/local/mcuxpressoide-11.5.1_7266/ide/plugins/com.nxp.mcuxpresso.tools.linux_11.5.1.202201181444/tools/bin/../lib/gcc/arm-none-eabi/10.3.1/../../../../arm-none-eabi/lib/thumb/v6-m/nofp/libcr_nohost_nf.a(__sys_tmpnam.o)
                0x0000000000005c30                __sys_tmpnam
 .text.__sys_write
                0x0000000000005c36        0x4 /usr/local/mcuxpressoide-11.5.1_7266/ide/plugins/com.nxp.mcuxpresso.tools.linux_11.5.1.202201181444/tools/bin/../lib/gcc/arm-none-eabi/10.3.1/../../../../arm-none-eabi/lib/thumb/v6-m/nofp/libcr_nohost_nf.a(__sys_write.o)
                0x0000000000005c36                __sys_write
 *freertos*/tasks.o(SORT_BY_ALIGNMENT(.rodata*))
 *fill*         0x0000000000005c3a        0x2 ff
 .rodata.vTaskStartScheduler.str1.4
                0x0000000000005c3c        0x5 ./amazon-freertos/FreeRTOS/tasks.o
 *fill*         0x0000000000005c41        0x3 ff
 .rodata.xTaskGenericNotify
                0x0000000000005c44       0x14 ./amazon-freertos/FreeRTOS/tasks.o
 .rodata.xTaskGenericNotifyFromISR
                0x0000000000005c58       0x14 ./amazon-freertos/FreeRTOS/tasks.o
 *(SORT_BY_ALIGNMENT(.rodata) SORT_BY_ALIGNMENT(.rodata.*) SORT_BY_ALIGNMENT(.constdata) SORT_BY_ALIGNMENT(.constdata.*))
 .rodata.DbgConsole_Init.str1.4
                0x0000000000005c6c       0x43 ./utilities/fsl_debug_console.o
 *fill*         0x0000000000005caf        0x1 ff
 .rodata.IO_Init.str1.4
                0x0000000000005cb0       0x1a ./utilities/fsl_io.o
 *fill*         0x0000000000005cca        0x2 ff
 .rodata.LOG_Push.str1.4
                0x0000000000005ccc       0x1c ./utilities/fsl_log.o
 .rodata.lcd_degree_char
                0x0000000000005ce8        0x8 ./source/main.o
                0x0000000000005ce8                lcd_degree_char
 .rodata.main.str1.4
                0x0000000000005cf0       0x20 ./source/main.o
 .rodata.taskLcd.str1.4
                0x0000000000005d10       0x32 ./source/main.o
 *fill*         0x0000000000005d42        0x2 ff
 .rodata.sysStartupScreen.str1.4
                0x0000000000005d44       0x1f ./source/main.o
 *fill*         0x0000000000005d63        0x1 ff
 .rodata.CLOCK_GetMcgExtClkFreq.str1.4
                0x0000000000005d64       0x1e ./drivers/fsl_clock.o
 *fill*         0x0000000000005d82        0x2 ff
 .rodata.CLOCK_GetPll0Freq.str1.4
                0x0000000000005d84       0x1d ./drivers/fsl_clock.o
 *fill*         0x0000000000005da1        0x3 ff
 .rodata.fllFactorTable.1
                0x0000000000005da4       0x10 ./drivers/fsl_clock.o
 .rodata.LPSCI_GetInstance.str1.4
                0x0000000000005db4       0x36 ./drivers/fsl_lpsci.o
 *fill*         0x0000000000005dea        0x2 ff
 .rodata.LPSCI_Init.str1.4
                0x0000000000005dec       0x43 ./drivers/fsl_lpsci.o
 *fill*         0x0000000000005e2f        0x1 ff
 .rodata.LPSCI_GetDefaultConfig.str1.4
                0x0000000000005e30       0x19 ./drivers/fsl_lpsci.o
 *fill*         0x0000000000005e49        0x3 ff
 .rodata.LPSCI_WriteBlocking.str1.4
                0x0000000000005e4c       0x17 ./drivers/fsl_lpsci.o
 *fill*         0x0000000000005e63        0x1 ff
 .rodata.LPSCI_ReadBlocking.str1.4
                0x0000000000005e64       0x17 ./drivers/fsl_lpsci.o
 *fill*         0x0000000000005e7b        0x1 ff
 .rodata.s_uartBases
                0x0000000000005e7c        0xc ./drivers/fsl_uart.o
 .rodata.s_uartClock
                0x0000000000005e88        0xc ./drivers/fsl_uart.o
 .rodata.UART_GetInstance.str1.4
                0x0000000000005e94       0x2b ./drivers/fsl_uart.o
 *fill*         0x0000000000005ebf        0x1 ff
 .rodata.UART_Init.str1.4
                0x0000000000005ec0       0x3e ./drivers/fsl_uart.o
 *fill*         0x0000000000005efe        0x2 ff
 .rodata.UART_GetDefaultConfig.str1.4
                0x0000000000005f00       0x18 ./drivers/fsl_uart.o
 .rodata.UART_ReadBlocking.str1.4
                0x0000000000005f18       0x16 ./drivers/fsl_uart.o
 *fill*         0x0000000000005f2e        0x2 ff
 .rodata.simConfig_BOARD_BootClockRUN
                0x0000000000005f30        0x8 ./board/clock_config.o
                0x0000000000005f30                simConfig_BOARD_BootClockRUN
 .rodata.PORT_SetPinConfig.str1.4
                0x0000000000005f38       0x55 ./board/pin_mux.o
 *fill*         0x0000000000005f8d        0x3 ff
 .rodata.xTimerCreateTimerTask.str1.4
                0x0000000000005f90        0x8 ./amazon-freertos/FreeRTOS/timers.o
 .rodata.prvProcessReceivedCommands
                0x0000000000005f98       0x28 ./amazon-freertos/FreeRTOS/timers.o
 .rodata.prvCheckForValidListAndQueue.str1.4
                0x0000000000005fc0        0x5 ./amazon-freertos/FreeRTOS/timers.o
 *fill*         0x0000000000005fc5        0x3 ff
 .rodata.__num_Ciob_streams
                0x0000000000005fc8        0x4 /usr/local/mcuxpressoide-11.5.1_7266/ide/plugins/com.nxp.mcuxpresso.tools.linux_11.5.1.202201181444/tools/bin/../lib/gcc/arm-none-eabi/10.3.1/../../../../arm-none-eabi/lib/thumb/v6-m/nofp/libcr_nohost_nf.a(__ciob.o)
                0x0000000000005fc8                __num_Ciob_streams
 .rodata.__assertion_failed.str1.1
                0x0000000000005fcc       0x15 /usr/local/mcuxpressoide-11.5.1_7266/ide/plugins/com.nxp.mcuxpresso.tools.linux_11.5.1.202201181444/tools/bin/../lib/gcc/arm-none-eabi/10.3.1/../../../../arm-none-eabi/lib/thumb/v6-m/nofp/libcr_nohost_nf.a(_cr_assert.o)
 .rodata._Csys_alloc.str1.1
                0x0000000000005fe1       0x18 /usr/local/mcuxpressoide-11.5.1_7266/ide/plugins/com.nxp.mcuxpresso.tools.linux_11.5.1.202201181444/tools/bin/../lib/gcc/arm-none-eabi/10.3.1/../../../../arm-none-eabi/lib/thumb/v6-m/nofp/libcr_c.a(alloc.o)
 .rodata._initio.str1.1
                0x0000000000005ff9        0x4 /usr/local/mcuxpressoide-11.5.1_7266/ide/plugins/com.nxp.mcuxpresso.tools.linux_11.5.1.202201181444/tools/bin/../lib/gcc/arm-none-eabi/10.3.1/../../../../arm-none-eabi/lib/thumb/v6-m/nofp/libcr_c.a(initio.o)
 .rodata.digits
                0x0000000000005ffd       0x11 /usr/local/mcuxpressoide-11.5.1_7266/ide/plugins/com.nxp.mcuxpresso.tools.linux_11.5.1.202201181444/tools/bin/../lib/gcc/arm-none-eabi/10.3.1/../../../../arm-none-eabi/lib/thumb/v6-m/nofp/libcr_c.a(itoa.o)
                0x0000000000006010                . = ALIGN (0x4)
 *fill*         0x000000000000600e        0x2 ff
                0x0000000000006010                _etext = .

.glue_7         0x0000000000006010        0x0
 .glue_7        0x0000000000006010        0x0 linker stubs

.glue_7t        0x0000000000006010        0x0
 .glue_7t       0x0000000000006010        0x0 linker stubs

.vfp11_veneer   0x0000000000006010        0x0
 .vfp11_veneer  0x0000000000006010        0x0 linker stubs

.v4_bx          0x0000000000006010        0x0
 .v4_bx         0x0000000000006010        0x0 linker stubs

.iplt           0x0000000000006010        0x0
 .iplt          0x0000000000006010        0x0 ./utilities/fsl_debug_console.o

.rel.dyn        0x0000000000006010        0x0
 .rel.iplt      0x0000000000006010        0x0 ./utilities/fsl_debug_console.o

.m_usb_data
 *(SORT_BY_ALIGNMENT(m_usb_bdt))

.mtb_buffer_default
                0x000000001fffe000       0x80
 *(SORT_BY_ALIGNMENT(.mtb*))
 .mtb.$RAM1     0x000000001fffe000       0x80 ./source/mtb.o
                0x000000001fffe000                __mtb_buffer__

.uninit_RESERVED
                0x000000001fffe080        0x0
                0x000000001fffe080                _start_uninit_RESERVED = .
 *(SORT_BY_ALIGNMENT(.bss.$RESERVED*))
                0x000000001fffe080                . = ALIGN (0x4)
                0x000000001fffe080                _end_uninit_RESERVED = .

.data           0x000000001fffe080       0x34 load address 0x0000000000006010
 FILL mask 0xff
                0x000000001fffe080                _data = .
                [!provide]                        PROVIDE (__start_data_RAM = .)
                [!provide]                        PROVIDE (__start_data_SRAM = .)
 *(SORT_BY_ALIGNMENT(vtable))
 *(SORT_BY_ALIGNMENT(.ramfunc*))
 *(SORT_BY_ALIGNMENT(CodeQuickAccess))
 *(SORT_BY_ALIGNMENT(DataQuickAccess))
 *(SORT_BY_ALIGNMENT(RamFunction))
 *(SORT_BY_ALIGNMENT(.data*))
 .data.pin_gpios
                0x000000001fffe080       0x14 ./source/kl46z/gpio.o
 .data.pin_ports
                0x000000001fffe094       0x14 ./source/kl46z/port.o
 .data.s_slowIrcFreq
                0x000000001fffe0a8        0x4 ./drivers/fsl_clock.o
 .data.uxCriticalNesting
                0x000000001fffe0ac        0x4 ./amazon-freertos/FreeRTOS/portable/port.o
 .data.SystemCoreClock
                0x000000001fffe0b0        0x4 ./CMSIS/system_MKL46Z4.o
                0x000000001fffe0b0                SystemCoreClock
                0x000000001fffe0b4                . = ALIGN (0x4)
                0x000000001fffe0b4                _edata = .
                [!provide]                        PROVIDE (__end_data_RAM = .)
                [!provide]                        PROVIDE (__end_data_SRAM = .)

.igot.plt       0x000000001fffe0b4        0x0 load address 0x0000000000006044
 .igot.plt      0x000000001fffe0b4        0x0 ./utilities/fsl_debug_console.o

.bss            0x000000001fffe0b4     0x2ab0
                0x000000001fffe0b4                _bss = .
                [!provide]                        PROVIDE (__start_bss_RAM = .)
                [!provide]                        PROVIDE (__start_bss_SRAM = .)
 *(SORT_BY_ALIGNMENT(.bss*))
 .bss.s_debugConsoleIO
                0x000000001fffe0b4        0x8 ./utilities/fsl_io.o
 .bss.temperature_sensor
                0x000000001fffe0bc        0x6 ./source/main.o
                0x000000001fffe0bc                temperature_sensor
 *fill*         0x000000001fffe0c2        0x2 
 .bss.humidity_sensor
                0x000000001fffe0c4        0x6 ./source/main.o
                0x000000001fffe0c4                humidity_sensor
 *fill*         0x000000001fffe0ca        0x2 
 .bss.lcd       0x000000001fffe0cc        0xc ./source/main.o
                0x000000001fffe0cc                lcd
 .bss.lcd_task  0x000000001fffe0d8        0x4 ./source/main.o
                0x000000001fffe0d8                lcd_task
 .bss.temperature_task
                0x000000001fffe0dc        0x4 ./source/main.o
                0x000000001fffe0dc                temperature_task
 .bss.g_xtal0Freq
                0x000000001fffe0e0        0x4 ./drivers/fsl_clock.o
                0x000000001fffe0e0                g_xtal0Freq
 .bss.s_i2cHandle
                0x000000001fffe0e4        0x8 ./drivers/fsl_i2c.o
 .bss.s_i2cMasterIsr
                0x000000001fffe0ec        0x4 ./drivers/fsl_i2c.o
 .bss.s_i2cSlaveIsr
                0x000000001fffe0f0        0x4 ./drivers/fsl_i2c.o
 .bss.s_lpsciHandle
                0x000000001fffe0f4        0x4 ./drivers/fsl_lpsci.o
 .bss.s_lpsciIsr
                0x000000001fffe0f8        0x4 ./drivers/fsl_lpsci.o
 .bss.s_uartHandle
                0x000000001fffe0fc        0xc ./drivers/fsl_uart.o
 .bss.s_uartIsr
                0x000000001fffe108        0x4 ./drivers/fsl_uart.o
 .bss.ucHeap    0x000000001fffe10c     0x2800 ./amazon-freertos/portable/heap_4.o
 .bss.xStart    0x000000002000090c        0x8 ./amazon-freertos/portable/heap_4.o
 .bss.pxEnd     0x0000000020000914        0x4 ./amazon-freertos/portable/heap_4.o
 .bss.xFreeBytesRemaining
                0x0000000020000918        0x4 ./amazon-freertos/portable/heap_4.o
 .bss.xMinimumEverFreeBytesRemaining
                0x000000002000091c        0x4 ./amazon-freertos/portable/heap_4.o
 .bss.xBlockAllocatedBit
                0x0000000020000920        0x4 ./amazon-freertos/portable/heap_4.o
 .bss.xQueueRegistry
                0x0000000020000924       0x40 ./amazon-freertos/FreeRTOS/queue.o
                0x0000000020000924                xQueueRegistry
 .bss.pxCurrentTCB
                0x0000000020000964        0x4 ./amazon-freertos/FreeRTOS/tasks.o
                0x0000000020000964                pxCurrentTCB
 .bss.pxReadyTasksLists
                0x0000000020000968       0x64 ./amazon-freertos/FreeRTOS/tasks.o
 .bss.xDelayedTaskList1
                0x00000000200009cc       0x14 ./amazon-freertos/FreeRTOS/tasks.o
 .bss.xDelayedTaskList2
                0x00000000200009e0       0x14 ./amazon-freertos/FreeRTOS/tasks.o
 .bss.pxDelayedTaskList
                0x00000000200009f4        0x4 ./amazon-freertos/FreeRTOS/tasks.o
 .bss.pxOverflowDelayedTaskList
                0x00000000200009f8        0x4 ./amazon-freertos/FreeRTOS/tasks.o
 .bss.xPendingReadyList
                0x00000000200009fc       0x14 ./amazon-freertos/FreeRTOS/tasks.o
 .bss.xTasksWaitingTermination
                0x0000000020000a10       0x14 ./amazon-freertos/FreeRTOS/tasks.o
 .bss.uxDeletedTasksWaitingCleanUp
                0x0000000020000a24        0x4 ./amazon-freertos/FreeRTOS/tasks.o
 .bss.xSuspendedTaskList
                0x0000000020000a28       0x14 ./amazon-freertos/FreeRTOS/tasks.o
 .bss.uxCurrentNumberOfTasks
                0x0000000020000a3c        0x4 ./amazon-freertos/FreeRTOS/tasks.o
 .bss.xTickCount
                0x0000000020000a40        0x4 ./amazon-freertos/FreeRTOS/tasks.o
 .bss.uxTopReadyPriority
                0x0000000020000a44        0x4 ./amazon-freertos/FreeRTOS/tasks.o
 .bss.xSchedulerRunning
                0x0000000020000a48        0x4 ./amazon-freertos/FreeRTOS/tasks.o
 .bss.uxPendedTicks
                0x0000000020000a4c        0x4 ./amazon-freertos/FreeRTOS/tasks.o
 .bss.xYieldPending
                0x0000000020000a50        0x4 ./amazon-freertos/FreeRTOS/tasks.o
 .bss.xNumOfOverflows
                0x0000000020000a54        0x4 ./amazon-freertos/FreeRTOS/tasks.o
 .bss.uxTaskNumber
                0x0000000020000a58        0x4 ./amazon-freertos/FreeRTOS/tasks.o
 .bss.xNextTaskUnblockTime
                0x0000000020000a5c        0x4 ./amazon-freertos/FreeRTOS/tasks.o
 .bss.xIdleTaskHandle
                0x0000000020000a60        0x4 ./amazon-freertos/FreeRTOS/tasks.o
 .bss.uxSchedulerSuspended
                0x0000000020000a64        0x4 ./amazon-freertos/FreeRTOS/tasks.o
 .bss.xActiveTimerList1
                0x0000000020000a68       0x14 ./amazon-freertos/FreeRTOS/timers.o
 .bss.xActiveTimerList2
                0x0000000020000a7c       0x14 ./amazon-freertos/FreeRTOS/timers.o
 .bss.pxCurrentTimerList
                0x0000000020000a90        0x4 ./amazon-freertos/FreeRTOS/timers.o
 .bss.pxOverflowTimerList
                0x0000000020000a94        0x4 ./amazon-freertos/FreeRTOS/timers.o
 .bss.xTimerQueue
                0x0000000020000a98        0x4 ./amazon-freertos/FreeRTOS/timers.o
 .bss.xTimerTaskHandle
                0x0000000020000a9c        0x4 ./amazon-freertos/FreeRTOS/timers.o
 .bss.xLastTime.0
                0x0000000020000aa0        0x4 ./amazon-freertos/FreeRTOS/timers.o
 .bss.__Ciob    0x0000000020000aa4       0xb4 /usr/local/mcuxpressoide-11.5.1_7266/ide/plugins/com.nxp.mcuxpresso.tools.linux_11.5.1.202201181444/tools/bin/../lib/gcc/arm-none-eabi/10.3.1/../../../../arm-none-eabi/lib/thumb/v6-m/nofp/libcr_nohost_nf.a(__ciob.o)
                0x0000000020000aa4                __Ciob
 .bss.__end_of_heap
                0x0000000020000b58        0x4 /usr/local/mcuxpressoide-11.5.1_7266/ide/plugins/com.nxp.mcuxpresso.tools.linux_11.5.1.202201181444/tools/bin/../lib/gcc/arm-none-eabi/10.3.1/../../../../arm-none-eabi/lib/thumb/v6-m/nofp/libcr_c.a(__init_alloc.o)
                0x0000000020000b58                __end_of_heap
 .bss.__heaps   0x0000000020000b5c        0x4 /usr/local/mcuxpressoide-11.5.1_7266/ide/plugins/com.nxp.mcuxpresso.tools.linux_11.5.1.202201181444/tools/bin/../lib/gcc/arm-none-eabi/10.3.1/../../../../arm-none-eabi/lib/thumb/v6-m/nofp/libcr_c.a(__init_alloc.o)
                0x0000000020000b5c                __heaps
 .bss.errno     0x0000000020000b60        0x4 /usr/local/mcuxpressoide-11.5.1_7266/ide/plugins/com.nxp.mcuxpresso.tools.linux_11.5.1.202201181444/tools/bin/../lib/gcc/arm-none-eabi/10.3.1/../../../../arm-none-eabi/lib/thumb/v6-m/nofp/libcr_c.a(errno.o)
                0x0000000020000b60                errno
 *(SORT_BY_ALIGNMENT(COMMON))
                0x0000000020000b64                . = ALIGN (0x4)
                0x0000000020000b64                _ebss = .
                [!provide]                        PROVIDE (__end_bss_RAM = .)
                [!provide]                        PROVIDE (__end_bss_SRAM = .)
                [!provide]                        PROVIDE (end = .)

.noinit         0x0000000020000b64        0x0
                0x0000000020000b64                _noinit = .
                [!provide]                        PROVIDE (__start_noinit_RAM = .)
                [!provide]                        PROVIDE (__start_noinit_SRAM = .)
 *(SORT_BY_ALIGNMENT(.noinit*))
                0x0000000020000b64                . = ALIGN (0x4)
                0x0000000020000b64                _end_noinit = .
                [!provide]                        PROVIDE (__end_noinit_RAM = .)
                [!provide]                        PROVIDE (__end_noinit_SRAM = .)

.ARM.extab
 *(SORT_BY_ALIGNMENT(.ARM.extab*) SORT_BY_ALIGNMENT(.gnu.linkonce.armextab.*))

.ARM.exidx      0x0000000000006044        0x0
                0x0000000000006044                __exidx_start = .
 *(SORT_BY_ALIGNMENT(.ARM.exidx*) SORT_BY_ALIGNMENT(.gnu.linkonce.armexidx.*))
                0x0000000000006044                __exidx_end = .
                0x0000000000000800                _HeapSize = 0x800

.heap           0x0000000020000b64      0x800
                0x0000000020000b64                _pvHeapStart = .
                0x0000000020001364                . = (. + _HeapSize)
 *fill*         0x0000000020000b64      0x800 
                0x0000000020001364                . = ALIGN (0x4)
                0x0000000020001364                _pvHeapLimit = .
                0x0000000000000800                _StackSize = 0x800

.heap2stackfill
                0x0000000020001364      0x800
                0x0000000020001b64                . = (. + _StackSize)
 *fill*         0x0000000020001364      0x800 

.stack          0x0000000020005800        0x0
                0x0000000020005800                _vStackBase = .
                0x0000000020005800                . = ALIGN (0x4)
                0x0000000020006000                _vStackTop = (. + _StackSize)
                0x0000000000000000                _image_start = LOADADDR (.text)
                0x0000000000006044                _image_end = (LOADADDR (.data) + SIZEOF (.data))
                0x0000000000006044                _image_size = (_image_end - _image_start)
OUTPUT(Estufa_RTOS_KL46Z.axf elf32-littlearm)
LOAD linker stubs

.debug_info     0x0000000000000000     0xfd47
 .debug_info    0x0000000000000000      0x32f ./utilities/fsl_debug_console.o
 .debug_info    0x000000000000032f      0x8c6 ./utilities/fsl_io.o
 .debug_info    0x0000000000000bf5      0x303 ./utilities/fsl_log.o
 .debug_info    0x0000000000000ef8      0x4eb ./utilities/fsl_str.o
 .debug_info    0x00000000000013e3      0x4eb ./startup/startup_mkl46z4.o
 .debug_info    0x00000000000018ce      0x646 ./source/kl46z/adc.o
 .debug_info    0x0000000000001f14      0x11e ./source/kl46z/delay.o
 .debug_info    0x0000000000002032      0x2c6 ./source/kl46z/gpio.o
 .debug_info    0x00000000000022f8      0x59f ./source/kl46z/lcd.o
 .debug_info    0x0000000000002897      0x7a4 ./source/kl46z/port.o
 .debug_info    0x000000000000303b      0xe34 ./source/main.o
 .debug_info    0x0000000000003e6f       0x53 ./source/mtb.o
 .debug_info    0x0000000000003ec2       0x3c ./source/semihost_hardfault.o
 .debug_info    0x0000000000003efe       0xb4 ./freertos/portable/fsl_tickless_systick.o
 .debug_info    0x0000000000003fb2     0x1a8b ./drivers/fsl_clock.o
 .debug_info    0x0000000000005a3d     0x1aba ./drivers/fsl_i2c.o
 .debug_info    0x00000000000074f7     0x14ac ./drivers/fsl_lpsci.o
 .debug_info    0x00000000000089a3     0x144d ./drivers/fsl_uart.o
 .debug_info    0x0000000000009df0      0x394 ./board/board.o
 .debug_info    0x000000000000a184      0x971 ./board/clock_config.o
 .debug_info    0x000000000000aaf5      0x6cd ./board/peripherals.o
 .debug_info    0x000000000000b1c2      0xa68 ./board/pin_mux.o
 .debug_info    0x000000000000bc2a      0x2fc ./amazon-freertos/portable/heap_4.o
 .debug_info    0x000000000000bf26      0x24e ./amazon-freertos/FreeRTOS/portable/port.o
 .debug_info    0x000000000000c174      0x2b8 ./amazon-freertos/FreeRTOS/list.o
 .debug_info    0x000000000000c42c     0x104a ./amazon-freertos/FreeRTOS/queue.o
 .debug_info    0x000000000000d476     0x1902 ./amazon-freertos/FreeRTOS/tasks.o
 .debug_info    0x000000000000ed78      0xbc1 ./amazon-freertos/FreeRTOS/timers.o
 .debug_info    0x000000000000f939      0x40e ./CMSIS/system_MKL46Z4.o

.debug_abbrev   0x0000000000000000     0x31b7
 .debug_abbrev  0x0000000000000000      0x158 ./utilities/fsl_debug_console.o
 .debug_abbrev  0x0000000000000158      0x1d4 ./utilities/fsl_io.o
 .debug_abbrev  0x000000000000032c      0x15c ./utilities/fsl_log.o
 .debug_abbrev  0x0000000000000488      0x196 ./utilities/fsl_str.o
 .debug_abbrev  0x000000000000061e      0x198 ./startup/startup_mkl46z4.o
 .debug_abbrev  0x00000000000007b6      0x193 ./source/kl46z/adc.o
 .debug_abbrev  0x0000000000000949       0x9d ./source/kl46z/delay.o
 .debug_abbrev  0x00000000000009e6      0x157 ./source/kl46z/gpio.o
 .debug_abbrev  0x0000000000000b3d      0x190 ./source/kl46z/lcd.o
 .debug_abbrev  0x0000000000000ccd      0x1c2 ./source/kl46z/port.o
 .debug_abbrev  0x0000000000000e8f      0x281 ./source/main.o
 .debug_abbrev  0x0000000000001110       0x46 ./source/mtb.o
 .debug_abbrev  0x0000000000001156       0x31 ./source/semihost_hardfault.o
 .debug_abbrev  0x0000000000001187       0x69 ./freertos/portable/fsl_tickless_systick.o
 .debug_abbrev  0x00000000000011f0      0x34b ./drivers/fsl_clock.o
 .debug_abbrev  0x000000000000153b      0x376 ./drivers/fsl_i2c.o
 .debug_abbrev  0x00000000000018b1      0x2f3 ./drivers/fsl_lpsci.o
 .debug_abbrev  0x0000000000001ba4      0x2f3 ./drivers/fsl_uart.o
 .debug_abbrev  0x0000000000001e97      0x11b ./board/board.o
 .debug_abbrev  0x0000000000001fb2      0x201 ./board/clock_config.o
 .debug_abbrev  0x00000000000021b3      0x163 ./board/peripherals.o
 .debug_abbrev  0x0000000000002316      0x29b ./board/pin_mux.o
 .debug_abbrev  0x00000000000025b1      0x175 ./amazon-freertos/portable/heap_4.o
 .debug_abbrev  0x0000000000002726      0x199 ./amazon-freertos/FreeRTOS/portable/port.o
 .debug_abbrev  0x00000000000028bf       0xf2 ./amazon-freertos/FreeRTOS/list.o
 .debug_abbrev  0x00000000000029b1      0x220 ./amazon-freertos/FreeRTOS/queue.o
 .debug_abbrev  0x0000000000002bd1      0x291 ./amazon-freertos/FreeRTOS/tasks.o
 .debug_abbrev  0x0000000000002e62      0x20d ./amazon-freertos/FreeRTOS/timers.o
 .debug_abbrev  0x000000000000306f      0x148 ./CMSIS/system_MKL46Z4.o

.debug_aranges  0x0000000000000000     0x1188
 .debug_aranges
                0x0000000000000000       0x58 ./utilities/fsl_debug_console.o
 .debug_aranges
                0x0000000000000058       0x58 ./utilities/fsl_io.o
 .debug_aranges
                0x00000000000000b0       0x58 ./utilities/fsl_log.o
 .debug_aranges
                0x0000000000000108       0x38 ./utilities/fsl_str.o
 .debug_aranges
                0x0000000000000140      0x160 ./startup/startup_mkl46z4.o
 .debug_aranges
                0x00000000000002a0       0x38 ./source/kl46z/adc.o
 .debug_aranges
                0x00000000000002d8       0x28 ./source/kl46z/delay.o
 .debug_aranges
                0x0000000000000300       0x38 ./source/kl46z/gpio.o
 .debug_aranges
                0x0000000000000338       0x98 ./source/kl46z/lcd.o
 .debug_aranges
                0x00000000000003d0       0x78 ./source/kl46z/port.o
 .debug_aranges
                0x0000000000000448       0x78 ./source/main.o
 .debug_aranges
                0x00000000000004c0       0x18 ./source/mtb.o
 .debug_aranges
                0x00000000000004d8       0x20 ./source/semihost_hardfault.o
 .debug_aranges
                0x00000000000004f8       0x20 ./freertos/portable/fsl_tickless_systick.o
 .debug_aranges
                0x0000000000000518      0x1d8 ./drivers/fsl_clock.o
 .debug_aranges
                0x00000000000006f0      0x178 ./drivers/fsl_i2c.o
 .debug_aranges
                0x0000000000000868      0x118 ./drivers/fsl_lpsci.o
 .debug_aranges
                0x0000000000000980      0x130 ./drivers/fsl_uart.o
 .debug_aranges
                0x0000000000000ab0       0x28 ./board/board.o
 .debug_aranges
                0x0000000000000ad8       0x50 ./board/clock_config.o
 .debug_aranges
                0x0000000000000b28       0x98 ./board/peripherals.o
 .debug_aranges
                0x0000000000000bc0       0x88 ./board/pin_mux.o
 .debug_aranges
                0x0000000000000c48       0x50 ./amazon-freertos/portable/heap_4.o
 .debug_aranges
                0x0000000000000c98       0x80 ./amazon-freertos/FreeRTOS/portable/port.o
 .debug_aranges
                0x0000000000000d18       0x40 ./amazon-freertos/FreeRTOS/list.o
 .debug_aranges
                0x0000000000000d58      0x130 ./amazon-freertos/FreeRTOS/queue.o
 .debug_aranges
                0x0000000000000e88      0x1f8 ./amazon-freertos/FreeRTOS/tasks.o
 .debug_aranges
                0x0000000000001080       0xd8 ./amazon-freertos/FreeRTOS/timers.o
 .debug_aranges
                0x0000000000001158       0x30 ./CMSIS/system_MKL46Z4.o

.debug_ranges   0x0000000000000000      0xfb0
 .debug_ranges  0x0000000000000000       0x48 ./utilities/fsl_debug_console.o
 .debug_ranges  0x0000000000000048       0x48 ./utilities/fsl_io.o
 .debug_ranges  0x0000000000000090       0x48 ./utilities/fsl_log.o
 .debug_ranges  0x00000000000000d8       0x28 ./utilities/fsl_str.o
 .debug_ranges  0x0000000000000100      0x150 ./startup/startup_mkl46z4.o
 .debug_ranges  0x0000000000000250       0x28 ./source/kl46z/adc.o
 .debug_ranges  0x0000000000000278       0x18 ./source/kl46z/delay.o
 .debug_ranges  0x0000000000000290       0x28 ./source/kl46z/gpio.o
 .debug_ranges  0x00000000000002b8       0x88 ./source/kl46z/lcd.o
 .debug_ranges  0x0000000000000340       0x68 ./source/kl46z/port.o
 .debug_ranges  0x00000000000003a8       0x68 ./source/main.o
 .debug_ranges  0x0000000000000410       0x10 ./source/semihost_hardfault.o
 .debug_ranges  0x0000000000000420       0x10 ./freertos/portable/fsl_tickless_systick.o
 .debug_ranges  0x0000000000000430      0x1c8 ./drivers/fsl_clock.o
 .debug_ranges  0x00000000000005f8      0x168 ./drivers/fsl_i2c.o
 .debug_ranges  0x0000000000000760      0x108 ./drivers/fsl_lpsci.o
 .debug_ranges  0x0000000000000868      0x120 ./drivers/fsl_uart.o
 .debug_ranges  0x0000000000000988       0x18 ./board/board.o
 .debug_ranges  0x00000000000009a0       0x40 ./board/clock_config.o
 .debug_ranges  0x00000000000009e0       0x88 ./board/peripherals.o
 .debug_ranges  0x0000000000000a68       0x78 ./board/pin_mux.o
 .debug_ranges  0x0000000000000ae0       0x40 ./amazon-freertos/portable/heap_4.o
 .debug_ranges  0x0000000000000b20       0x70 ./amazon-freertos/FreeRTOS/portable/port.o
 .debug_ranges  0x0000000000000b90       0x30 ./amazon-freertos/FreeRTOS/list.o
 .debug_ranges  0x0000000000000bc0      0x120 ./amazon-freertos/FreeRTOS/queue.o
 .debug_ranges  0x0000000000000ce0      0x1e8 ./amazon-freertos/FreeRTOS/tasks.o
 .debug_ranges  0x0000000000000ec8       0xc8 ./amazon-freertos/FreeRTOS/timers.o
 .debug_ranges  0x0000000000000f90       0x20 ./CMSIS/system_MKL46Z4.o

.debug_macro    0x0000000000000000     0xe0dd
 .debug_macro   0x0000000000000000      0x126 ./utilities/fsl_debug_console.o
 .debug_macro   0x0000000000000126      0xa90 ./utilities/fsl_debug_console.o
 .debug_macro   0x0000000000000bb6       0x10 ./utilities/fsl_debug_console.o
 .debug_macro   0x0000000000000bc6       0x16 ./utilities/fsl_debug_console.o
 .debug_macro   0x0000000000000bdc       0x10 ./utilities/fsl_debug_console.o
 .debug_macro   0x0000000000000bec      0x12e ./utilities/fsl_debug_console.o
 .debug_macro   0x0000000000000d1a       0x28 ./utilities/fsl_debug_console.o
 .debug_macro   0x0000000000000d42       0x16 ./utilities/fsl_debug_console.o
 .debug_macro   0x0000000000000d58       0x22 ./utilities/fsl_debug_console.o
 .debug_macro   0x0000000000000d7a      0x5b3 ./utilities/fsl_debug_console.o
 .debug_macro   0x000000000000132d       0x10 ./utilities/fsl_debug_console.o
 .debug_macro   0x000000000000133d       0x3f ./utilities/fsl_debug_console.o
 .debug_macro   0x000000000000137c       0x1c ./utilities/fsl_debug_console.o
 .debug_macro   0x0000000000001398       0x22 ./utilities/fsl_debug_console.o
 .debug_macro   0x00000000000013ba       0xaf ./utilities/fsl_debug_console.o
 .debug_macro   0x0000000000001469      0x37c ./utilities/fsl_debug_console.o
 .debug_macro   0x00000000000017e5       0x38 ./utilities/fsl_debug_console.o
 .debug_macro   0x000000000000181d     0x87f8 ./utilities/fsl_debug_console.o
 .debug_macro   0x000000000000a015     0x121a ./utilities/fsl_debug_console.o
 .debug_macro   0x000000000000b22f       0x52 ./utilities/fsl_debug_console.o
 .debug_macro   0x000000000000b281      0x10a ./utilities/fsl_debug_console.o
 .debug_macro   0x000000000000b38b       0x74 ./utilities/fsl_debug_console.o
 .debug_macro   0x000000000000b3ff       0x1c ./utilities/fsl_debug_console.o
 .debug_macro   0x000000000000b41b       0x50 ./utilities/fsl_debug_console.o
 .debug_macro   0x000000000000b46b      0x123 ./utilities/fsl_io.o
 .debug_macro   0x000000000000b58e       0x1c ./utilities/fsl_io.o
 .debug_macro   0x000000000000b5aa       0x22 ./utilities/fsl_io.o
 .debug_macro   0x000000000000b5cc       0x10 ./utilities/fsl_io.o
 .debug_macro   0x000000000000b5dc       0x10 ./utilities/fsl_io.o
 .debug_macro   0x000000000000b5ec      0x1d7 ./utilities/fsl_log.o
 .debug_macro   0x000000000000b7c3      0x166 ./utilities/fsl_log.o
 .debug_macro   0x000000000000b929      0x15a ./utilities/fsl_log.o
 .debug_macro   0x000000000000ba83       0xac ./utilities/fsl_log.o
 .debug_macro   0x000000000000bb2f       0x10 ./utilities/fsl_log.o
 .debug_macro   0x000000000000bb3f       0x1f ./utilities/fsl_log.o
 .debug_macro   0x000000000000bb5e      0x402 ./utilities/fsl_log.o
 .debug_macro   0x000000000000bf60       0xb5 ./utilities/fsl_log.o
 .debug_macro   0x000000000000c015       0x8c ./utilities/fsl_log.o
 .debug_macro   0x000000000000c0a1       0x86 ./utilities/fsl_log.o
 .debug_macro   0x000000000000c127       0x7e ./utilities/fsl_log.o
 .debug_macro   0x000000000000c1a5      0x117 ./utilities/fsl_str.o
 .debug_macro   0x000000000000c2bc       0xc4 ./utilities/fsl_str.o
 .debug_macro   0x000000000000c380       0x1c ./utilities/fsl_str.o
 .debug_macro   0x000000000000c39c       0x29 ./startup/startup_mkl46z4.o
 .debug_macro   0x000000000000c3c5       0x98 ./source/kl46z/adc.o
 .debug_macro   0x000000000000c45d       0x46 ./source/kl46z/delay.o
 .debug_macro   0x000000000000c4a3       0xa2 ./source/kl46z/gpio.o
 .debug_macro   0x000000000000c545      0x127 ./source/kl46z/lcd.o
 .debug_macro   0x000000000000c66c       0x10 ./source/kl46z/lcd.o
 .debug_macro   0x000000000000c67c       0x98 ./source/kl46z/port.o
 .debug_macro   0x000000000000c714      0x23f ./source/main.o
 .debug_macro   0x000000000000c953       0xd8 ./source/main.o
 .debug_macro   0x000000000000ca2b       0x10 ./source/main.o
 .debug_macro   0x000000000000ca3b       0x10 ./source/main.o
 .debug_macro   0x000000000000ca4b      0x15b ./source/main.o
 .debug_macro   0x000000000000cba6       0x16 ./source/main.o
 .debug_macro   0x000000000000cbbc       0x1c ./source/main.o
 .debug_macro   0x000000000000cbd8       0x58 ./source/main.o
 .debug_macro   0x000000000000cc30      0x1d2 ./source/main.o
 .debug_macro   0x000000000000ce02       0x22 ./source/main.o
 .debug_macro   0x000000000000ce24       0x2f ./source/mtb.o
 .debug_macro   0x000000000000ce53       0x82 ./source/mtb.o
 .debug_macro   0x000000000000ced5       0x10 ./source/mtb.o
 .debug_macro   0x000000000000cee5       0x11 ./source/semihost_hardfault.o
 .debug_macro   0x000000000000cef6       0xbc ./freertos/portable/fsl_tickless_systick.o
 .debug_macro   0x000000000000cfb2       0x16 ./freertos/portable/fsl_tickless_systick.o
 .debug_macro   0x000000000000cfc8       0xb2 ./freertos/portable/fsl_tickless_systick.o
 .debug_macro   0x000000000000d07a      0x1b8 ./drivers/fsl_clock.o
 .debug_macro   0x000000000000d232      0x107 ./drivers/fsl_i2c.o
 .debug_macro   0x000000000000d339       0x16 ./drivers/fsl_i2c.o
 .debug_macro   0x000000000000d34f      0x108 ./drivers/fsl_lpsci.o
 .debug_macro   0x000000000000d457      0x10e ./drivers/fsl_uart.o
 .debug_macro   0x000000000000d565      0x12b ./board/board.o
 .debug_macro   0x000000000000d690       0x16 ./board/board.o
 .debug_macro   0x000000000000d6a6      0x13f ./board/clock_config.o
 .debug_macro   0x000000000000d7e5      0x129 ./board/peripherals.o
 .debug_macro   0x000000000000d90e      0x111 ./board/pin_mux.o
 .debug_macro   0x000000000000da1f       0xdf ./amazon-freertos/portable/heap_4.o
 .debug_macro   0x000000000000dafe       0xce ./amazon-freertos/FreeRTOS/portable/port.o
 .debug_macro   0x000000000000dbcc       0xb8 ./amazon-freertos/FreeRTOS/list.o
 .debug_macro   0x000000000000dc84      0x121 ./amazon-freertos/FreeRTOS/queue.o
 .debug_macro   0x000000000000dda5      0x196 ./amazon-freertos/FreeRTOS/tasks.o
 .debug_macro   0x000000000000df3b       0x10 ./amazon-freertos/FreeRTOS/tasks.o
 .debug_macro   0x000000000000df4b       0xfb ./amazon-freertos/FreeRTOS/timers.o
 .debug_macro   0x000000000000e046       0x97 ./CMSIS/system_MKL46Z4.o

.debug_line     0x0000000000000000     0xd0a9
 .debug_line    0x0000000000000000      0x47a ./utilities/fsl_debug_console.o
 .debug_line    0x000000000000047a      0x51f ./utilities/fsl_io.o
 .debug_line    0x0000000000000999      0x614 ./utilities/fsl_log.o
 .debug_line    0x0000000000000fad      0x9b1 ./utilities/fsl_str.o
 .debug_line    0x000000000000195e      0x1ed ./startup/startup_mkl46z4.o
 .debug_line    0x0000000000001b4b      0x3ef ./source/kl46z/adc.o
 .debug_line    0x0000000000001f3a      0x241 ./source/kl46z/delay.o
 .debug_line    0x000000000000217b      0x392 ./source/kl46z/gpio.o
 .debug_line    0x000000000000250d      0x514 ./source/kl46z/lcd.o
 .debug_line    0x0000000000002a21      0x4dd ./source/kl46z/port.o
 .debug_line    0x0000000000002efe      0x89f ./source/main.o
 .debug_line    0x000000000000379d       0xd5 ./source/mtb.o
 .debug_line    0x0000000000003872       0x59 ./source/semihost_hardfault.o
 .debug_line    0x00000000000038cb      0x346 ./freertos/portable/fsl_tickless_systick.o
 .debug_line    0x0000000000003c11     0x12f6 ./drivers/fsl_clock.o
 .debug_line    0x0000000000004f07     0x13a3 ./drivers/fsl_i2c.o
 .debug_line    0x00000000000062aa      0xdb8 ./drivers/fsl_lpsci.o
 .debug_line    0x0000000000007062      0xdc3 ./drivers/fsl_uart.o
 .debug_line    0x0000000000007e25      0x3a1 ./board/board.o
 .debug_line    0x00000000000081c6      0x3d1 ./board/clock_config.o
 .debug_line    0x0000000000008597      0x486 ./board/peripherals.o
 .debug_line    0x0000000000008a1d      0x5a7 ./board/pin_mux.o
 .debug_line    0x0000000000008fc4      0x588 ./amazon-freertos/portable/heap_4.o
 .debug_line    0x000000000000954c      0x526 ./amazon-freertos/FreeRTOS/portable/port.o
 .debug_line    0x0000000000009a72      0x40f ./amazon-freertos/FreeRTOS/list.o
 .debug_line    0x0000000000009e81      0xfa8 ./amazon-freertos/FreeRTOS/queue.o
 .debug_line    0x000000000000ae29     0x16df ./amazon-freertos/FreeRTOS/tasks.o
 .debug_line    0x000000000000c508      0x84a ./amazon-freertos/FreeRTOS/timers.o
 .debug_line    0x000000000000cd52      0x357 ./CMSIS/system_MKL46Z4.o

.debug_str      0x0000000000000000    0x59d5c
 .debug_str     0x0000000000000000    0x4a57b ./utilities/fsl_debug_console.o
                                      0x4a7ca (size before relaxing)
 .debug_str     0x000000000004a57b      0xb9f ./utilities/fsl_io.o
                                      0x4b172 (size before relaxing)
 .debug_str     0x000000000004b11a     0x47ad ./utilities/fsl_log.o
                                      0x4edc5 (size before relaxing)
 .debug_str     0x000000000004f8c7      0x6c3 ./utilities/fsl_str.o
                                      0x4ac76 (size before relaxing)
 .debug_str     0x000000000004ff8a      0x3a5 ./startup/startup_mkl46z4.o
                                       0x30e1 (size before relaxing)
 .debug_str     0x000000000005032f      0x367 ./source/kl46z/adc.o
                                      0x43012 (size before relaxing)
 .debug_str     0x0000000000050696       0x33 ./source/kl46z/delay.o
                                       0x43c2 (size before relaxing)
 .debug_str     0x00000000000506c9      0x124 ./source/kl46z/gpio.o
                                      0x42da0 (size before relaxing)
 .debug_str     0x00000000000507ed      0x3e3 ./source/kl46z/lcd.o
                                      0x430e6 (size before relaxing)
 .debug_str     0x0000000000050bd0      0x25f ./source/kl46z/port.o
                                      0x43009 (size before relaxing)
 .debug_str     0x0000000000050e2f     0x1601 ./source/main.o
                                      0x503ac (size before relaxing)
 .debug_str     0x0000000000052430      0x532 ./source/mtb.o
                                       0x3208 (size before relaxing)
 .debug_str     0x0000000000052962       0x1f ./source/semihost_hardfault.o
                                       0x2cf5 (size before relaxing)
 .debug_str     0x0000000000052981      0x545 ./freertos/portable/fsl_tickless_systick.o
                                       0x80cd (size before relaxing)
 .debug_str     0x0000000000052ec6     0x1815 ./drivers/fsl_clock.o
                                      0x4c2bf (size before relaxing)
 .debug_str     0x00000000000546db      0xdc6 ./drivers/fsl_i2c.o
                                      0x4ba65 (size before relaxing)
 .debug_str     0x00000000000554a1      0x849 ./drivers/fsl_lpsci.o
                                      0x4b8e8 (size before relaxing)
 .debug_str     0x0000000000055cea      0x777 ./drivers/fsl_uart.o
                                      0x4b905 (size before relaxing)
 .debug_str     0x0000000000056461       0x4c ./board/board.o
                                      0x4ae76 (size before relaxing)
 .debug_str     0x00000000000564ad      0x377 ./board/clock_config.o
                                      0x4b089 (size before relaxing)
 .debug_str     0x0000000000056824      0x198 ./board/peripherals.o
                                      0x4b049 (size before relaxing)
 .debug_str     0x00000000000569bc      0x532 ./board/pin_mux.o
                                      0x4b282 (size before relaxing)
 .debug_str     0x0000000000056eee      0x28e ./amazon-freertos/portable/heap_4.o
                                       0x7e68 (size before relaxing)
 .debug_str     0x000000000005717c      0x1a8 ./amazon-freertos/FreeRTOS/portable/port.o
                                       0x827a (size before relaxing)
 .debug_str     0x0000000000057324      0x12e ./amazon-freertos/FreeRTOS/list.o
                                       0x7783 (size before relaxing)
 .debug_str     0x0000000000057452      0x7fa ./amazon-freertos/FreeRTOS/queue.o
                                       0x8c84 (size before relaxing)
 .debug_str     0x0000000000057c4c     0x1b89 ./amazon-freertos/FreeRTOS/tasks.o
                                       0x9a14 (size before relaxing)
 .debug_str     0x00000000000597d5      0x529 ./amazon-freertos/FreeRTOS/timers.o
                                       0x9193 (size before relaxing)
 .debug_str     0x0000000000059cfe       0x5e ./CMSIS/system_MKL46Z4.o
                                      0x4973d (size before relaxing)

.comment        0x0000000000000000       0x49
 .comment       0x0000000000000000       0x49 ./utilities/fsl_debug_console.o
                                         0x4a (size before relaxing)
 .comment       0x0000000000000049       0x4a ./utilities/fsl_io.o
 .comment       0x0000000000000049       0x4a ./utilities/fsl_log.o
 .comment       0x0000000000000049       0x4a ./utilities/fsl_str.o
 .comment       0x0000000000000049       0x4a ./startup/startup_mkl46z4.o
 .comment       0x0000000000000049       0x4a ./source/kl46z/adc.o
 .comment       0x0000000000000049       0x4a ./source/kl46z/delay.o
 .comment       0x0000000000000049       0x4a ./source/kl46z/gpio.o
 .comment       0x0000000000000049       0x4a ./source/kl46z/lcd.o
 .comment       0x0000000000000049       0x4a ./source/kl46z/port.o
 .comment       0x0000000000000049       0x4a ./source/main.o
 .comment       0x0000000000000049       0x4a ./source/mtb.o
 .comment       0x0000000000000049       0x4a ./source/semihost_hardfault.o
 .comment       0x0000000000000049       0x4a ./freertos/portable/fsl_tickless_systick.o
 .comment       0x0000000000000049       0x4a ./drivers/fsl_clock.o
 .comment       0x0000000000000049       0x4a ./drivers/fsl_i2c.o
 .comment       0x0000000000000049       0x4a ./drivers/fsl_lpsci.o
 .comment       0x0000000000000049       0x4a ./drivers/fsl_uart.o
 .comment       0x0000000000000049       0x4a ./board/board.o
 .comment       0x0000000000000049       0x4a ./board/clock_config.o
 .comment       0x0000000000000049       0x4a ./board/peripherals.o
 .comment       0x0000000000000049       0x4a ./board/pin_mux.o
 .comment       0x0000000000000049       0x4a ./amazon-freertos/portable/heap_4.o
 .comment       0x0000000000000049       0x4a ./amazon-freertos/FreeRTOS/portable/port.o
 .comment       0x0000000000000049       0x4a ./amazon-freertos/FreeRTOS/list.o
 .comment       0x0000000000000049       0x4a ./amazon-freertos/FreeRTOS/queue.o
 .comment       0x0000000000000049       0x4a ./amazon-freertos/FreeRTOS/tasks.o
 .comment       0x0000000000000049       0x4a ./amazon-freertos/FreeRTOS/timers.o
 .comment       0x0000000000000049       0x4a ./CMSIS/system_MKL46Z4.o
 .comment       0x0000000000000049       0x4a /usr/local/mcuxpressoide-11.5.1_7266/ide/plugins/com.nxp.mcuxpresso.tools.linux_11.5.1.202201181444/tools/bin/../lib/gcc/arm-none-eabi/10.3.1/../../../../arm-none-eabi/lib/thumb/v6-m/nofp/libcr_nohost_nf.a(_cr__main.o)
 .comment       0x0000000000000049       0x4a /usr/local/mcuxpressoide-11.5.1_7266/ide/plugins/com.nxp.mcuxpresso.tools.linux_11.5.1.202201181444/tools/bin/../lib/gcc/arm-none-eabi/10.3.1/../../../../arm-none-eabi/lib/thumb/v6-m/nofp/libcr_nohost_nf.a(_cr_assert.o)
 .comment       0x0000000000000049       0x4a /usr/local/mcuxpressoide-11.5.1_7266/ide/plugins/com.nxp.mcuxpresso.tools.linux_11.5.1.202201181444/tools/bin/../lib/gcc/arm-none-eabi/10.3.1/../../../../arm-none-eabi/lib/thumb/v6-m/nofp/libcr_nohost_nf.a(__ciob.o)
 .comment       0x0000000000000049       0x4a /usr/local/mcuxpressoide-11.5.1_7266/ide/plugins/com.nxp.mcuxpresso.tools.linux_11.5.1.202201181444/tools/bin/../lib/gcc/arm-none-eabi/10.3.1/../../../../arm-none-eabi/lib/thumb/v6-m/nofp/libcr_nohost_nf.a(__sys_appexit.o)
 .comment       0x0000000000000049       0x4a /usr/local/mcuxpressoide-11.5.1_7266/ide/plugins/com.nxp.mcuxpresso.tools.linux_11.5.1.202201181444/tools/bin/../lib/gcc/arm-none-eabi/10.3.1/../../../../arm-none-eabi/lib/thumb/v6-m/nofp/libcr_c.a(memcpy.o)
 .comment       0x0000000000000049       0x4a /usr/local/mcuxpressoide-11.5.1_7266/ide/plugins/com.nxp.mcuxpresso.tools.linux_11.5.1.202201181444/tools/bin/../lib/gcc/arm-none-eabi/10.3.1/../../../../arm-none-eabi/lib/thumb/v6-m/nofp/libcr_c.a(memset.o)
 .comment       0x0000000000000049       0x4a /usr/local/mcuxpressoide-11.5.1_7266/ide/plugins/com.nxp.mcuxpresso.tools.linux_11.5.1.202201181444/tools/bin/../lib/gcc/arm-none-eabi/10.3.1/../../../../arm-none-eabi/lib/thumb/v6-m/nofp/libcr_c.a(_deferredlazyseek.o)
 .comment       0x0000000000000049       0x4a /usr/local/mcuxpressoide-11.5.1_7266/ide/plugins/com.nxp.mcuxpresso.tools.linux_11.5.1.202201181444/tools/bin/../lib/gcc/arm-none-eabi/10.3.1/../../../../arm-none-eabi/lib/thumb/v6-m/nofp/libcr_c.a(_fflush.o)
 .comment       0x0000000000000049       0x4a /usr/local/mcuxpressoide-11.5.1_7266/ide/plugins/com.nxp.mcuxpresso.tools.linux_11.5.1.202201181444/tools/bin/../lib/gcc/arm-none-eabi/10.3.1/../../../../arm-none-eabi/lib/thumb/v6-m/nofp/libcr_c.a(_writebuf.o)
 .comment       0x0000000000000049       0x4a /usr/local/mcuxpressoide-11.5.1_7266/ide/plugins/com.nxp.mcuxpresso.tools.linux_11.5.1.202201181444/tools/bin/../lib/gcc/arm-none-eabi/10.3.1/../../../../arm-none-eabi/lib/thumb/v6-m/nofp/libcr_c.a(alloc.o)